Archive member included to satisfy reference by file (symbol)

c:/progra~2/armgnu~1/125863~1.3re/bin/../lib/gcc/arm-none-eabi/12.3.1/thumb/v7e-m+fp/hard\libgcc.a(_aeabi_uldivmod.o)
                              CMakeFiles/stm32.dir/27bb1422366c4e1f39c302a6f1d681b8/Nucleo_STM32F4466/STM32CubeMX/Drivers/STM32F4xx_HAL_Driver/Src/stm32f4xx_hal_rcc.c.obj (__aeabi_uldivmod)
c:/progra~2/armgnu~1/125863~1.3re/bin/../lib/gcc/arm-none-eabi/12.3.1/thumb/v7e-m+fp/hard\libgcc.a(_udivmoddi4.o)
                              c:/progra~2/armgnu~1/125863~1.3re/bin/../lib/gcc/arm-none-eabi/12.3.1/thumb/v7e-m+fp/hard\libgcc.a(_aeabi_uldivmod.o) (__udivmoddi4)
c:/progra~2/armgnu~1/125863~1.3re/bin/../lib/gcc/arm-none-eabi/12.3.1/thumb/v7e-m+fp/hard\libgcc.a(_dvmd_tls.o)
                              c:/progra~2/armgnu~1/125863~1.3re/bin/../lib/gcc/arm-none-eabi/12.3.1/thumb/v7e-m+fp/hard\libgcc.a(_aeabi_uldivmod.o) (__aeabi_ldiv0)
c:/progra~2/armgnu~1/125863~1.3re/bin/../lib/gcc/arm-none-eabi/12.3.1/thumb/v7e-m+fp/hard\libg_nano.a(libc_a-exit.o)
                              c:/progra~2/armgnu~1/125863~1.3re/bin/../lib/gcc/arm-none-eabi/12.3.1/thumb/v7e-m+fp/hard/rdimon-crt0.o (exit)
c:/progra~2/armgnu~1/125863~1.3re/bin/../lib/gcc/arm-none-eabi/12.3.1/thumb/v7e-m+fp/hard\libg_nano.a(libc_a-findfp.o)
                              c:/progra~2/armgnu~1/125863~1.3re/bin/../lib/gcc/arm-none-eabi/12.3.1/thumb/v7e-m+fp/hard\libg_nano.a(libc_a-exit.o) (__stdio_exit_handler)
c:/progra~2/armgnu~1/125863~1.3re/bin/../lib/gcc/arm-none-eabi/12.3.1/thumb/v7e-m+fp/hard\libg_nano.a(libc_a-fwalk.o)
                              c:/progra~2/armgnu~1/125863~1.3re/bin/../lib/gcc/arm-none-eabi/12.3.1/thumb/v7e-m+fp/hard\libg_nano.a(libc_a-findfp.o) (_fwalk_sglue)
c:/progra~2/armgnu~1/125863~1.3re/bin/../lib/gcc/arm-none-eabi/12.3.1/thumb/v7e-m+fp/hard\libg_nano.a(libc_a-stdio.o)
                              c:/progra~2/armgnu~1/125863~1.3re/bin/../lib/gcc/arm-none-eabi/12.3.1/thumb/v7e-m+fp/hard\libg_nano.a(libc_a-findfp.o) (__sread)
c:/progra~2/armgnu~1/125863~1.3re/bin/../lib/gcc/arm-none-eabi/12.3.1/thumb/v7e-m+fp/hard\libg_nano.a(libc_a-memset.o)
                              c:/progra~2/armgnu~1/125863~1.3re/bin/../lib/gcc/arm-none-eabi/12.3.1/thumb/v7e-m+fp/hard/rdimon-crt0.o (memset)
c:/progra~2/armgnu~1/125863~1.3re/bin/../lib/gcc/arm-none-eabi/12.3.1/thumb/v7e-m+fp/hard\libg_nano.a(libc_a-closer.o)
                              c:/progra~2/armgnu~1/125863~1.3re/bin/../lib/gcc/arm-none-eabi/12.3.1/thumb/v7e-m+fp/hard\libg_nano.a(libc_a-stdio.o) (_close_r)
c:/progra~2/armgnu~1/125863~1.3re/bin/../lib/gcc/arm-none-eabi/12.3.1/thumb/v7e-m+fp/hard\libg_nano.a(libc_a-reent.o)
                              c:/progra~2/armgnu~1/125863~1.3re/bin/../lib/gcc/arm-none-eabi/12.3.1/thumb/v7e-m+fp/hard\libg_nano.a(libc_a-closer.o) (errno)
c:/progra~2/armgnu~1/125863~1.3re/bin/../lib/gcc/arm-none-eabi/12.3.1/thumb/v7e-m+fp/hard\libg_nano.a(libc_a-impure.o)
                              c:/progra~2/armgnu~1/125863~1.3re/bin/../lib/gcc/arm-none-eabi/12.3.1/thumb/v7e-m+fp/hard\libg_nano.a(libc_a-reent.o) (_impure_ptr)
c:/progra~2/armgnu~1/125863~1.3re/bin/../lib/gcc/arm-none-eabi/12.3.1/thumb/v7e-m+fp/hard\libg_nano.a(libc_a-lseekr.o)
                              c:/progra~2/armgnu~1/125863~1.3re/bin/../lib/gcc/arm-none-eabi/12.3.1/thumb/v7e-m+fp/hard\libg_nano.a(libc_a-stdio.o) (_lseek_r)
c:/progra~2/armgnu~1/125863~1.3re/bin/../lib/gcc/arm-none-eabi/12.3.1/thumb/v7e-m+fp/hard\libg_nano.a(libc_a-readr.o)
                              c:/progra~2/armgnu~1/125863~1.3re/bin/../lib/gcc/arm-none-eabi/12.3.1/thumb/v7e-m+fp/hard\libg_nano.a(libc_a-stdio.o) (_read_r)
c:/progra~2/armgnu~1/125863~1.3re/bin/../lib/gcc/arm-none-eabi/12.3.1/thumb/v7e-m+fp/hard\libg_nano.a(libc_a-writer.o)
                              c:/progra~2/armgnu~1/125863~1.3re/bin/../lib/gcc/arm-none-eabi/12.3.1/thumb/v7e-m+fp/hard\libg_nano.a(libc_a-stdio.o) (_write_r)
c:/progra~2/armgnu~1/125863~1.3re/bin/../lib/gcc/arm-none-eabi/12.3.1/thumb/v7e-m+fp/hard\libg_nano.a(libc_a-init.o)
                              c:/progra~2/armgnu~1/125863~1.3re/bin/../lib/gcc/arm-none-eabi/12.3.1/thumb/v7e-m+fp/hard/rdimon-crt0.o (__libc_init_array)
c:/progra~2/armgnu~1/125863~1.3re/bin/../lib/gcc/arm-none-eabi/12.3.1/thumb/v7e-m+fp/hard\libg_nano.a(libc_a-lock.o)
                              c:/progra~2/armgnu~1/125863~1.3re/bin/../lib/gcc/arm-none-eabi/12.3.1/thumb/v7e-m+fp/hard\libg_nano.a(libc_a-findfp.o) (__retarget_lock_init_recursive)
c:/progra~2/armgnu~1/125863~1.3re/bin/../lib/gcc/arm-none-eabi/12.3.1/thumb/v7e-m+fp/hard\libg_nano.a(libc_a-freer.o)
                              c:/progra~2/armgnu~1/125863~1.3re/bin/../lib/gcc/arm-none-eabi/12.3.1/thumb/v7e-m+fp/hard\libg_nano.a(libc_a-reent.o) (_free_r)
c:/progra~2/armgnu~1/125863~1.3re/bin/../lib/gcc/arm-none-eabi/12.3.1/thumb/v7e-m+fp/hard\libg_nano.a(libc_a-mallocr.o)
[...]
Memory Configuration

Name             Origin             Length             Attributes
ROM0             0x08000000         0x00080000         xr
RAM0             0x20000000         0x00020000         xrw
*default*        0x00000000         0xffffffff

Linker script and memory map

LOAD c:/progra~2/armgnu~1/125863~1.3re/bin/../lib/gcc/arm-none-eabi/12.3.1/thumb/v7e-m+fp/hard/crti.o
LOAD c:/progra~2/armgnu~1/125863~1.3re/bin/../lib/gcc/arm-none-eabi/12.3.1/thumb/v7e-m+fp/hard/crtbegin.o
LOAD c:/progra~2/armgnu~1/125863~1.3re/bin/../lib/gcc/arm-none-eabi/12.3.1/thumb/v7e-m+fp/hard/rdimon-crt0.o
LOAD CMakeFiles/stm32.dir/27bb1422366c4e1f39c302a6f1d681b8/Nucleo_STM32F4466/STM32CubeMX/Drivers/STM32F4xx_HAL_Driver/Src/stm32f4xx_hal.c.obj
LOAD CMakeFiles/stm32.dir/27bb1422366c4e1f39c302a6f1d681b8/Nucleo_STM32F4466/STM32CubeMX/Drivers/STM32F4xx_HAL_Driver/Src/stm32f4xx_hal_cortex.c.obj
LOAD CMakeFiles/stm32.dir/27bb1422366c4e1f39c302a6f1d681b8/Nucleo_STM32F4466/STM32CubeMX/Drivers/STM32F4xx_HAL_Driver/Src/stm32f4xx_hal_dma.c.obj
LOAD CMakeFiles/stm32.dir/27bb1422366c4e1f39c302a6f1d681b8/Nucleo_STM32F4466/STM32CubeMX/Drivers/STM32F4xx_HAL_Driver/Src/stm32f4xx_hal_dma_ex.c.obj
LOAD CMakeFiles/stm32.dir/27bb1422366c4e1f39c302a6f1d681b8/Nucleo_STM32F4466/STM32CubeMX/Drivers/STM32F4xx_HAL_Driver/Src/stm32f4xx_hal_exti.c.obj
LOAD CMakeFiles/stm32.dir/27bb1422366c4e1f39c302a6f1d681b8/Nucleo_STM32F4466/STM32CubeMX/Drivers/STM32F4xx_HAL_Driver/Src/stm32f4xx_hal_flash.c.obj
LOAD CMakeFiles/stm32.dir/27bb1422366c4e1f39c302a6f1d681b8/Nucleo_STM32F4466/STM32CubeMX/Drivers/STM32F4xx_HAL_Driver/Src/stm32f4xx_hal_flash_ex.c.obj
LOAD CMakeFiles/stm32.dir/831584ff673075a0527cdd1b92a29c60/STM32CubeMX/Drivers/STM32F4xx_HAL_Driver/Src/stm32f4xx_hal_flash_ramfunc.c.obj
LOAD CMakeFiles/stm32.dir/27bb1422366c4e1f39c302a6f1d681b8/Nucleo_STM32F4466/STM32CubeMX/Drivers/STM32F4xx_HAL_Driver/Src/stm32f4xx_hal_gpio.c.obj
LOAD CMakeFiles/stm32.dir/27bb1422366c4e1f39c302a6f1d681b8/Nucleo_STM32F4466/STM32CubeMX/Drivers/STM32F4xx_HAL_Driver/Src/stm32f4xx_hal_pwr.c.obj
LOAD CMakeFiles/stm32.dir/27bb1422366c4e1f39c302a6f1d681b8/Nucleo_STM32F4466/STM32CubeMX/Drivers/STM32F4xx_HAL_Driver/Src/stm32f4xx_hal_pwr_ex.c.obj
LOAD CMakeFiles/stm32.dir/27bb1422366c4e1f39c302a6f1d681b8/Nucleo_STM32F4466/STM32CubeMX/Drivers/STM32F4xx_HAL_Driver/Src/stm32f4xx_hal_rcc.c.obj
LOAD CMakeFiles/stm32.dir/27bb1422366c4e1f39c302a6f1d681b8/Nucleo_STM32F4466/STM32CubeMX/Drivers/STM32F4xx_HAL_Driver/Src/stm32f4xx_hal_rcc_ex.c.obj
LOAD CMakeFiles/stm32.dir/27bb1422366c4e1f39c302a6f1d681b8/Nucleo_STM32F4466/STM32CubeMX/Drivers/STM32F4xx_HAL_Driver/Src/stm32f4xx_hal_tim.c.obj
LOAD CMakeFiles/stm32.dir/27bb1422366c4e1f39c302a6f1d681b8/Nucleo_STM32F4466/STM32CubeMX/Drivers/STM32F4xx_HAL_Driver/Src/stm32f4xx_hal_tim_ex.c.obj
LOAD CMakeFiles/stm32.dir/C_/work/edge_impulse/st/example-csolution-stm32f466re/STM32CubeMX/Nucleo_STM32F4466/STM32CubeMX/Src/main.c.obj
LOAD CMakeFiles/stm32.dir/C_/work/edge_impulse/st/example-csolution-stm32f466re/STM32CubeMX/Nucleo_STM32F4466/STM32CubeMX/Src/stm32f4xx_hal_msp.c.obj
LOAD CMakeFiles/stm32.dir/C_/work/edge_impulse/st/example-csolution-stm32f466re/STM32CubeMX/Nucleo_STM32F4466/STM32CubeMX/Src/stm32f4xx_it.c.obj
LOAD CMakeFiles/stm32.dir/C_/work/edge_impulse/st/example-csolution-stm32f466re/app/src/main.cpp.obj
LOAD c:/progra~2/armgnu~1/125863~1.3re/bin/../lib/gcc/arm-none-eabi/12.3.1/thumb/v7e-m+fp/hard\libstdc++_nano.a
LOAD c:/progra~2/armgnu~1/125863~1.3re/bin/../lib/gcc/arm-none-eabi/12.3.1/thumb/v7e-m+fp/hard\libm.a
START GROUP
LOAD c:/progra~2/armgnu~1/125863~1.3re/bin/../lib/gcc/arm-none-eabi/12.3.1/thumb/v7e-m+fp/hard\libgcc.a
LOAD c:/progra~2/armgnu~1/125863~1.3re/bin/../lib/gcc/arm-none-eabi/12.3.1/thumb/v7e-m+fp/hard\libg_nano.a
LOAD c:/progra~2/armgnu~1/125863~1.3re/bin/../lib/gcc/arm-none-eabi/12.3.1/thumb/v7e-m+fp/hard\libc_nano.a
END GROUP
START GROUP
LOAD c:/progra~2/armgnu~1/125863~1.3re/bin/../lib/gcc/arm-none-eabi/12.3.1/thumb/v7e-m+fp/hard\libgcc.a
LOAD c:/progra~2/armgnu~1/125863~1.3re/bin/../lib/gcc/arm-none-eabi/12.3.1/thumb/v7e-m+fp/hard\libc_nano.a
LOAD c:/progra~2/armgnu~1/125863~1.3re/bin/../lib/gcc/arm-none-eabi/12.3.1/thumb/v7e-m+fp/hard\librdimon_nano.a
END GROUP
START GROUP
LOAD c:/progra~2/armgnu~1/125863~1.3re/bin/../lib/gcc/arm-none-eabi/12.3.1/thumb/v7e-m+fp/hard\libgcc.a
LOAD c:/progra~2/armgnu~1/125863~1.3re/bin/../lib/gcc/arm-none-eabi/12.3.1/thumb/v7e-m+fp/hard\libc_nano.a
LOAD c:/progra~2/armgnu~1/125863~1.3re/bin/../lib/gcc/arm-none-eabi/12.3.1/thumb/v7e-m+fp/hard\librdimon_nano.a
END GROUP
LOAD c:/progra~2/armgnu~1/125863~1.3re/bin/../lib/gcc/arm-none-eabi/12.3.1/thumb/v7e-m+fp/hard/crtend.o
LOAD c:/progra~2/armgnu~1/125863~1.3re/bin/../lib/gcc/arm-none-eabi/12.3.1/thumb/v7e-m+fp/hard/crtn.o

.text           0x08000000       0xd0
 *(.vectors)
 *(.text*)
 .text.deregister_tm_clones
                0x08000000       0x1c c:/progra~2/armgnu~1/125863~1.3re/bin/../lib/gcc/arm-none-eabi/12.3.1/thumb/v7e-m+fp/hard/crtbegin.o
 .text.register_tm_clones
                0x0800001c       0x24 c:/progra~2/armgnu~1/125863~1.3re/bin/../lib/gcc/arm-none-eabi/12.3.1/thumb/v7e-m+fp/hard/crtbegin.o
 .text.__do_global_dtors_aux
                0x08000040       0x28 c:/progra~2/armgnu~1/125863~1.3re/bin/../lib/gcc/arm-none-eabi/12.3.1/thumb/v7e-m+fp/hard/crtbegin.o
 .text.frame_dummy
                0x08000068       0x24 c:/progra~2/armgnu~1/125863~1.3re/bin/../lib/gcc/arm-none-eabi/12.3.1/thumb/v7e-m+fp/hard/crtbegin.o
 *(.init)
 .init          0x0800008c        0x4 c:/progra~2/armgnu~1/125863~1.3re/bin/../lib/gcc/arm-none-eabi/12.3.1/thumb/v7e-m+fp/hard/crti.o
                0x0800008c                _init
 .init          0x08000090        0x8 c:/progra~2/armgnu~1/125863~1.3re/bin/../lib/gcc/arm-none-eabi/12.3.1/thumb/v7e-m+fp/hard/crtn.o
 *(.fini)
 .fini          0x08000098        0x4 c:/progra~2/armgnu~1/125863~1.3re/bin/../lib/gcc/arm-none-eabi/12.3.1/thumb/v7e-m+fp/hard/crti.o
                0x08000098                _fini
 .fini          0x0800009c        0x8 c:/progra~2/armgnu~1/125863~1.3re/bin/../lib/gcc/arm-none-eabi/12.3.1/thumb/v7e-m+fp/hard/crtn.o
 *crtbegin.o(.ctors)
 *crtbegin?.o(.ctors)
 *(EXCLUDE_FILE(*crtend.o *crtend?.o) .ctors)
 *(SORT_BY_NAME(.ctors.*))
 *(.ctors)
 *crtbegin.o(.dtors)
 *crtbegin?.o(.dtors)
 *(EXCLUDE_FILE(*crtend.o *crtend?.o) .dtors)
 *(SORT_BY_NAME(.dtors.*))
 *(.dtors)
 *(.rodata*)
 *(.eh_frame*)
 .eh_frame      0x080000a4        0x0 c:/progra~2/armgnu~1/125863~1.3re/bin/../lib/gcc/arm-none-eabi/12.3.1/thumb/v7e-m+fp/hard/crtbegin.o
 .eh_frame      0x080000a4       0x28 c:/progra~2/armgnu~1/125863~1.3re/bin/../lib/gcc/arm-none-eabi/12.3.1/thumb/v7e-m+fp/hard\libc_nano.a(libc_a-strlen.o)
 .eh_frame      0x080000cc        0x4 c:/progra~2/armgnu~1/125863~1.3re/bin/../lib/gcc/arm-none-eabi/12.3.1/thumb/v7e-m+fp/hard/crtend.o

.glue_7         0x080000d0        0x0
 .glue_7        0x080000d0        0x0 linker stubs

.glue_7t        0x080000d0        0x0
 .glue_7t       0x080000d0        0x0 linker stubs

.vfp11_veneer   0x080000d0        0x0
 .vfp11_veneer  0x080000d0        0x0 linker stubs

.v4_bx          0x080000d0        0x0
 .v4_bx         0x080000d0        0x0 linker stubs

.iplt           0x080000d0        0x0
 .iplt          0x080000d0        0x0 c:/progra~2/armgnu~1/125863~1.3re/bin/../lib/gcc/arm-none-eabi/12.3.1/thumb/v7e-m+fp/hard/crtbegin.o

.rel.dyn        0x080000d0        0x0
 .rel.iplt      0x080000d0        0x0 c:/progra~2/armgnu~1/125863~1.3re/bin/../lib/gcc/arm-none-eabi/12.3.1/thumb/v7e-m+fp/hard/crtbegin.o

.ARM.extab
 *(.ARM.extab* .gnu.linkonce.armextab.*)
                0x080000d0                        __exidx_start = .

.ARM.exidx
 *(.ARM.exidx* .gnu.linkonce.armexidx.*)
                0x080000d0                        __exidx_end = .

.copy.table     0x080000d0        0xc
                0x080000d0                        . = ALIGN (0x4)
                0x080000d0                        __copy_table_start__ = .
                0x080000d0        0x4 LONG 0x80000dc LOADADDR (.data)
                0x080000d4        0x4 LONG 0x20000000 ADDR (.data)
                0x080000d8        0x4 LONG 0x2 (SIZEOF (.data) / 0x4)
                0x080000dc                        __copy_table_end__ = .

.zero.table     0x080000dc        0x0
                0x080000dc                        . = ALIGN (0x4)
                0x080000dc                        __zero_table_start__ = .
                0x080000dc                        __zero_table_end__ = .
                [!provide]                        PROVIDE (__etext = LOADADDR (.data))

.data           0x20000000        0x8 load address 0x080000dc
                0x20000000                        __data_start__ = .
 *(vtable)
 *(.data)
 *(.data.*)
                0x20000000                        . = ALIGN (0x4)
                0x20000000                        PROVIDE (__preinit_array_start = .)
 *(.preinit_array)
                0x20000000                        PROVIDE (__preinit_array_end = .)
                0x20000000                        . = ALIGN (0x4)
                0x20000000                        PROVIDE (__init_array_start = .)
 *(SORT_BY_NAME(.init_array.*))
 *(.init_array)
 .init_array    0x20000000        0x4 c:/progra~2/armgnu~1/125863~1.3re/bin/../lib/gcc/arm-none-eabi/12.3.1/thumb/v7e-m+fp/hard/crtbegin.o
                0x20000004                        PROVIDE (__init_array_end = .)
                0x20000004                        . = ALIGN (0x4)
                [!provide]                        PROVIDE (__fini_array_start = .)
 *(SORT_BY_NAME(.fini_array.*))
 *(.fini_array)
 .fini_array    0x20000004        0x4 c:/progra~2/armgnu~1/125863~1.3re/bin/../lib/gcc/arm-none-eabi/12.3.1/thumb/v7e-m+fp/hard/crtbegin.o
                [!provide]                        PROVIDE (__fini_array_end = .)
 *(.jcr*)
                0x20000008                        . = ALIGN (0x4)
                0x20000008                        __data_end__ = .

.tm_clone_table
                0x20000008        0x0 load address 0x080000e4
 .tm_clone_table
                0x20000008        0x0 c:/progra~2/armgnu~1/125863~1.3re/bin/../lib/gcc/arm-none-eabi/12.3.1/thumb/v7e-m+fp/hard/crtbegin.o
 .tm_clone_table
                0x20000008        0x0 c:/progra~2/armgnu~1/125863~1.3re/bin/../lib/gcc/arm-none-eabi/12.3.1/thumb/v7e-m+fp/hard/crtend.o

.igot.plt       0x20000008        0x0 load address 0x080000e4
 .igot.plt      0x20000008        0x0 c:/progra~2/armgnu~1/125863~1.3re/bin/../lib/gcc/arm-none-eabi/12.3.1/thumb/v7e-m+fp/hard/crtbegin.o

.bss            0x20000008       0x1c
                0x20000008                        . = ALIGN (0x4)
                0x20000008                        __bss_start__ = .
 *(.bss)
 *(.bss.*)
 .bss.completed.1
                0x20000008        0x1 c:/progra~2/armgnu~1/125863~1.3re/bin/../lib/gcc/arm-none-eabi/12.3.1/thumb/v7e-m+fp/hard/crtbegin.o
 *fill*         0x20000009        0x3 
 .bss.object.0  0x2000000c       0x18 c:/progra~2/armgnu~1/125863~1.3re/bin/../lib/gcc/arm-none-eabi/12.3.1/thumb/v7e-m+fp/hard/crtbegin.o
 *(COMMON)
                0x20000024                        . = ALIGN (0x4)
                0x20000024                        __bss_end__ = .

.noinit         0x20000024        0x0
                0x20000024                        . = ALIGN (0x4)
                0x20000024                        __noinit_start = .
 *(.noinit)
 *(.noinit.*)
                0x20000024                        . = ALIGN (0x4)
                0x20000024                        __noinit_end = .

.heap           0x20000024      0xc04
                0x20000028                        . = ALIGN (0x8)
 *fill*         0x20000024        0x4 
                0x20000028                        __end__ = .
                0x20000028                        PROVIDE (end = .)
                0x20000c28                        . = (. + 0xc00)
 *fill*         0x20000028      0xc00 
                0x20000c28                        . = ALIGN (0x8)
                0x20000c28                        __HeapLimit = .

.stack          0x2001fe00      0x200
                0x2001fe00                        . = ALIGN (0x8)
                0x2001fe00                        __StackLimit = .
                0x20020000                        . = (. + 0x200)
 *fill*         0x2001fe00      0x200 
                0x20020000                        . = ALIGN (0x8)
                0x20020000                        __StackTop = .
                0x20020000                        PROVIDE (__stack = __StackTop)
                0x00000001                        ASSERT ((__StackLimit >= __HeapLimit), region RAM overflowed with stack)
OUTPUT(C:\work\edge_impulse\st\example-csolution-stm32f466re\build\Nucleo_STM32F4466\GCC\Debug\stm32\outdir\stm32.elf elf32-littlearm)
LOAD linker stubs

.ARM.attributes
                0x00000000       0x30
 .ARM.attributes
                0x00000000       0x22 c:/progra~2/armgnu~1/125863~1.3re/bin/../lib/gcc/arm-none-eabi/12.3.1/thumb/v7e-m+fp/hard/crti.o
 .ARM.attributes
                0x00000022       0x34 c:/progra~2/armgnu~1/125863~1.3re/bin/../lib/gcc/arm-none-eabi/12.3.1/thumb/v7e-m+fp/hard/crtbegin.o
 .ARM.attributes
                0x00000056       0x17 c:/progra~2/armgnu~1/125863~1.3re/bin/../lib/gcc/arm-none-eabi/12.3.1/thumb/v7e-m+fp/hard\libc_nano.a(libc_a-strlen.o)
 .ARM.attributes
                0x0000006d       0x34 c:/progra~2/armgnu~1/125863~1.3re/bin/../lib/gcc/arm-none-eabi/12.3.1/thumb/v7e-m+fp/hard/crtend.o
 .ARM.attributes
                0x000000a1       0x22 c:/progra~2/armgnu~1/125863~1.3re/bin/../lib/gcc/arm-none-eabi/12.3.1/thumb/v7e-m+fp/hard/crtn.o

.debug_line_str
                0x00000000       0xeb
 .debug_line_str
                0x00000000       0xeb c:/progra~2/armgnu~1/125863~1.3re/bin/../lib/gcc/arm-none-eabi/12.3.1/thumb/v7e-m+fp/hard\libc_nano.a(libc_a-strlen.o)

Cross Reference Table

Symbol                                            File
AHBPrescTable                                     CMakeFiles/stm32.dir/27bb1422366c4e1f39c302a6f1d681b8/Nucleo_STM32F4466/STM32CubeMX/Drivers/STM32F4xx_HAL_Driver/Src/stm32f4xx_hal_rcc.c.obj
APBPrescTable                                     CMakeFiles/stm32.dir/27bb1422366c4e1f39c302a6f1d681b8/Nucleo_STM32F4466/STM32CubeMX/Drivers/STM32F4xx_HAL_Driver/Src/stm32f4xx_hal_rcc.c.obj
BusFault_Handler                                  CMakeFiles/stm32.dir/C_/work/edge_impulse/st/example-csolution-stm32f466re/STM32CubeMX/Nucleo_STM32F4466/STM32CubeMX/Src/stm32f4xx_it.c.obj
DebugMon_Handler                                  CMakeFiles/stm32.dir/C_/work/edge_impulse/st/example-csolution-stm32f466re/STM32CubeMX/Nucleo_STM32F4466/STM32CubeMX/Src/stm32f4xx_it.c.obj
Error_Handler                                     CMakeFiles/stm32.dir/C_/work/edge_impulse/st/example-csolution-stm32f466re/STM32CubeMX/Nucleo_STM32F4466/STM32CubeMX/Src/main.c.obj
FLASH_Erase_Sector                                CMakeFiles/stm32.dir/27bb1422366c4e1f39c302a6f1d681b8/Nucleo_STM32F4466/STM32CubeMX/Drivers/STM32F4xx_HAL_Driver/Src/stm32f4xx_hal_flash_ex.c.obj
                                                  CMakeFiles/stm32.dir/27bb1422366c4e1f39c302a6f1d681b8/Nucleo_STM32F4466/STM32CubeMX/Drivers/STM32F4xx_HAL_Driver/Src/stm32f4xx_hal_flash.c.obj
FLASH_FlushCaches                                 CMakeFiles/stm32.dir/27bb1422366c4e1f39c302a6f1d681b8/Nucleo_STM32F4466/STM32CubeMX/Drivers/STM32F4xx_HAL_Driver/Src/stm32f4xx_hal_flash_ex.c.obj
                                                  CMakeFiles/stm32.dir/27bb1422366c4e1f39c302a6f1d681b8/Nucleo_STM32F4466/STM32CubeMX/Drivers/STM32F4xx_HAL_Driver/Src/stm32f4xx_hal_flash.c.obj
FLASH_WaitForLastOperation                        CMakeFiles/stm32.dir/27bb1422366c4e1f39c302a6f1d681b8/Nucleo_STM32F4466/STM32CubeMX/Drivers/STM32F4xx_HAL_Driver/Src/stm32f4xx_hal_flash.c.obj
                                                  CMakeFiles/stm32.dir/27bb1422366c4e1f39c302a6f1d681b8/Nucleo_STM32F4466/STM32CubeMX/Drivers/STM32F4xx_HAL_Driver/Src/stm32f4xx_hal_flash_ex.c.obj
HAL_CORTEX_ClearEvent                             CMakeFiles/stm32.dir/27bb1422366c4e1f39c302a6f1d681b8/Nucleo_STM32F4466/STM32CubeMX/Drivers/STM32F4xx_HAL_Driver/Src/stm32f4xx_hal_cortex.c.obj
HAL_DBGMCU_DisableDBGSleepMode                    CMakeFiles/stm32.dir/27bb1422366c4e1f39c302a6f1d681b8/Nucleo_STM32F4466/STM32CubeMX/Drivers/STM32F4xx_HAL_Driver/Src/stm32f4xx_hal.c.obj
HAL_DBGMCU_DisableDBGStandbyMode                  CMakeFiles/stm32.dir/27bb1422366c4e1f39c302a6f1d681b8/Nucleo_STM32F4466/STM32CubeMX/Drivers/STM32F4xx_HAL_Driver/Src/stm32f4xx_hal.c.obj
HAL_DBGMCU_DisableDBGStopMode                     CMakeFiles/stm32.dir/27bb1422366c4e1f39c302a6f1d681b8/Nucleo_STM32F4466/STM32CubeMX/Drivers/STM32F4xx_HAL_Driver/Src/stm32f4xx_hal.c.obj
HAL_DBGMCU_EnableDBGSleepMode                     CMakeFiles/stm32.dir/27bb1422366c4e1f39c302a6f1d681b8/Nucleo_STM32F4466/STM32CubeMX/Drivers/STM32F4xx_HAL_Driver/Src/stm32f4xx_hal.c.obj
HAL_DBGMCU_EnableDBGStandbyMode                   CMakeFiles/stm32.dir/27bb1422366c4e1f39c302a6f1d681b8/Nucleo_STM32F4466/STM32CubeMX/Drivers/STM32F4xx_HAL_Driver/Src/stm32f4xx_hal.c.obj
HAL_DBGMCU_EnableDBGStopMode                      CMakeFiles/stm32.dir/27bb1422366c4e1f39c302a6f1d681b8/Nucleo_STM32F4466/STM32CubeMX/Drivers/STM32F4xx_HAL_Driver/Src/stm32f4xx_hal.c.obj
HAL_DMAEx_ChangeMemory                            CMakeFiles/stm32.dir/27bb1422366c4e1f39c302a6f1d681b8/Nucleo_STM32F4466/STM32CubeMX/Drivers/STM32F4xx_HAL_Driver/Src/stm32f4xx_hal_dma_ex.c.obj
HAL_DMAEx_MultiBufferStart                        CMakeFiles/stm32.dir/27bb1422366c4e1f39c302a6f1d681b8/Nucleo_STM32F4466/STM32CubeMX/Drivers/STM32F4xx_HAL_Driver/Src/stm32f4xx_hal_dma_ex.c.obj
HAL_DMAEx_MultiBufferStart_IT                     CMakeFiles/stm32.dir/27bb1422366c4e1f39c302a6f1d681b8/Nucleo_STM32F4466/STM32CubeMX/Drivers/STM32F4xx_HAL_Driver/Src/stm32f4xx_hal_dma_ex.c.obj
HAL_DMA_Abort                                     CMakeFiles/stm32.dir/27bb1422366c4e1f39c302a6f1d681b8/Nucleo_STM32F4466/STM32CubeMX/Drivers/STM32F4xx_HAL_Driver/Src/stm32f4xx_hal_dma.c.obj
HAL_DMA_Abort_IT                                  CMakeFiles/stm32.dir/27bb1422366c4e1f39c302a6f1d681b8/Nucleo_STM32F4466/STM32CubeMX/Drivers/STM32F4xx_HAL_Driver/Src/stm32f4xx_hal_dma.c.obj
HAL_DMA_DeInit                                    CMakeFiles/stm32.dir/27bb1422366c4e1f39c302a6f1d681b8/Nucleo_STM32F4466/STM32CubeMX/Drivers/STM32F4xx_HAL_Driver/Src/stm32f4xx_hal_dma.c.obj
HAL_DMA_GetError                                  CMakeFiles/stm32.dir/27bb1422366c4e1f39c302a6f1d681b8/Nucleo_STM32F4466/STM32CubeMX/Drivers/STM32F4xx_HAL_Driver/Src/stm32f4xx_hal_dma.c.obj
HAL_DMA_GetState                                  CMakeFiles/stm32.dir/27bb1422366c4e1f39c302a6f1d681b8/Nucleo_STM32F4466/STM32CubeMX/Drivers/STM32F4xx_HAL_Driver/Src/stm32f4xx_hal_dma.c.obj
HAL_DMA_IRQHandler                                CMakeFiles/stm32.dir/27bb1422366c4e1f39c302a6f1d681b8/Nucleo_STM32F4466/STM32CubeMX/Drivers/STM32F4xx_HAL_Driver/Src/stm32f4xx_hal_dma.c.obj
HAL_DMA_Init                                      CMakeFiles/stm32.dir/27bb1422366c4e1f39c302a6f1d681b8/Nucleo_STM32F4466/STM32CubeMX/Drivers/STM32F4xx_HAL_Driver/Src/stm32f4xx_hal_dma.c.obj
HAL_DMA_PollForTransfer                           CMakeFiles/stm32.dir/27bb1422366c4e1f39c302a6f1d681b8/Nucleo_STM32F4466/STM32CubeMX/Drivers/STM32F4xx_HAL_Driver/Src/stm32f4xx_hal_dma.c.obj
HAL_DMA_RegisterCallback                          CMakeFiles/stm32.dir/27bb1422366c4e1f39c302a6f1d681b8/Nucleo_STM32F4466/STM32CubeMX/Drivers/STM32F4xx_HAL_Driver/Src/stm32f4xx_hal_dma.c.obj
HAL_DMA_Start                                     CMakeFiles/stm32.dir/27bb1422366c4e1f39c302a6f1d681b8/Nucleo_STM32F4466/STM32CubeMX/Drivers/STM32F4xx_HAL_Driver/Src/stm32f4xx_hal_dma.c.obj
HAL_DMA_Start_IT                                  CMakeFiles/stm32.dir/27bb1422366c4e1f39c302a6f1d681b8/Nucleo_STM32F4466/STM32CubeMX/Drivers/STM32F4xx_HAL_Driver/Src/stm32f4xx_hal_dma.c.obj
HAL_DMA_UnRegisterCallback                        CMakeFiles/stm32.dir/27bb1422366c4e1f39c302a6f1d681b8/Nucleo_STM32F4466/STM32CubeMX/Drivers/STM32F4xx_HAL_Driver/Src/stm32f4xx_hal_dma.c.obj
HAL_DeInit                                        CMakeFiles/stm32.dir/27bb1422366c4e1f39c302a6f1d681b8/Nucleo_STM32F4466/STM32CubeMX/Drivers/STM32F4xx_HAL_Driver/Src/stm32f4xx_hal.c.obj
HAL_Delay                                         CMakeFiles/stm32.dir/27bb1422366c4e1f39c302a6f1d681b8/Nucleo_STM32F4466/STM32CubeMX/Drivers/STM32F4xx_HAL_Driver/Src/stm32f4xx_hal.c.obj
HAL_DisableCompensationCell                       CMakeFiles/stm32.dir/27bb1422366c4e1f39c302a6f1d681b8/Nucleo_STM32F4466/STM32CubeMX/Drivers/STM32F4xx_HAL_Driver/Src/stm32f4xx_hal.c.obj
HAL_EXTI_ClearConfigLine                          CMakeFiles/stm32.dir/27bb1422366c4e1f39c302a6f1d681b8/Nucleo_STM32F4466/STM32CubeMX/Drivers/STM32F4xx_HAL_Driver/Src/stm32f4xx_hal_exti.c.obj
HAL_EXTI_ClearPending                             CMakeFiles/stm32.dir/27bb1422366c4e1f39c302a6f1d681b8/Nucleo_STM32F4466/STM32CubeMX/Drivers/STM32F4xx_HAL_Driver/Src/stm32f4xx_hal_exti.c.obj
HAL_EXTI_GenerateSWI                              CMakeFiles/stm32.dir/27bb1422366c4e1f39c302a6f1d681b8/Nucleo_STM32F4466/STM32CubeMX/Drivers/STM32F4xx_HAL_Driver/Src/stm32f4xx_hal_exti.c.obj
HAL_EXTI_GetConfigLine                            CMakeFiles/stm32.dir/27bb1422366c4e1f39c302a6f1d681b8/Nucleo_STM32F4466/STM32CubeMX/Drivers/STM32F4xx_HAL_Driver/Src/stm32f4xx_hal_exti.c.obj
HAL_EXTI_GetHandle                                CMakeFiles/stm32.dir/27bb1422366c4e1f39c302a6f1d681b8/Nucleo_STM32F4466/STM32CubeMX/Drivers/STM32F4xx_HAL_Driver/Src/stm32f4xx_hal_exti.c.obj
HAL_EXTI_GetPending                               CMakeFiles/stm32.dir/27bb1422366c4e1f39c302a6f1d681b8/Nucleo_STM32F4466/STM32CubeMX/Drivers/STM32F4xx_HAL_Driver/Src/stm32f4xx_hal_exti.c.obj
HAL_EXTI_IRQHandler                               CMakeFiles/stm32.dir/27bb1422366c4e1f39c302a6f1d681b8/Nucleo_STM32F4466/STM32CubeMX/Drivers/STM32F4xx_HAL_Driver/Src/stm32f4xx_hal_exti.c.obj
HAL_EXTI_RegisterCallback                         CMakeFiles/stm32.dir/27bb1422366c4e1f39c302a6f1d681b8/Nucleo_STM32F4466/STM32CubeMX/Drivers/STM32F4xx_HAL_Driver/Src/stm32f4xx_hal_exti.c.obj
HAL_EXTI_SetConfigLine                            CMakeFiles/stm32.dir/27bb1422366c4e1f39c302a6f1d681b8/Nucleo_STM32F4466/STM32CubeMX/Drivers/STM32F4xx_HAL_Driver/Src/stm32f4xx_hal_exti.c.obj
HAL_EnableCompensationCell                        CMakeFiles/stm32.dir/27bb1422366c4e1f39c302a6f1d681b8/Nucleo_STM32F4466/STM32CubeMX/Drivers/STM32F4xx_HAL_Driver/Src/stm32f4xx_hal.c.obj
HAL_FLASHEx_AdvOBGetConfig                        CMakeFiles/stm32.dir/27bb1422366c4e1f39c302a6f1d681b8/Nucleo_STM32F4466/STM32CubeMX/Drivers/STM32F4xx_HAL_Driver/Src/stm32f4xx_hal_flash_ex.c.obj
HAL_FLASHEx_AdvOBProgram                          CMakeFiles/stm32.dir/27bb1422366c4e1f39c302a6f1d681b8/Nucleo_STM32F4466/STM32CubeMX/Drivers/STM32F4xx_HAL_Driver/Src/stm32f4xx_hal_flash_ex.c.obj
HAL_FLASHEx_DisableFlashSleepMode                 CMakeFiles/stm32.dir/831584ff673075a0527cdd1b92a29c60/STM32CubeMX/Drivers/STM32F4xx_HAL_Driver/Src/stm32f4xx_hal_flash_ramfunc.c.obj
HAL_FLASHEx_EnableFlashSleepMode                  CMakeFiles/stm32.dir/831584ff673075a0527cdd1b92a29c60/STM32CubeMX/Drivers/STM32F4xx_HAL_Driver/Src/stm32f4xx_hal_flash_ramfunc.c.obj
HAL_FLASHEx_Erase                                 CMakeFiles/stm32.dir/27bb1422366c4e1f39c302a6f1d681b8/Nucleo_STM32F4466/STM32CubeMX/Drivers/STM32F4xx_HAL_Driver/Src/stm32f4xx_hal_flash_ex.c.obj
HAL_FLASHEx_Erase_IT                              CMakeFiles/stm32.dir/27bb1422366c4e1f39c302a6f1d681b8/Nucleo_STM32F4466/STM32CubeMX/Drivers/STM32F4xx_HAL_Driver/Src/stm32f4xx_hal_flash_ex.c.obj
HAL_FLASHEx_OBGetConfig                           CMakeFiles/stm32.dir/27bb1422366c4e1f39c302a6f1d681b8/Nucleo_STM32F4466/STM32CubeMX/Drivers/STM32F4xx_HAL_Driver/Src/stm32f4xx_hal_flash_ex.c.obj
HAL_FLASHEx_OBProgram                             CMakeFiles/stm32.dir/27bb1422366c4e1f39c302a6f1d681b8/Nucleo_STM32F4466/STM32CubeMX/Drivers/STM32F4xx_HAL_Driver/Src/stm32f4xx_hal_flash_ex.c.obj
HAL_FLASHEx_OB_DeSelectPCROP                      CMakeFiles/stm32.dir/27bb1422366c4e1f39c302a6f1d681b8/Nucleo_STM32F4466/STM32CubeMX/Drivers/STM32F4xx_HAL_Driver/Src/stm32f4xx_hal_flash_ex.c.obj
HAL_FLASHEx_OB_SelectPCROP                        CMakeFiles/stm32.dir/27bb1422366c4e1f39c302a6f1d681b8/Nucleo_STM32F4466/STM32CubeMX/Drivers/STM32F4xx_HAL_Driver/Src/stm32f4xx_hal_flash_ex.c.obj
HAL_FLASHEx_StartFlashInterfaceClk                CMakeFiles/stm32.dir/831584ff673075a0527cdd1b92a29c60/STM32CubeMX/Drivers/STM32F4xx_HAL_Driver/Src/stm32f4xx_hal_flash_ramfunc.c.obj
HAL_FLASHEx_StopFlashInterfaceClk                 CMakeFiles/stm32.dir/831584ff673075a0527cdd1b92a29c60/STM32CubeMX/Drivers/STM32F4xx_HAL_Driver/Src/stm32f4xx_hal_flash_ramfunc.c.obj
HAL_FLASH_EndOfOperationCallback                  CMakeFiles/stm32.dir/27bb1422366c4e1f39c302a6f1d681b8/Nucleo_STM32F4466/STM32CubeMX/Drivers/STM32F4xx_HAL_Driver/Src/stm32f4xx_hal_flash.c.obj
HAL_FLASH_GetError                                CMakeFiles/stm32.dir/27bb1422366c4e1f39c302a6f1d681b8/Nucleo_STM32F4466/STM32CubeMX/Drivers/STM32F4xx_HAL_Driver/Src/stm32f4xx_hal_flash.c.obj
HAL_FLASH_IRQHandler                              CMakeFiles/stm32.dir/27bb1422366c4e1f39c302a6f1d681b8/Nucleo_STM32F4466/STM32CubeMX/Drivers/STM32F4xx_HAL_Driver/Src/stm32f4xx_hal_flash.c.obj
HAL_FLASH_Lock                                    CMakeFiles/stm32.dir/27bb1422366c4e1f39c302a6f1d681b8/Nucleo_STM32F4466/STM32CubeMX/Drivers/STM32F4xx_HAL_Driver/Src/stm32f4xx_hal_flash.c.obj
HAL_FLASH_OB_Launch                               CMakeFiles/stm32.dir/27bb1422366c4e1f39c302a6f1d681b8/Nucleo_STM32F4466/STM32CubeMX/Drivers/STM32F4xx_HAL_Driver/Src/stm32f4xx_hal_flash.c.obj
HAL_FLASH_OB_Lock                                 CMakeFiles/stm32.dir/27bb1422366c4e1f39c302a6f1d681b8/Nucleo_STM32F4466/STM32CubeMX/Drivers/STM32F4xx_HAL_Driver/Src/stm32f4xx_hal_flash.c.obj
HAL_FLASH_OB_Unlock                               CMakeFiles/stm32.dir/27bb1422366c4e1f39c302a6f1d681b8/Nucleo_STM32F4466/STM32CubeMX/Drivers/STM32F4xx_HAL_Driver/Src/stm32f4xx_hal_flash.c.obj
HAL_FLASH_OperationErrorCallback                  CMakeFiles/stm32.dir/27bb1422366c4e1f39c302a6f1d681b8/Nucleo_STM32F4466/STM32CubeMX/Drivers/STM32F4xx_HAL_Driver/Src/stm32f4xx_hal_flash.c.obj
HAL_FLASH_Program                                 CMakeFiles/stm32.dir/27bb1422366c4e1f39c302a6f1d681b8/Nucleo_STM32F4466/STM32CubeMX/Drivers/STM32F4xx_HAL_Driver/Src/stm32f4xx_hal_flash.c.obj
HAL_FLASH_Program_IT                              CMakeFiles/stm32.dir/27bb1422366c4e1f39c302a6f1d681b8/Nucleo_STM32F4466/STM32CubeMX/Drivers/STM32F4xx_HAL_Driver/Src/stm32f4xx_hal_flash.c.obj
HAL_FLASH_Unlock                                  CMakeFiles/stm32.dir/27bb1422366c4e1f39c302a6f1d681b8/Nucleo_STM32F4466/STM32CubeMX/Drivers/STM32F4xx_HAL_Driver/Src/stm32f4xx_hal_flash.c.obj
HAL_GPIO_DeInit                                   CMakeFiles/stm32.dir/27bb1422366c4e1f39c302a6f1d681b8/Nucleo_STM32F4466/STM32CubeMX/Drivers/STM32F4xx_HAL_Driver/Src/stm32f4xx_hal_gpio.c.obj
HAL_GPIO_EXTI_Callback                            CMakeFiles/stm32.dir/27bb1422366c4e1f39c302a6f1d681b8/Nucleo_STM32F4466/STM32CubeMX/Drivers/STM32F4xx_HAL_Driver/Src/stm32f4xx_hal_gpio.c.obj
HAL_GPIO_EXTI_IRQHandler                          CMakeFiles/stm32.dir/27bb1422366c4e1f39c302a6f1d681b8/Nucleo_STM32F4466/STM32CubeMX/Drivers/STM32F4xx_HAL_Driver/Src/stm32f4xx_hal_gpio.c.obj
HAL_GPIO_Init                                     CMakeFiles/stm32.dir/27bb1422366c4e1f39c302a6f1d681b8/Nucleo_STM32F4466/STM32CubeMX/Drivers/STM32F4xx_HAL_Driver/Src/stm32f4xx_hal_gpio.c.obj
                                                  CMakeFiles/stm32.dir/27bb1422366c4e1f39c302a6f1d681b8/Nucleo_STM32F4466/STM32CubeMX/Drivers/STM32F4xx_HAL_Driver/Src/stm32f4xx_hal_rcc.c.obj
HAL_GPIO_LockPin                                  CMakeFiles/stm32.dir/27bb1422366c4e1f39c302a6f1d681b8/Nucleo_STM32F4466/STM32CubeMX/Drivers/STM32F4xx_HAL_Driver/Src/stm32f4xx_hal_gpio.c.obj
HAL_GPIO_ReadPin                                  CMakeFiles/stm32.dir/27bb1422366c4e1f39c302a6f1d681b8/Nucleo_STM32F4466/STM32CubeMX/Drivers/STM32F4xx_HAL_Driver/Src/stm32f4xx_hal_gpio.c.obj
HAL_GPIO_TogglePin                                CMakeFiles/stm32.dir/27bb1422366c4e1f39c302a6f1d681b8/Nucleo_STM32F4466/STM32CubeMX/Drivers/STM32F4xx_HAL_Driver/Src/stm32f4xx_hal_gpio.c.obj
HAL_GPIO_WritePin                                 CMakeFiles/stm32.dir/27bb1422366c4e1f39c302a6f1d681b8/Nucleo_STM32F4466/STM32CubeMX/Drivers/STM32F4xx_HAL_Driver/Src/stm32f4xx_hal_gpio.c.obj
HAL_GetDEVID                                      CMakeFiles/stm32.dir/27bb1422366c4e1f39c302a6f1d681b8/Nucleo_STM32F4466/STM32CubeMX/Drivers/STM32F4xx_HAL_Driver/Src/stm32f4xx_hal.c.obj
HAL_GetHalVersion                                 CMakeFiles/stm32.dir/27bb1422366c4e1f39c302a6f1d681b8/Nucleo_STM32F4466/STM32CubeMX/Drivers/STM32F4xx_HAL_Driver/Src/stm32f4xx_hal.c.obj
HAL_GetREVID                                      CMakeFiles/stm32.dir/27bb1422366c4e1f39c302a6f1d681b8/Nucleo_STM32F4466/STM32CubeMX/Drivers/STM32F4xx_HAL_Driver/Src/stm32f4xx_hal.c.obj
HAL_GetTick                                       CMakeFiles/stm32.dir/27bb1422366c4e1f39c302a6f1d681b8/Nucleo_STM32F4466/STM32CubeMX/Drivers/STM32F4xx_HAL_Driver/Src/stm32f4xx_hal.c.obj
                                                  CMakeFiles/stm32.dir/27bb1422366c4e1f39c302a6f1d681b8/Nucleo_STM32F4466/STM32CubeMX/Drivers/STM32F4xx_HAL_Driver/Src/stm32f4xx_hal_rcc_ex.c.obj
                                                  CMakeFiles/stm32.dir/27bb1422366c4e1f39c302a6f1d681b8/Nucleo_STM32F4466/STM32CubeMX/Drivers/STM32F4xx_HAL_Driver/Src/stm32f4xx_hal_rcc.c.obj
                                                  CMakeFiles/stm32.dir/27bb1422366c4e1f39c302a6f1d681b8/Nucleo_STM32F4466/STM32CubeMX/Drivers/STM32F4xx_HAL_Driver/Src/stm32f4xx_hal_pwr_ex.c.obj
                                                  CMakeFiles/stm32.dir/27bb1422366c4e1f39c302a6f1d681b8/Nucleo_STM32F4466/STM32CubeMX/Drivers/STM32F4xx_HAL_Driver/Src/stm32f4xx_hal_flash.c.obj
                                                  CMakeFiles/stm32.dir/27bb1422366c4e1f39c302a6f1d681b8/Nucleo_STM32F4466/STM32CubeMX/Drivers/STM32F4xx_HAL_Driver/Src/stm32f4xx_hal_dma.c.obj
HAL_GetTickFreq                                   CMakeFiles/stm32.dir/27bb1422366c4e1f39c302a6f1d681b8/Nucleo_STM32F4466/STM32CubeMX/Drivers/STM32F4xx_HAL_Driver/Src/stm32f4xx_hal.c.obj
HAL_GetTickPrio                                   CMakeFiles/stm32.dir/27bb1422366c4e1f39c302a6f1d681b8/Nucleo_STM32F4466/STM32CubeMX/Drivers/STM32F4xx_HAL_Driver/Src/stm32f4xx_hal.c.obj
HAL_GetUIDw0                                      CMakeFiles/stm32.dir/27bb1422366c4e1f39c302a6f1d681b8/Nucleo_STM32F4466/STM32CubeMX/Drivers/STM32F4xx_HAL_Driver/Src/stm32f4xx_hal.c.obj
HAL_GetUIDw1                                      CMakeFiles/stm32.dir/27bb1422366c4e1f39c302a6f1d681b8/Nucleo_STM32F4466/STM32CubeMX/Drivers/STM32F4xx_HAL_Driver/Src/stm32f4xx_hal.c.obj
HAL_GetUIDw2                                      CMakeFiles/stm32.dir/27bb1422366c4e1f39c302a6f1d681b8/Nucleo_STM32F4466/STM32CubeMX/Drivers/STM32F4xx_HAL_Driver/Src/stm32f4xx_hal.c.obj
HAL_IncTick                                       CMakeFiles/stm32.dir/27bb1422366c4e1f39c302a6f1d681b8/Nucleo_STM32F4466/STM32CubeMX/Drivers/STM32F4xx_HAL_Driver/Src/stm32f4xx_hal.c.obj
                                                  CMakeFiles/stm32.dir/C_/work/edge_impulse/st/example-csolution-stm32f466re/STM32CubeMX/Nucleo_STM32F4466/STM32CubeMX/Src/stm32f4xx_it.c.obj
HAL_Init                                          CMakeFiles/stm32.dir/27bb1422366c4e1f39c302a6f1d681b8/Nucleo_STM32F4466/STM32CubeMX/Drivers/STM32F4xx_HAL_Driver/Src/stm32f4xx_hal.c.obj
                                                  CMakeFiles/stm32.dir/C_/work/edge_impulse/st/example-csolution-stm32f466re/STM32CubeMX/Nucleo_STM32F4466/STM32CubeMX/Src/main.c.obj
HAL_InitTick                                      CMakeFiles/stm32.dir/27bb1422366c4e1f39c302a6f1d681b8/Nucleo_STM32F4466/STM32CubeMX/Drivers/STM32F4xx_HAL_Driver/Src/stm32f4xx_hal.c.obj
                                                  CMakeFiles/stm32.dir/27bb1422366c4e1f39c302a6f1d681b8/Nucleo_STM32F4466/STM32CubeMX/Drivers/STM32F4xx_HAL_Driver/Src/stm32f4xx_hal_rcc_ex.c.obj
                                                  CMakeFiles/stm32.dir/27bb1422366c4e1f39c302a6f1d681b8/Nucleo_STM32F4466/STM32CubeMX/Drivers/STM32F4xx_HAL_Driver/Src/stm32f4xx_hal_rcc.c.obj
HAL_MPU_ConfigRegion                              CMakeFiles/stm32.dir/27bb1422366c4e1f39c302a6f1d681b8/Nucleo_STM32F4466/STM32CubeMX/Drivers/STM32F4xx_HAL_Driver/Src/stm32f4xx_hal_cortex.c.obj
HAL_MPU_Disable                                   CMakeFiles/stm32.dir/27bb1422366c4e1f39c302a6f1d681b8/Nucleo_STM32F4466/STM32CubeMX/Drivers/STM32F4xx_HAL_Driver/Src/stm32f4xx_hal_cortex.c.obj
HAL_MPU_DisableRegion                             CMakeFiles/stm32.dir/27bb1422366c4e1f39c302a6f1d681b8/Nucleo_STM32F4466/STM32CubeMX/Drivers/STM32F4xx_HAL_Driver/Src/stm32f4xx_hal_cortex.c.obj
HAL_MPU_Enable                                    CMakeFiles/stm32.dir/27bb1422366c4e1f39c302a6f1d681b8/Nucleo_STM32F4466/STM32CubeMX/Drivers/STM32F4xx_HAL_Driver/Src/stm32f4xx_hal_cortex.c.obj
HAL_MPU_EnableRegion                              CMakeFiles/stm32.dir/27bb1422366c4e1f39c302a6f1d681b8/Nucleo_STM32F4466/STM32CubeMX/Drivers/STM32F4xx_HAL_Driver/Src/stm32f4xx_hal_cortex.c.obj
HAL_MspDeInit                                     CMakeFiles/stm32.dir/27bb1422366c4e1f39c302a6f1d681b8/Nucleo_STM32F4466/STM32CubeMX/Drivers/STM32F4xx_HAL_Driver/Src/stm32f4xx_hal.c.obj
HAL_MspInit                                       CMakeFiles/stm32.dir/C_/work/edge_impulse/st/example-csolution-stm32f466re/STM32CubeMX/Nucleo_STM32F4466/STM32CubeMX/Src/stm32f4xx_hal_msp.c.obj
                                                  CMakeFiles/stm32.dir/27bb1422366c4e1f39c302a6f1d681b8/Nucleo_STM32F4466/STM32CubeMX/Drivers/STM32F4xx_HAL_Driver/Src/stm32f4xx_hal.c.obj
HAL_NVIC_ClearPendingIRQ                          CMakeFiles/stm32.dir/27bb1422366c4e1f39c302a6f1d681b8/Nucleo_STM32F4466/STM32CubeMX/Drivers/STM32F4xx_HAL_Driver/Src/stm32f4xx_hal_cortex.c.obj
HAL_NVIC_DisableIRQ                               CMakeFiles/stm32.dir/27bb1422366c4e1f39c302a6f1d681b8/Nucleo_STM32F4466/STM32CubeMX/Drivers/STM32F4xx_HAL_Driver/Src/stm32f4xx_hal_cortex.c.obj
HAL_NVIC_EnableIRQ                                CMakeFiles/stm32.dir/27bb1422366c4e1f39c302a6f1d681b8/Nucleo_STM32F4466/STM32CubeMX/Drivers/STM32F4xx_HAL_Driver/Src/stm32f4xx_hal_cortex.c.obj
HAL_NVIC_GetActive                                CMakeFiles/stm32.dir/27bb1422366c4e1f39c302a6f1d681b8/Nucleo_STM32F4466/STM32CubeMX/Drivers/STM32F4xx_HAL_Driver/Src/stm32f4xx_hal_cortex.c.obj
HAL_NVIC_GetPendingIRQ                            CMakeFiles/stm32.dir/27bb1422366c4e1f39c302a6f1d681b8/Nucleo_STM32F4466/STM32CubeMX/Drivers/STM32F4xx_HAL_Driver/Src/stm32f4xx_hal_cortex.c.obj
HAL_NVIC_GetPriority                              CMakeFiles/stm32.dir/27bb1422366c4e1f39c302a6f1d681b8/Nucleo_STM32F4466/STM32CubeMX/Drivers/STM32F4xx_HAL_Driver/Src/stm32f4xx_hal_cortex.c.obj
HAL_NVIC_GetPriorityGrouping                      CMakeFiles/stm32.dir/27bb1422366c4e1f39c302a6f1d681b8/Nucleo_STM32F4466/STM32CubeMX/Drivers/STM32F4xx_HAL_Driver/Src/stm32f4xx_hal_cortex.c.obj
HAL_NVIC_SetPendingIRQ                            CMakeFiles/stm32.dir/27bb1422366c4e1f39c302a6f1d681b8/Nucleo_STM32F4466/STM32CubeMX/Drivers/STM32F4xx_HAL_Driver/Src/stm32f4xx_hal_cortex.c.obj
HAL_NVIC_SetPriority                              CMakeFiles/stm32.dir/27bb1422366c4e1f39c302a6f1d681b8/Nucleo_STM32F4466/STM32CubeMX/Drivers/STM32F4xx_HAL_Driver/Src/stm32f4xx_hal_cortex.c.obj
                                                  CMakeFiles/stm32.dir/27bb1422366c4e1f39c302a6f1d681b8/Nucleo_STM32F4466/STM32CubeMX/Drivers/STM32F4xx_HAL_Driver/Src/stm32f4xx_hal.c.obj
HAL_NVIC_SetPriorityGrouping                      CMakeFiles/stm32.dir/27bb1422366c4e1f39c302a6f1d681b8/Nucleo_STM32F4466/STM32CubeMX/Drivers/STM32F4xx_HAL_Driver/Src/stm32f4xx_hal_cortex.c.obj
                                                  CMakeFiles/stm32.dir/27bb1422366c4e1f39c302a6f1d681b8/Nucleo_STM32F4466/STM32CubeMX/Drivers/STM32F4xx_HAL_Driver/Src/stm32f4xx_hal.c.obj
HAL_NVIC_SystemReset                              CMakeFiles/stm32.dir/27bb1422366c4e1f39c302a6f1d681b8/Nucleo_STM32F4466/STM32CubeMX/Drivers/STM32F4xx_HAL_Driver/Src/stm32f4xx_hal_cortex.c.obj
HAL_PWREx_ControlVoltageScaling                   CMakeFiles/stm32.dir/27bb1422366c4e1f39c302a6f1d681b8/Nucleo_STM32F4466/STM32CubeMX/Drivers/STM32F4xx_HAL_Driver/Src/stm32f4xx_hal_pwr_ex.c.obj
HAL_PWREx_DisableBkUpReg                          CMakeFiles/stm32.dir/27bb1422366c4e1f39c302a6f1d681b8/Nucleo_STM32F4466/STM32CubeMX/Drivers/STM32F4xx_HAL_Driver/Src/stm32f4xx_hal_pwr_ex.c.obj
HAL_PWREx_DisableFlashPowerDown                   CMakeFiles/stm32.dir/27bb1422366c4e1f39c302a6f1d681b8/Nucleo_STM32F4466/STM32CubeMX/Drivers/STM32F4xx_HAL_Driver/Src/stm32f4xx_hal_pwr_ex.c.obj
HAL_PWREx_DisableOverDrive                        CMakeFiles/stm32.dir/27bb1422366c4e1f39c302a6f1d681b8/Nucleo_STM32F4466/STM32CubeMX/Drivers/STM32F4xx_HAL_Driver/Src/stm32f4xx_hal_pwr_ex.c.obj
HAL_PWREx_EnableBkUpReg                           CMakeFiles/stm32.dir/27bb1422366c4e1f39c302a6f1d681b8/Nucleo_STM32F4466/STM32CubeMX/Drivers/STM32F4xx_HAL_Driver/Src/stm32f4xx_hal_pwr_ex.c.obj
HAL_PWREx_EnableFlashPowerDown                    CMakeFiles/stm32.dir/27bb1422366c4e1f39c302a6f1d681b8/Nucleo_STM32F4466/STM32CubeMX/Drivers/STM32F4xx_HAL_Driver/Src/stm32f4xx_hal_pwr_ex.c.obj
HAL_PWREx_EnableOverDrive                         CMakeFiles/stm32.dir/27bb1422366c4e1f39c302a6f1d681b8/Nucleo_STM32F4466/STM32CubeMX/Drivers/STM32F4xx_HAL_Driver/Src/stm32f4xx_hal_pwr_ex.c.obj
                                                  CMakeFiles/stm32.dir/C_/work/edge_impulse/st/example-csolution-stm32f466re/STM32CubeMX/Nucleo_STM32F4466/STM32CubeMX/Src/main.c.obj
HAL_PWREx_EnterUnderDriveSTOPMode                 CMakeFiles/stm32.dir/27bb1422366c4e1f39c302a6f1d681b8/Nucleo_STM32F4466/STM32CubeMX/Drivers/STM32F4xx_HAL_Driver/Src/stm32f4xx_hal_pwr_ex.c.obj
HAL_PWREx_GetVoltageRange                         CMakeFiles/stm32.dir/27bb1422366c4e1f39c302a6f1d681b8/Nucleo_STM32F4466/STM32CubeMX/Drivers/STM32F4xx_HAL_Driver/Src/stm32f4xx_hal_pwr_ex.c.obj
HAL_PWR_ConfigPVD                                 CMakeFiles/stm32.dir/27bb1422366c4e1f39c302a6f1d681b8/Nucleo_STM32F4466/STM32CubeMX/Drivers/STM32F4xx_HAL_Driver/Src/stm32f4xx_hal_pwr.c.obj
HAL_PWR_DeInit                                    CMakeFiles/stm32.dir/27bb1422366c4e1f39c302a6f1d681b8/Nucleo_STM32F4466/STM32CubeMX/Drivers/STM32F4xx_HAL_Driver/Src/stm32f4xx_hal_pwr.c.obj
HAL_PWR_DisableBkUpAccess                         CMakeFiles/stm32.dir/27bb1422366c4e1f39c302a6f1d681b8/Nucleo_STM32F4466/STM32CubeMX/Drivers/STM32F4xx_HAL_Driver/Src/stm32f4xx_hal_pwr.c.obj
HAL_PWR_DisablePVD                                CMakeFiles/stm32.dir/27bb1422366c4e1f39c302a6f1d681b8/Nucleo_STM32F4466/STM32CubeMX/Drivers/STM32F4xx_HAL_Driver/Src/stm32f4xx_hal_pwr.c.obj
HAL_PWR_DisableSEVOnPend                          CMakeFiles/stm32.dir/27bb1422366c4e1f39c302a6f1d681b8/Nucleo_STM32F4466/STM32CubeMX/Drivers/STM32F4xx_HAL_Driver/Src/stm32f4xx_hal_pwr.c.obj
HAL_PWR_DisableSleepOnExit                        CMakeFiles/stm32.dir/27bb1422366c4e1f39c302a6f1d681b8/Nucleo_STM32F4466/STM32CubeMX/Drivers/STM32F4xx_HAL_Driver/Src/stm32f4xx_hal_pwr.c.obj
HAL_PWR_DisableWakeUpPin                          CMakeFiles/stm32.dir/27bb1422366c4e1f39c302a6f1d681b8/Nucleo_STM32F4466/STM32CubeMX/Drivers/STM32F4xx_HAL_Driver/Src/stm32f4xx_hal_pwr.c.obj
HAL_PWR_EnableBkUpAccess                          CMakeFiles/stm32.dir/27bb1422366c4e1f39c302a6f1d681b8/Nucleo_STM32F4466/STM32CubeMX/Drivers/STM32F4xx_HAL_Driver/Src/stm32f4xx_hal_pwr.c.obj
HAL_PWR_EnablePVD                                 CMakeFiles/stm32.dir/27bb1422366c4e1f39c302a6f1d681b8/Nucleo_STM32F4466/STM32CubeMX/Drivers/STM32F4xx_HAL_Driver/Src/stm32f4xx_hal_pwr.c.obj
HAL_PWR_EnableSEVOnPend                           CMakeFiles/stm32.dir/27bb1422366c4e1f39c302a6f1d681b8/Nucleo_STM32F4466/STM32CubeMX/Drivers/STM32F4xx_HAL_Driver/Src/stm32f4xx_hal_pwr.c.obj
HAL_PWR_EnableSleepOnExit                         CMakeFiles/stm32.dir/27bb1422366c4e1f39c302a6f1d681b8/Nucleo_STM32F4466/STM32CubeMX/Drivers/STM32F4xx_HAL_Driver/Src/stm32f4xx_hal_pwr.c.obj
HAL_PWR_EnableWakeUpPin                           CMakeFiles/stm32.dir/27bb1422366c4e1f39c302a6f1d681b8/Nucleo_STM32F4466/STM32CubeMX/Drivers/STM32F4xx_HAL_Driver/Src/stm32f4xx_hal_pwr.c.obj
HAL_PWR_EnterSLEEPMode                            CMakeFiles/stm32.dir/27bb1422366c4e1f39c302a6f1d681b8/Nucleo_STM32F4466/STM32CubeMX/Drivers/STM32F4xx_HAL_Driver/Src/stm32f4xx_hal_pwr.c.obj
HAL_PWR_EnterSTANDBYMode                          CMakeFiles/stm32.dir/27bb1422366c4e1f39c302a6f1d681b8/Nucleo_STM32F4466/STM32CubeMX/Drivers/STM32F4xx_HAL_Driver/Src/stm32f4xx_hal_pwr.c.obj
HAL_PWR_EnterSTOPMode                             CMakeFiles/stm32.dir/27bb1422366c4e1f39c302a6f1d681b8/Nucleo_STM32F4466/STM32CubeMX/Drivers/STM32F4xx_HAL_Driver/Src/stm32f4xx_hal_pwr.c.obj
HAL_PWR_PVDCallback                               CMakeFiles/stm32.dir/27bb1422366c4e1f39c302a6f1d681b8/Nucleo_STM32F4466/STM32CubeMX/Drivers/STM32F4xx_HAL_Driver/Src/stm32f4xx_hal_pwr.c.obj
HAL_PWR_PVD_IRQHandler                            CMakeFiles/stm32.dir/27bb1422366c4e1f39c302a6f1d681b8/Nucleo_STM32F4466/STM32CubeMX/Drivers/STM32F4xx_HAL_Driver/Src/stm32f4xx_hal_pwr.c.obj
HAL_RCCEx_DisablePLLI2S                           CMakeFiles/stm32.dir/27bb1422366c4e1f39c302a6f1d681b8/Nucleo_STM32F4466/STM32CubeMX/Drivers/STM32F4xx_HAL_Driver/Src/stm32f4xx_hal_rcc_ex.c.obj
HAL_RCCEx_DisablePLLSAI                           CMakeFiles/stm32.dir/27bb1422366c4e1f39c302a6f1d681b8/Nucleo_STM32F4466/STM32CubeMX/Drivers/STM32F4xx_HAL_Driver/Src/stm32f4xx_hal_rcc_ex.c.obj
HAL_RCCEx_EnablePLLI2S                            CMakeFiles/stm32.dir/27bb1422366c4e1f39c302a6f1d681b8/Nucleo_STM32F4466/STM32CubeMX/Drivers/STM32F4xx_HAL_Driver/Src/stm32f4xx_hal_rcc_ex.c.obj
HAL_RCCEx_EnablePLLSAI                            CMakeFiles/stm32.dir/27bb1422366c4e1f39c302a6f1d681b8/Nucleo_STM32F4466/STM32CubeMX/Drivers/STM32F4xx_HAL_Driver/Src/stm32f4xx_hal_rcc_ex.c.obj
HAL_RCCEx_GetPeriphCLKConfig                      CMakeFiles/stm32.dir/27bb1422366c4e1f39c302a6f1d681b8/Nucleo_STM32F4466/STM32CubeMX/Drivers/STM32F4xx_HAL_Driver/Src/stm32f4xx_hal_rcc_ex.c.obj
HAL_RCCEx_GetPeriphCLKFreq                        CMakeFiles/stm32.dir/27bb1422366c4e1f39c302a6f1d681b8/Nucleo_STM32F4466/STM32CubeMX/Drivers/STM32F4xx_HAL_Driver/Src/stm32f4xx_hal_rcc_ex.c.obj
HAL_RCCEx_PeriphCLKConfig                         CMakeFiles/stm32.dir/27bb1422366c4e1f39c302a6f1d681b8/Nucleo_STM32F4466/STM32CubeMX/Drivers/STM32F4xx_HAL_Driver/Src/stm32f4xx_hal_rcc_ex.c.obj
HAL_RCCEx_SelectLSEMode                           CMakeFiles/stm32.dir/27bb1422366c4e1f39c302a6f1d681b8/Nucleo_STM32F4466/STM32CubeMX/Drivers/STM32F4xx_HAL_Driver/Src/stm32f4xx_hal_rcc_ex.c.obj
HAL_RCC_CSSCallback                               CMakeFiles/stm32.dir/27bb1422366c4e1f39c302a6f1d681b8/Nucleo_STM32F4466/STM32CubeMX/Drivers/STM32F4xx_HAL_Driver/Src/stm32f4xx_hal_rcc.c.obj
HAL_RCC_ClockConfig                               CMakeFiles/stm32.dir/27bb1422366c4e1f39c302a6f1d681b8/Nucleo_STM32F4466/STM32CubeMX/Drivers/STM32F4xx_HAL_Driver/Src/stm32f4xx_hal_rcc.c.obj
                                                  CMakeFiles/stm32.dir/C_/work/edge_impulse/st/example-csolution-stm32f466re/STM32CubeMX/Nucleo_STM32F4466/STM32CubeMX/Src/main.c.obj
HAL_RCC_DeInit                                    CMakeFiles/stm32.dir/27bb1422366c4e1f39c302a6f1d681b8/Nucleo_STM32F4466/STM32CubeMX/Drivers/STM32F4xx_HAL_Driver/Src/stm32f4xx_hal_rcc_ex.c.obj
                                                  CMakeFiles/stm32.dir/27bb1422366c4e1f39c302a6f1d681b8/Nucleo_STM32F4466/STM32CubeMX/Drivers/STM32F4xx_HAL_Driver/Src/stm32f4xx_hal_rcc.c.obj
HAL_RCC_DisableCSS                                CMakeFiles/stm32.dir/27bb1422366c4e1f39c302a6f1d681b8/Nucleo_STM32F4466/STM32CubeMX/Drivers/STM32F4xx_HAL_Driver/Src/stm32f4xx_hal_rcc.c.obj
HAL_RCC_EnableCSS                                 CMakeFiles/stm32.dir/27bb1422366c4e1f39c302a6f1d681b8/Nucleo_STM32F4466/STM32CubeMX/Drivers/STM32F4xx_HAL_Driver/Src/stm32f4xx_hal_rcc.c.obj
HAL_RCC_GetClockConfig                            CMakeFiles/stm32.dir/27bb1422366c4e1f39c302a6f1d681b8/Nucleo_STM32F4466/STM32CubeMX/Drivers/STM32F4xx_HAL_Driver/Src/stm32f4xx_hal_rcc.c.obj
HAL_RCC_GetHCLKFreq                               CMakeFiles/stm32.dir/27bb1422366c4e1f39c302a6f1d681b8/Nucleo_STM32F4466/STM32CubeMX/Drivers/STM32F4xx_HAL_Driver/Src/stm32f4xx_hal_rcc.c.obj
HAL_RCC_GetOscConfig                              CMakeFiles/stm32.dir/27bb1422366c4e1f39c302a6f1d681b8/Nucleo_STM32F4466/STM32CubeMX/Drivers/STM32F4xx_HAL_Driver/Src/stm32f4xx_hal_rcc_ex.c.obj
                                                  CMakeFiles/stm32.dir/27bb1422366c4e1f39c302a6f1d681b8/Nucleo_STM32F4466/STM32CubeMX/Drivers/STM32F4xx_HAL_Driver/Src/stm32f4xx_hal_rcc.c.obj
HAL_RCC_GetPCLK1Freq                              CMakeFiles/stm32.dir/27bb1422366c4e1f39c302a6f1d681b8/Nucleo_STM32F4466/STM32CubeMX/Drivers/STM32F4xx_HAL_Driver/Src/stm32f4xx_hal_rcc.c.obj
HAL_RCC_GetPCLK2Freq                              CMakeFiles/stm32.dir/27bb1422366c4e1f39c302a6f1d681b8/Nucleo_STM32F4466/STM32CubeMX/Drivers/STM32F4xx_HAL_Driver/Src/stm32f4xx_hal_rcc.c.obj
HAL_RCC_GetSysClockFreq                           CMakeFiles/stm32.dir/27bb1422366c4e1f39c302a6f1d681b8/Nucleo_STM32F4466/STM32CubeMX/Drivers/STM32F4xx_HAL_Driver/Src/stm32f4xx_hal_rcc_ex.c.obj
                                                  CMakeFiles/stm32.dir/27bb1422366c4e1f39c302a6f1d681b8/Nucleo_STM32F4466/STM32CubeMX/Drivers/STM32F4xx_HAL_Driver/Src/stm32f4xx_hal_rcc.c.obj
HAL_RCC_MCOConfig                                 CMakeFiles/stm32.dir/27bb1422366c4e1f39c302a6f1d681b8/Nucleo_STM32F4466/STM32CubeMX/Drivers/STM32F4xx_HAL_Driver/Src/stm32f4xx_hal_rcc.c.obj
HAL_RCC_NMI_IRQHandler                            CMakeFiles/stm32.dir/27bb1422366c4e1f39c302a6f1d681b8/Nucleo_STM32F4466/STM32CubeMX/Drivers/STM32F4xx_HAL_Driver/Src/stm32f4xx_hal_rcc.c.obj
HAL_RCC_OscConfig                                 CMakeFiles/stm32.dir/27bb1422366c4e1f39c302a6f1d681b8/Nucleo_STM32F4466/STM32CubeMX/Drivers/STM32F4xx_HAL_Driver/Src/stm32f4xx_hal_rcc_ex.c.obj
                                                  CMakeFiles/stm32.dir/27bb1422366c4e1f39c302a6f1d681b8/Nucleo_STM32F4466/STM32CubeMX/Drivers/STM32F4xx_HAL_Driver/Src/stm32f4xx_hal_rcc.c.obj
                                                  CMakeFiles/stm32.dir/C_/work/edge_impulse/st/example-csolution-stm32f466re/STM32CubeMX/Nucleo_STM32F4466/STM32CubeMX/Src/main.c.obj
HAL_ResumeTick                                    CMakeFiles/stm32.dir/27bb1422366c4e1f39c302a6f1d681b8/Nucleo_STM32F4466/STM32CubeMX/Drivers/STM32F4xx_HAL_Driver/Src/stm32f4xx_hal.c.obj
HAL_SYSTICK_CLKSourceConfig                       CMakeFiles/stm32.dir/27bb1422366c4e1f39c302a6f1d681b8/Nucleo_STM32F4466/STM32CubeMX/Drivers/STM32F4xx_HAL_Driver/Src/stm32f4xx_hal_cortex.c.obj
HAL_SYSTICK_Callback                              CMakeFiles/stm32.dir/27bb1422366c4e1f39c302a6f1d681b8/Nucleo_STM32F4466/STM32CubeMX/Drivers/STM32F4xx_HAL_Driver/Src/stm32f4xx_hal_cortex.c.obj
HAL_SYSTICK_Config                                CMakeFiles/stm32.dir/27bb1422366c4e1f39c302a6f1d681b8/Nucleo_STM32F4466/STM32CubeMX/Drivers/STM32F4xx_HAL_Driver/Src/stm32f4xx_hal_cortex.c.obj
                                                  CMakeFiles/stm32.dir/27bb1422366c4e1f39c302a6f1d681b8/Nucleo_STM32F4466/STM32CubeMX/Drivers/STM32F4xx_HAL_Driver/Src/stm32f4xx_hal.c.obj
HAL_SYSTICK_IRQHandler                            CMakeFiles/stm32.dir/27bb1422366c4e1f39c302a6f1d681b8/Nucleo_STM32F4466/STM32CubeMX/Drivers/STM32F4xx_HAL_Driver/Src/stm32f4xx_hal_cortex.c.obj
HAL_SetTickFreq                                   CMakeFiles/stm32.dir/27bb1422366c4e1f39c302a6f1d681b8/Nucleo_STM32F4466/STM32CubeMX/Drivers/STM32F4xx_HAL_Driver/Src/stm32f4xx_hal.c.obj
HAL_SuspendTick                                   CMakeFiles/stm32.dir/27bb1422366c4e1f39c302a6f1d681b8/Nucleo_STM32F4466/STM32CubeMX/Drivers/STM32F4xx_HAL_Driver/Src/stm32f4xx_hal.c.obj
HardFault_Handler                                 CMakeFiles/stm32.dir/C_/work/edge_impulse/st/example-csolution-stm32f466re/STM32CubeMX/Nucleo_STM32F4466/STM32CubeMX/Src/stm32f4xx_it.c.obj
MemManage_Handler                                 CMakeFiles/stm32.dir/C_/work/edge_impulse/st/example-csolution-stm32f466re/STM32CubeMX/Nucleo_STM32F4466/STM32CubeMX/Src/stm32f4xx_it.c.obj
NMI_Handler                                       CMakeFiles/stm32.dir/C_/work/edge_impulse/st/example-csolution-stm32f466re/STM32CubeMX/Nucleo_STM32F4466/STM32CubeMX/Src/stm32f4xx_it.c.obj
PendSV_Handler                                    CMakeFiles/stm32.dir/C_/work/edge_impulse/st/example-csolution-stm32f466re/STM32CubeMX/Nucleo_STM32F4466/STM32CubeMX/Src/stm32f4xx_it.c.obj
SVC_Handler                                       CMakeFiles/stm32.dir/C_/work/edge_impulse/st/example-csolution-stm32f466re/STM32CubeMX/Nucleo_STM32F4466/STM32CubeMX/Src/stm32f4xx_it.c.obj
SysTick_Handler                                   CMakeFiles/stm32.dir/C_/work/edge_impulse/st/example-csolution-stm32f466re/STM32CubeMX/Nucleo_STM32F4466/STM32CubeMX/Src/stm32f4xx_it.c.obj
SystemClock_Config                                CMakeFiles/stm32.dir/C_/work/edge_impulse/st/example-csolution-stm32f466re/STM32CubeMX/Nucleo_STM32F4466/STM32CubeMX/Src/main.c.obj
SystemCoreClock                                   CMakeFiles/stm32.dir/27bb1422366c4e1f39c302a6f1d681b8/Nucleo_STM32F4466/STM32CubeMX/Drivers/STM32F4xx_HAL_Driver/Src/stm32f4xx_hal_rcc_ex.c.obj
                                                  CMakeFiles/stm32.dir/27bb1422366c4e1f39c302a6f1d681b8/Nucleo_STM32F4466/STM32CubeMX/Drivers/STM32F4xx_HAL_Driver/Src/stm32f4xx_hal_rcc.c.obj
                                                  CMakeFiles/stm32.dir/27bb1422366c4e1f39c302a6f1d681b8/Nucleo_STM32F4466/STM32CubeMX/Drivers/STM32F4xx_HAL_Driver/Src/stm32f4xx_hal_dma.c.obj
                                                  CMakeFiles/stm32.dir/27bb1422366c4e1f39c302a6f1d681b8/Nucleo_STM32F4466/STM32CubeMX/Drivers/STM32F4xx_HAL_Driver/Src/stm32f4xx_hal.c.obj
UsageFault_Handler                                CMakeFiles/stm32.dir/C_/work/edge_impulse/st/example-csolution-stm32f466re/STM32CubeMX/Nucleo_STM32F4466/STM32CubeMX/Src/stm32f4xx_it.c.obj
_ITM_deregisterTMCloneTable                       c:/progra~2/armgnu~1/125863~1.3re/bin/../lib/gcc/arm-none-eabi/12.3.1/thumb/v7e-m+fp/hard/crtbegin.o
_ITM_registerTMCloneTable                         c:/progra~2/armgnu~1/125863~1.3re/bin/../lib/gcc/arm-none-eabi/12.3.1/thumb/v7e-m+fp/hard/crtbegin.o
__TMC_END__                                       c:/progra~2/armgnu~1/125863~1.3re/bin/../lib/gcc/arm-none-eabi/12.3.1/thumb/v7e-m+fp/hard/crtend.o
                                                  c:/progra~2/armgnu~1/125863~1.3re/bin/../lib/gcc/arm-none-eabi/12.3.1/thumb/v7e-m+fp/hard/crtbegin.o
__aeabi_idiv0                                     c:/progra~2/armgnu~1/125863~1.3re/bin/../lib/gcc/arm-none-eabi/12.3.1/thumb/v7e-m+fp/hard\libgcc.a(_dvmd_tls.o)
__aeabi_ldiv0                                     c:/progra~2/armgnu~1/125863~1.3re/bin/../lib/gcc/arm-none-eabi/12.3.1/thumb/v7e-m+fp/hard\libgcc.a(_dvmd_tls.o)
                                                  c:/progra~2/armgnu~1/125863~1.3re/bin/../lib/gcc/arm-none-eabi/12.3.1/thumb/v7e-m+fp/hard\libgcc.a(_aeabi_uldivmod.o)
__aeabi_uldivmod                                  c:/progra~2/armgnu~1/125863~1.3re/bin/../lib/gcc/arm-none-eabi/12.3.1/thumb/v7e-m+fp/hard\libgcc.a(_aeabi_uldivmod.o)
                                                  CMakeFiles/stm32.dir/27bb1422366c4e1f39c302a6f1d681b8/Nucleo_STM32F4466/STM32CubeMX/Drivers/STM32F4xx_HAL_Driver/Src/stm32f4xx_hal_rcc_ex.c.obj
                                                  CMakeFiles/stm32.dir/27bb1422366c4e1f39c302a6f1d681b8/Nucleo_STM32F4466/STM32CubeMX/Drivers/STM32F4xx_HAL_Driver/Src/stm32f4xx_hal_rcc.c.obj
__bss_end__                                       c:/progra~2/armgnu~1/125863~1.3re/bin/../lib/gcc/arm-none-eabi/12.3.1/thumb/v7e-m+fp/hard/rdimon-crt0.o
__bss_start__                                     c:/progra~2/armgnu~1/125863~1.3re/bin/../lib/gcc/arm-none-eabi/12.3.1/thumb/v7e-m+fp/hard/rdimon-crt0.o
__call_exitprocs                                  c:/progra~2/armgnu~1/125863~1.3re/bin/../lib/gcc/arm-none-eabi/12.3.1/thumb/v7e-m+fp/hard\libg_nano.a(libc_a-exit.o)
__deregister_frame_info                           c:/progra~2/armgnu~1/125863~1.3re/bin/../lib/gcc/arm-none-eabi/12.3.1/thumb/v7e-m+fp/hard/crtbegin.o
__dso_handle                                      c:/progra~2/armgnu~1/125863~1.3re/bin/../lib/gcc/arm-none-eabi/12.3.1/thumb/v7e-m+fp/hard/crtbegin.o
__end__                                           c:/progra~2/armgnu~1/125863~1.3re/bin/../lib/gcc/arm-none-eabi/12.3.1/thumb/v7e-m+fp/hard/rdimon-crt0.o
__errno                                           c:/progra~2/armgnu~1/125863~1.3re/bin/../lib/gcc/arm-none-eabi/12.3.1/thumb/v7e-m+fp/hard\libc_nano.a(libc_a-errno.o)
                                                  c:/progra~2/armgnu~1/125863~1.3re/bin/../lib/gcc/arm-none-eabi/12.3.1/thumb/v7e-m+fp/hard\librdimon_nano.a(arm_librdimon_a-syscalls.o)
__fp_lock_all                                     c:/progra~2/armgnu~1/125863~1.3re/bin/../lib/gcc/arm-none-eabi/12.3.1/thumb/v7e-m+fp/hard\libg_nano.a(libc_a-findfp.o)
__fp_unlock_all                                   c:/progra~2/armgnu~1/125863~1.3re/bin/../lib/gcc/arm-none-eabi/12.3.1/thumb/v7e-m+fp/hard\libg_nano.a(libc_a-findfp.o)
__heap_limit                                      c:/progra~2/armgnu~1/125863~1.3re/bin/../lib/gcc/arm-none-eabi/12.3.1/thumb/v7e-m+fp/hard\librdimon_nano.a(arm_librdimon_a-syscalls.o)
                                                  c:/progra~2/armgnu~1/125863~1.3re/bin/../lib/gcc/arm-none-eabi/12.3.1/thumb/v7e-m+fp/hard/rdimon-crt0.o
__init_array_end                                  c:/progra~2/armgnu~1/125863~1.3re/bin/../lib/gcc/arm-none-eabi/12.3.1/thumb/v7e-m+fp/hard\libg_nano.a(libc_a-init.o)
__init_array_start                                c:/progra~2/armgnu~1/125863~1.3re/bin/../lib/gcc/arm-none-eabi/12.3.1/thumb/v7e-m+fp/hard\libg_nano.a(libc_a-init.o)
__libc_fini_array                                 c:/progra~2/armgnu~1/125863~1.3re/bin/../lib/gcc/arm-none-eabi/12.3.1/thumb/v7e-m+fp/hard/rdimon-crt0.o
__libc_init_array                                 c:/progra~2/armgnu~1/125863~1.3re/bin/../lib/gcc/arm-none-eabi/12.3.1/thumb/v7e-m+fp/hard\libg_nano.a(libc_a-init.o)
                                                  c:/progra~2/armgnu~1/125863~1.3re/bin/../lib/gcc/arm-none-eabi/12.3.1/thumb/v7e-m+fp/hard/rdimon-crt0.o
__lock___arc4random_mutex                         c:/progra~2/armgnu~1/125863~1.3re/bin/../lib/gcc/arm-none-eabi/12.3.1/thumb/v7e-m+fp/hard\libg_nano.a(libc_a-lock.o)
__lock___at_quick_exit_mutex                      c:/progra~2/armgnu~1/125863~1.3re/bin/../lib/gcc/arm-none-eabi/12.3.1/thumb/v7e-m+fp/hard\libg_nano.a(libc_a-lock.o)
__lock___atexit_recursive_mutex                   c:/progra~2/armgnu~1/125863~1.3re/bin/../lib/gcc/arm-none-eabi/12.3.1/thumb/v7e-m+fp/hard\libg_nano.a(libc_a-lock.o)
__lock___dd_hash_mutex                            c:/progra~2/armgnu~1/125863~1.3re/bin/../lib/gcc/arm-none-eabi/12.3.1/thumb/v7e-m+fp/hard\libg_nano.a(libc_a-lock.o)
__lock___env_recursive_mutex                      c:/progra~2/armgnu~1/125863~1.3re/bin/../lib/gcc/arm-none-eabi/12.3.1/thumb/v7e-m+fp/hard\libg_nano.a(libc_a-lock.o)
__lock___malloc_recursive_mutex                   c:/progra~2/armgnu~1/125863~1.3re/bin/../lib/gcc/arm-none-eabi/12.3.1/thumb/v7e-m+fp/hard\libg_nano.a(libc_a-lock.o)
                                                  c:/progra~2/armgnu~1/125863~1.3re/bin/../lib/gcc/arm-none-eabi/12.3.1/thumb/v7e-m+fp/hard\libg_nano.a(libc_a-mlock.o)
__lock___sfp_recursive_mutex                      c:/progra~2/armgnu~1/125863~1.3re/bin/../lib/gcc/arm-none-eabi/12.3.1/thumb/v7e-m+fp/hard\libg_nano.a(libc_a-lock.o)
                                                  c:/progra~2/armgnu~1/125863~1.3re/bin/../lib/gcc/arm-none-eabi/12.3.1/thumb/v7e-m+fp/hard\libg_nano.a(libc_a-findfp.o)
__lock___tz_mutex                                 c:/progra~2/armgnu~1/125863~1.3re/bin/../lib/gcc/arm-none-eabi/12.3.1/thumb/v7e-m+fp/hard\libg_nano.a(libc_a-lock.o)
__malloc_free_list                                c:/progra~2/armgnu~1/125863~1.3re/bin/../lib/gcc/arm-none-eabi/12.3.1/thumb/v7e-m+fp/hard\libg_nano.a(libc_a-mallocr.o)
                                                  c:/progra~2/armgnu~1/125863~1.3re/bin/../lib/gcc/arm-none-eabi/12.3.1/thumb/v7e-m+fp/hard\libg_nano.a(libc_a-freer.o)
__malloc_lock                                     c:/progra~2/armgnu~1/125863~1.3re/bin/../lib/gcc/arm-none-eabi/12.3.1/thumb/v7e-m+fp/hard\libg_nano.a(libc_a-mlock.o)
                                                  c:/progra~2/armgnu~1/125863~1.3re/bin/../lib/gcc/arm-none-eabi/12.3.1/thumb/v7e-m+fp/hard\libg_nano.a(libc_a-mallocr.o)
                                                  c:/progra~2/armgnu~1/125863~1.3re/bin/../lib/gcc/arm-none-eabi/12.3.1/thumb/v7e-m+fp/hard\libg_nano.a(libc_a-freer.o)
__malloc_sbrk_start                               c:/progra~2/armgnu~1/125863~1.3re/bin/../lib/gcc/arm-none-eabi/12.3.1/thumb/v7e-m+fp/hard\libg_nano.a(libc_a-mallocr.o)
__malloc_unlock                                   c:/progra~2/armgnu~1/125863~1.3re/bin/../lib/gcc/arm-none-eabi/12.3.1/thumb/v7e-m+fp/hard\libg_nano.a(libc_a-mlock.o)
                                                  c:/progra~2/armgnu~1/125863~1.3re/bin/../lib/gcc/arm-none-eabi/12.3.1/thumb/v7e-m+fp/hard\libg_nano.a(libc_a-mallocr.o)
                                                  c:/progra~2/armgnu~1/125863~1.3re/bin/../lib/gcc/arm-none-eabi/12.3.1/thumb/v7e-m+fp/hard\libg_nano.a(libc_a-freer.o)
__preinit_array_end                               c:/progra~2/armgnu~1/125863~1.3re/bin/../lib/gcc/arm-none-eabi/12.3.1/thumb/v7e-m+fp/hard\libg_nano.a(libc_a-init.o)
__preinit_array_start                             c:/progra~2/armgnu~1/125863~1.3re/bin/../lib/gcc/arm-none-eabi/12.3.1/thumb/v7e-m+fp/hard\libg_nano.a(libc_a-init.o)
__register_frame_info                             c:/progra~2/armgnu~1/125863~1.3re/bin/../lib/gcc/arm-none-eabi/12.3.1/thumb/v7e-m+fp/hard/crtbegin.o
__retarget_lock_acquire                           c:/progra~2/armgnu~1/125863~1.3re/bin/../lib/gcc/arm-none-eabi/12.3.1/thumb/v7e-m+fp/hard\libg_nano.a(libc_a-lock.o)
__retarget_lock_acquire_recursive                 c:/progra~2/armgnu~1/125863~1.3re/bin/../lib/gcc/arm-none-eabi/12.3.1/thumb/v7e-m+fp/hard\libg_nano.a(libc_a-lock.o)
                                                  c:/progra~2/armgnu~1/125863~1.3re/bin/../lib/gcc/arm-none-eabi/12.3.1/thumb/v7e-m+fp/hard\libg_nano.a(libc_a-fflush.o)
                                                  c:/progra~2/armgnu~1/125863~1.3re/bin/../lib/gcc/arm-none-eabi/12.3.1/thumb/v7e-m+fp/hard\libg_nano.a(libc_a-mlock.o)
                                                  c:/progra~2/armgnu~1/125863~1.3re/bin/../lib/gcc/arm-none-eabi/12.3.1/thumb/v7e-m+fp/hard\libg_nano.a(libc_a-findfp.o)
__retarget_lock_close                             c:/progra~2/armgnu~1/125863~1.3re/bin/../lib/gcc/arm-none-eabi/12.3.1/thumb/v7e-m+fp/hard\libg_nano.a(libc_a-lock.o)
__retarget_lock_close_recursive                   c:/progra~2/armgnu~1/125863~1.3re/bin/../lib/gcc/arm-none-eabi/12.3.1/thumb/v7e-m+fp/hard\libg_nano.a(libc_a-lock.o)
__retarget_lock_init                              c:/progra~2/armgnu~1/125863~1.3re/bin/../lib/gcc/arm-none-eabi/12.3.1/thumb/v7e-m+fp/hard\libg_nano.a(libc_a-lock.o)
__retarget_lock_init_recursive                    c:/progra~2/armgnu~1/125863~1.3re/bin/../lib/gcc/arm-none-eabi/12.3.1/thumb/v7e-m+fp/hard\libg_nano.a(libc_a-lock.o)
                                                  c:/progra~2/armgnu~1/125863~1.3re/bin/../lib/gcc/arm-none-eabi/12.3.1/thumb/v7e-m+fp/hard\libg_nano.a(libc_a-findfp.o)
__retarget_lock_release                           c:/progra~2/armgnu~1/125863~1.3re/bin/../lib/gcc/arm-none-eabi/12.3.1/thumb/v7e-m+fp/hard\libg_nano.a(libc_a-lock.o)
__retarget_lock_release_recursive                 c:/progra~2/armgnu~1/125863~1.3re/bin/../lib/gcc/arm-none-eabi/12.3.1/thumb/v7e-m+fp/hard\libg_nano.a(libc_a-lock.o)
                                                  c:/progra~2/armgnu~1/125863~1.3re/bin/../lib/gcc/arm-none-eabi/12.3.1/thumb/v7e-m+fp/hard\libg_nano.a(libc_a-fflush.o)
                                                  c:/progra~2/armgnu~1/125863~1.3re/bin/../lib/gcc/arm-none-eabi/12.3.1/thumb/v7e-m+fp/hard\libg_nano.a(libc_a-mlock.o)
                                                  c:/progra~2/armgnu~1/125863~1.3re/bin/../lib/gcc/arm-none-eabi/12.3.1/thumb/v7e-m+fp/hard\libg_nano.a(libc_a-findfp.o)
__retarget_lock_try_acquire                       c:/progra~2/armgnu~1/125863~1.3re/bin/../lib/gcc/arm-none-eabi/12.3.1/thumb/v7e-m+fp/hard\libg_nano.a(libc_a-lock.o)
__retarget_lock_try_acquire_recursive             c:/progra~2/armgnu~1/125863~1.3re/bin/../lib/gcc/arm-none-eabi/12.3.1/thumb/v7e-m+fp/hard\libg_nano.a(libc_a-lock.o)
__sclose                                          c:/progra~2/armgnu~1/125863~1.3re/bin/../lib/gcc/arm-none-eabi/12.3.1/thumb/v7e-m+fp/hard\libg_nano.a(libc_a-stdio.o)
                                                  c:/progra~2/armgnu~1/125863~1.3re/bin/../lib/gcc/arm-none-eabi/12.3.1/thumb/v7e-m+fp/hard\libg_nano.a(libc_a-findfp.o)
__seofread                                        c:/progra~2/armgnu~1/125863~1.3re/bin/../lib/gcc/arm-none-eabi/12.3.1/thumb/v7e-m+fp/hard\libg_nano.a(libc_a-stdio.o)
__sf                                              c:/progra~2/armgnu~1/125863~1.3re/bin/../lib/gcc/arm-none-eabi/12.3.1/thumb/v7e-m+fp/hard\libg_nano.a(libc_a-findfp.o)
                                                  c:/progra~2/armgnu~1/125863~1.3re/bin/../lib/gcc/arm-none-eabi/12.3.1/thumb/v7e-m+fp/hard\libg_nano.a(libc_a-impure.o)
__sflush_r                                        c:/progra~2/armgnu~1/125863~1.3re/bin/../lib/gcc/arm-none-eabi/12.3.1/thumb/v7e-m+fp/hard\libg_nano.a(libc_a-fflush.o)
__sfp                                             c:/progra~2/armgnu~1/125863~1.3re/bin/../lib/gcc/arm-none-eabi/12.3.1/thumb/v7e-m+fp/hard\libg_nano.a(libc_a-findfp.o)
__sfp_lock_acquire                                c:/progra~2/armgnu~1/125863~1.3re/bin/../lib/gcc/arm-none-eabi/12.3.1/thumb/v7e-m+fp/hard\libg_nano.a(libc_a-findfp.o)
__sfp_lock_release                                c:/progra~2/armgnu~1/125863~1.3re/bin/../lib/gcc/arm-none-eabi/12.3.1/thumb/v7e-m+fp/hard\libg_nano.a(libc_a-findfp.o)
__sglue                                           c:/progra~2/armgnu~1/125863~1.3re/bin/../lib/gcc/arm-none-eabi/12.3.1/thumb/v7e-m+fp/hard\libg_nano.a(libc_a-findfp.o)
                                                  c:/progra~2/armgnu~1/125863~1.3re/bin/../lib/gcc/arm-none-eabi/12.3.1/thumb/v7e-m+fp/hard\libg_nano.a(libc_a-fflush.o)
__sinit                                           c:/progra~2/armgnu~1/125863~1.3re/bin/../lib/gcc/arm-none-eabi/12.3.1/thumb/v7e-m+fp/hard\libg_nano.a(libc_a-findfp.o)
                                                  c:/progra~2/armgnu~1/125863~1.3re/bin/../lib/gcc/arm-none-eabi/12.3.1/thumb/v7e-m+fp/hard\librdimon_nano.a(arm_librdimon_a-syscalls.o)
                                                  c:/progra~2/armgnu~1/125863~1.3re/bin/../lib/gcc/arm-none-eabi/12.3.1/thumb/v7e-m+fp/hard\libg_nano.a(libc_a-fflush.o)
__sread                                           c:/progra~2/armgnu~1/125863~1.3re/bin/../lib/gcc/arm-none-eabi/12.3.1/thumb/v7e-m+fp/hard\libg_nano.a(libc_a-stdio.o)
                                                  c:/progra~2/armgnu~1/125863~1.3re/bin/../lib/gcc/arm-none-eabi/12.3.1/thumb/v7e-m+fp/hard\libg_nano.a(libc_a-findfp.o)
__sseek                                           c:/progra~2/armgnu~1/125863~1.3re/bin/../lib/gcc/arm-none-eabi/12.3.1/thumb/v7e-m+fp/hard\libg_nano.a(libc_a-stdio.o)
                                                  c:/progra~2/armgnu~1/125863~1.3re/bin/../lib/gcc/arm-none-eabi/12.3.1/thumb/v7e-m+fp/hard\libg_nano.a(libc_a-findfp.o)
__stack                                           c:/progra~2/armgnu~1/125863~1.3re/bin/../lib/gcc/arm-none-eabi/12.3.1/thumb/v7e-m+fp/hard/rdimon-crt0.o
__stack_base__                                    c:/progra~2/armgnu~1/125863~1.3re/bin/../lib/gcc/arm-none-eabi/12.3.1/thumb/v7e-m+fp/hard/rdimon-crt0.o
__stdio_exit_handler                              c:/progra~2/armgnu~1/125863~1.3re/bin/../lib/gcc/arm-none-eabi/12.3.1/thumb/v7e-m+fp/hard\libg_nano.a(libc_a-findfp.o)
                                                  c:/progra~2/armgnu~1/125863~1.3re/bin/../lib/gcc/arm-none-eabi/12.3.1/thumb/v7e-m+fp/hard\libg_nano.a(libc_a-exit.o)
__swrite                                          c:/progra~2/armgnu~1/125863~1.3re/bin/../lib/gcc/arm-none-eabi/12.3.1/thumb/v7e-m+fp/hard\libg_nano.a(libc_a-stdio.o)
                                                  c:/progra~2/armgnu~1/125863~1.3re/bin/../lib/gcc/arm-none-eabi/12.3.1/thumb/v7e-m+fp/hard\libg_nano.a(libc_a-findfp.o)
__udivmoddi4                                      c:/progra~2/armgnu~1/125863~1.3re/bin/../lib/gcc/arm-none-eabi/12.3.1/thumb/v7e-m+fp/hard\libgcc.a(_udivmoddi4.o)
                                                  c:/progra~2/armgnu~1/125863~1.3re/bin/../lib/gcc/arm-none-eabi/12.3.1/thumb/v7e-m+fp/hard\libgcc.a(_aeabi_uldivmod.o)
_clock                                            c:/progra~2/armgnu~1/125863~1.3re/bin/../lib/gcc/arm-none-eabi/12.3.1/thumb/v7e-m+fp/hard\librdimon_nano.a(arm_librdimon_a-syscalls.o)
_close                                            c:/progra~2/armgnu~1/125863~1.3re/bin/../lib/gcc/arm-none-eabi/12.3.1/thumb/v7e-m+fp/hard\librdimon_nano.a(arm_librdimon_a-syscalls.o)
                                                  c:/progra~2/armgnu~1/125863~1.3re/bin/../lib/gcc/arm-none-eabi/12.3.1/thumb/v7e-m+fp/hard\libg_nano.a(libc_a-closer.o)
_close_r                                          c:/progra~2/armgnu~1/125863~1.3re/bin/../lib/gcc/arm-none-eabi/12.3.1/thumb/v7e-m+fp/hard\libg_nano.a(libc_a-closer.o)
                                                  c:/progra~2/armgnu~1/125863~1.3re/bin/../lib/gcc/arm-none-eabi/12.3.1/thumb/v7e-m+fp/hard\libg_nano.a(libc_a-stdio.o)
_exit                                             c:/progra~2/armgnu~1/125863~1.3re/bin/../lib/gcc/arm-none-eabi/12.3.1/thumb/v7e-m+fp/hard\librdimon_nano.a(arm_librdimon_a-_exit.o)
                                                  c:/progra~2/armgnu~1/125863~1.3re/bin/../lib/gcc/arm-none-eabi/12.3.1/thumb/v7e-m+fp/hard\libg_nano.a(libc_a-exit.o)
_fflush_r                                         c:/progra~2/armgnu~1/125863~1.3re/bin/../lib/gcc/arm-none-eabi/12.3.1/thumb/v7e-m+fp/hard\libg_nano.a(libc_a-fflush.o)
                                                  c:/progra~2/armgnu~1/125863~1.3re/bin/../lib/gcc/arm-none-eabi/12.3.1/thumb/v7e-m+fp/hard\libg_nano.a(libc_a-findfp.o)
_fini                                             c:/progra~2/armgnu~1/125863~1.3re/bin/../lib/gcc/arm-none-eabi/12.3.1/thumb/v7e-m+fp/hard/crti.o
_free_r                                           c:/progra~2/armgnu~1/125863~1.3re/bin/../lib/gcc/arm-none-eabi/12.3.1/thumb/v7e-m+fp/hard\libg_nano.a(libc_a-freer.o)
                                                  c:/progra~2/armgnu~1/125863~1.3re/bin/../lib/gcc/arm-none-eabi/12.3.1/thumb/v7e-m+fp/hard\libg_nano.a(libc_a-fflush.o)
                                                  c:/progra~2/armgnu~1/125863~1.3re/bin/../lib/gcc/arm-none-eabi/12.3.1/thumb/v7e-m+fp/hard\libg_nano.a(libc_a-reent.o)
_fstat                                            c:/progra~2/armgnu~1/125863~1.3re/bin/../lib/gcc/arm-none-eabi/12.3.1/thumb/v7e-m+fp/hard\librdimon_nano.a(arm_librdimon_a-syscalls.o)
_fwalk_sglue                                      c:/progra~2/armgnu~1/125863~1.3re/bin/../lib/gcc/arm-none-eabi/12.3.1/thumb/v7e-m+fp/hard\libg_nano.a(libc_a-fwalk.o)
                                                  c:/progra~2/armgnu~1/125863~1.3re/bin/../lib/gcc/arm-none-eabi/12.3.1/thumb/v7e-m+fp/hard\libg_nano.a(libc_a-fflush.o)
                                                  c:/progra~2/armgnu~1/125863~1.3re/bin/../lib/gcc/arm-none-eabi/12.3.1/thumb/v7e-m+fp/hard\libg_nano.a(libc_a-findfp.o)
_get_semihosting_exts                             c:/progra~2/armgnu~1/125863~1.3re/bin/../lib/gcc/arm-none-eabi/12.3.1/thumb/v7e-m+fp/hard\librdimon_nano.a(arm_librdimon_a-syscalls.o)
_getpid                                           c:/progra~2/armgnu~1/125863~1.3re/bin/../lib/gcc/arm-none-eabi/12.3.1/thumb/v7e-m+fp/hard\librdimon_nano.a(arm_librdimon_a-syscalls.o)
_gettimeofday                                     c:/progra~2/armgnu~1/125863~1.3re/bin/../lib/gcc/arm-none-eabi/12.3.1/thumb/v7e-m+fp/hard\librdimon_nano.a(arm_librdimon_a-syscalls.o)
_has_ext_exit_extended                            c:/progra~2/armgnu~1/125863~1.3re/bin/../lib/gcc/arm-none-eabi/12.3.1/thumb/v7e-m+fp/hard\librdimon_nano.a(arm_librdimon_a-syscalls.o)
                                                  c:/progra~2/armgnu~1/125863~1.3re/bin/../lib/gcc/arm-none-eabi/12.3.1/thumb/v7e-m+fp/hard\librdimon_nano.a(arm_librdimon_a-_kill.o)
_has_ext_stdout_stderr                            c:/progra~2/armgnu~1/125863~1.3re/bin/../lib/gcc/arm-none-eabi/12.3.1/thumb/v7e-m+fp/hard\librdimon_nano.a(arm_librdimon_a-syscalls.o)
_impure_data                                      c:/progra~2/armgnu~1/125863~1.3re/bin/../lib/gcc/arm-none-eabi/12.3.1/thumb/v7e-m+fp/hard\libg_nano.a(libc_a-impure.o)
                                                  c:/progra~2/armgnu~1/125863~1.3re/bin/../lib/gcc/arm-none-eabi/12.3.1/thumb/v7e-m+fp/hard\libg_nano.a(libc_a-fflush.o)
                                                  c:/progra~2/armgnu~1/125863~1.3re/bin/../lib/gcc/arm-none-eabi/12.3.1/thumb/v7e-m+fp/hard\libg_nano.a(libc_a-findfp.o)
_impure_ptr                                       c:/progra~2/armgnu~1/125863~1.3re/bin/../lib/gcc/arm-none-eabi/12.3.1/thumb/v7e-m+fp/hard\libg_nano.a(libc_a-impure.o)
                                                  c:/progra~2/armgnu~1/125863~1.3re/bin/../lib/gcc/arm-none-eabi/12.3.1/thumb/v7e-m+fp/hard\libc_nano.a(libc_a-errno.o)
                                                  c:/progra~2/armgnu~1/125863~1.3re/bin/../lib/gcc/arm-none-eabi/12.3.1/thumb/v7e-m+fp/hard\librdimon_nano.a(arm_librdimon_a-syscalls.o)
                                                  c:/progra~2/armgnu~1/125863~1.3re/bin/../lib/gcc/arm-none-eabi/12.3.1/thumb/v7e-m+fp/hard\libg_nano.a(libc_a-fflush.o)
                                                  c:/progra~2/armgnu~1/125863~1.3re/bin/../lib/gcc/arm-none-eabi/12.3.1/thumb/v7e-m+fp/hard\libg_nano.a(libc_a-reent.o)
_init                                             c:/progra~2/armgnu~1/125863~1.3re/bin/../lib/gcc/arm-none-eabi/12.3.1/thumb/v7e-m+fp/hard/crti.o
                                                  c:/progra~2/armgnu~1/125863~1.3re/bin/../lib/gcc/arm-none-eabi/12.3.1/thumb/v7e-m+fp/hard\libg_nano.a(libc_a-init.o)
_isatty                                           c:/progra~2/armgnu~1/125863~1.3re/bin/../lib/gcc/arm-none-eabi/12.3.1/thumb/v7e-m+fp/hard\librdimon_nano.a(arm_librdimon_a-syscalls.o)
_kill                                             c:/progra~2/armgnu~1/125863~1.3re/bin/../lib/gcc/arm-none-eabi/12.3.1/thumb/v7e-m+fp/hard\librdimon_nano.a(arm_librdimon_a-_kill.o)
_kill_shared                                      c:/progra~2/armgnu~1/125863~1.3re/bin/../lib/gcc/arm-none-eabi/12.3.1/thumb/v7e-m+fp/hard\librdimon_nano.a(arm_librdimon_a-_kill.o)
                                                  c:/progra~2/armgnu~1/125863~1.3re/bin/../lib/gcc/arm-none-eabi/12.3.1/thumb/v7e-m+fp/hard\librdimon_nano.a(arm_librdimon_a-_exit.o)
_link                                             c:/progra~2/armgnu~1/125863~1.3re/bin/../lib/gcc/arm-none-eabi/12.3.1/thumb/v7e-m+fp/hard\librdimon_nano.a(arm_librdimon_a-syscalls.o)
_lseek                                            c:/progra~2/armgnu~1/125863~1.3re/bin/../lib/gcc/arm-none-eabi/12.3.1/thumb/v7e-m+fp/hard\librdimon_nano.a(arm_librdimon_a-syscalls.o)
                                                  c:/progra~2/armgnu~1/125863~1.3re/bin/../lib/gcc/arm-none-eabi/12.3.1/thumb/v7e-m+fp/hard\libg_nano.a(libc_a-lseekr.o)
_lseek_r                                          c:/progra~2/armgnu~1/125863~1.3re/bin/../lib/gcc/arm-none-eabi/12.3.1/thumb/v7e-m+fp/hard\libg_nano.a(libc_a-lseekr.o)
                                                  c:/progra~2/armgnu~1/125863~1.3re/bin/../lib/gcc/arm-none-eabi/12.3.1/thumb/v7e-m+fp/hard\libg_nano.a(libc_a-stdio.o)
_mainCRTStartup                                   c:/progra~2/armgnu~1/125863~1.3re/bin/../lib/gcc/arm-none-eabi/12.3.1/thumb/v7e-m+fp/hard/rdimon-crt0.o
_malloc_r                                         c:/progra~2/armgnu~1/125863~1.3re/bin/../lib/gcc/arm-none-eabi/12.3.1/thumb/v7e-m+fp/hard\libg_nano.a(libc_a-mallocr.o)
                                                  c:/progra~2/armgnu~1/125863~1.3re/bin/../lib/gcc/arm-none-eabi/12.3.1/thumb/v7e-m+fp/hard\libg_nano.a(libc_a-findfp.o)
_open                                             c:/progra~2/armgnu~1/125863~1.3re/bin/../lib/gcc/arm-none-eabi/12.3.1/thumb/v7e-m+fp/hard\librdimon_nano.a(arm_librdimon_a-syscalls.o)
_read                                             c:/progra~2/armgnu~1/125863~1.3re/bin/../lib/gcc/arm-none-eabi/12.3.1/thumb/v7e-m+fp/hard\librdimon_nano.a(arm_librdimon_a-syscalls.o)
                                                  c:/progra~2/armgnu~1/125863~1.3re/bin/../lib/gcc/arm-none-eabi/12.3.1/thumb/v7e-m+fp/hard\libg_nano.a(libc_a-readr.o)
_read_r                                           c:/progra~2/armgnu~1/125863~1.3re/bin/../lib/gcc/arm-none-eabi/12.3.1/thumb/v7e-m+fp/hard\libg_nano.a(libc_a-readr.o)
                                                  c:/progra~2/armgnu~1/125863~1.3re/bin/../lib/gcc/arm-none-eabi/12.3.1/thumb/v7e-m+fp/hard\libg_nano.a(libc_a-stdio.o)
_reclaim_reent                                    c:/progra~2/armgnu~1/125863~1.3re/bin/../lib/gcc/arm-none-eabi/12.3.1/thumb/v7e-m+fp/hard\libg_nano.a(libc_a-reent.o)
_rename                                           c:/progra~2/armgnu~1/125863~1.3re/bin/../lib/gcc/arm-none-eabi/12.3.1/thumb/v7e-m+fp/hard\librdimon_nano.a(arm_librdimon_a-syscalls.o)
_sbrk                                             c:/progra~2/armgnu~1/125863~1.3re/bin/../lib/gcc/arm-none-eabi/12.3.1/thumb/v7e-m+fp/hard\librdimon_nano.a(arm_librdimon_a-syscalls.o)
                                                  c:/progra~2/armgnu~1/125863~1.3re/bin/../lib/gcc/arm-none-eabi/12.3.1/thumb/v7e-m+fp/hard\libg_nano.a(libc_a-sbrkr.o)
_sbrk_r                                           c:/progra~2/armgnu~1/125863~1.3re/bin/../lib/gcc/arm-none-eabi/12.3.1/thumb/v7e-m+fp/hard\libg_nano.a(libc_a-sbrkr.o)
                                                  c:/progra~2/armgnu~1/125863~1.3re/bin/../lib/gcc/arm-none-eabi/12.3.1/thumb/v7e-m+fp/hard\libg_nano.a(libc_a-mallocr.o)
_stack_init                                       c:/progra~2/armgnu~1/125863~1.3re/bin/../lib/gcc/arm-none-eabi/12.3.1/thumb/v7e-m+fp/hard/rdimon-crt0.o
_start                                            c:/progra~2/armgnu~1/125863~1.3re/bin/../lib/gcc/arm-none-eabi/12.3.1/thumb/v7e-m+fp/hard/rdimon-crt0.o
_stat                                             c:/progra~2/armgnu~1/125863~1.3re/bin/../lib/gcc/arm-none-eabi/12.3.1/thumb/v7e-m+fp/hard\librdimon_nano.a(arm_librdimon_a-syscalls.o)
_swiclose                                         c:/progra~2/armgnu~1/125863~1.3re/bin/../lib/gcc/arm-none-eabi/12.3.1/thumb/v7e-m+fp/hard\librdimon_nano.a(arm_librdimon_a-syscalls.o)
_swilseek                                         c:/progra~2/armgnu~1/125863~1.3re/bin/../lib/gcc/arm-none-eabi/12.3.1/thumb/v7e-m+fp/hard\librdimon_nano.a(arm_librdimon_a-syscalls.o)
_swiopen                                          c:/progra~2/armgnu~1/125863~1.3re/bin/../lib/gcc/arm-none-eabi/12.3.1/thumb/v7e-m+fp/hard\librdimon_nano.a(arm_librdimon_a-syscalls.o)
_swiread                                          c:/progra~2/armgnu~1/125863~1.3re/bin/../lib/gcc/arm-none-eabi/12.3.1/thumb/v7e-m+fp/hard\librdimon_nano.a(arm_librdimon_a-syscalls.o)
_swistat                                          c:/progra~2/armgnu~1/125863~1.3re/bin/../lib/gcc/arm-none-eabi/12.3.1/thumb/v7e-m+fp/hard\librdimon_nano.a(arm_librdimon_a-syscalls.o)
_swiwrite                                         c:/progra~2/armgnu~1/125863~1.3re/bin/../lib/gcc/arm-none-eabi/12.3.1/thumb/v7e-m+fp/hard\librdimon_nano.a(arm_librdimon_a-syscalls.o)
_system                                           c:/progra~2/armgnu~1/125863~1.3re/bin/../lib/gcc/arm-none-eabi/12.3.1/thumb/v7e-m+fp/hard\librdimon_nano.a(arm_librdimon_a-syscalls.o)
_times                                            c:/progra~2/armgnu~1/125863~1.3re/bin/../lib/gcc/arm-none-eabi/12.3.1/thumb/v7e-m+fp/hard\librdimon_nano.a(arm_librdimon_a-syscalls.o)
_unlink                                           c:/progra~2/armgnu~1/125863~1.3re/bin/../lib/gcc/arm-none-eabi/12.3.1/thumb/v7e-m+fp/hard\librdimon_nano.a(arm_librdimon_a-syscalls.o)
_write                                            c:/progra~2/armgnu~1/125863~1.3re/bin/../lib/gcc/arm-none-eabi/12.3.1/thumb/v7e-m+fp/hard\librdimon_nano.a(arm_librdimon_a-syscalls.o)
                                                  c:/progra~2/armgnu~1/125863~1.3re/bin/../lib/gcc/arm-none-eabi/12.3.1/thumb/v7e-m+fp/hard\libg_nano.a(libc_a-writer.o)
_write_r                                          c:/progra~2/armgnu~1/125863~1.3re/bin/../lib/gcc/arm-none-eabi/12.3.1/thumb/v7e-m+fp/hard\libg_nano.a(libc_a-writer.o)
                                                  c:/progra~2/armgnu~1/125863~1.3re/bin/../lib/gcc/arm-none-eabi/12.3.1/thumb/v7e-m+fp/hard\libg_nano.a(libc_a-stdio.o)
app()                                             CMakeFiles/stm32.dir/C_/work/edge_impulse/st/example-csolution-stm32f466re/app/src/main.cpp.obj
atexit                                            c:/progra~2/armgnu~1/125863~1.3re/bin/../lib/gcc/arm-none-eabi/12.3.1/thumb/v7e-m+fp/hard/rdimon-crt0.o
end                                               c:/progra~2/armgnu~1/125863~1.3re/bin/../lib/gcc/arm-none-eabi/12.3.1/thumb/v7e-m+fp/hard\librdimon_nano.a(arm_librdimon_a-syscalls.o)
errno                                             c:/progra~2/armgnu~1/125863~1.3re/bin/../lib/gcc/arm-none-eabi/12.3.1/thumb/v7e-m+fp/hard\libg_nano.a(libc_a-reent.o)
                                                  c:/progra~2/armgnu~1/125863~1.3re/bin/../lib/gcc/arm-none-eabi/12.3.1/thumb/v7e-m+fp/hard\libg_nano.a(libc_a-sbrkr.o)
                                                  c:/progra~2/armgnu~1/125863~1.3re/bin/../lib/gcc/arm-none-eabi/12.3.1/thumb/v7e-m+fp/hard\libg_nano.a(libc_a-writer.o)
                                                  c:/progra~2/armgnu~1/125863~1.3re/bin/../lib/gcc/arm-none-eabi/12.3.1/thumb/v7e-m+fp/hard\libg_nano.a(libc_a-readr.o)
                                                  c:/progra~2/armgnu~1/125863~1.3re/bin/../lib/gcc/arm-none-eabi/12.3.1/thumb/v7e-m+fp/hard\libg_nano.a(libc_a-lseekr.o)
                                                  c:/progra~2/armgnu~1/125863~1.3re/bin/../lib/gcc/arm-none-eabi/12.3.1/thumb/v7e-m+fp/hard\libg_nano.a(libc_a-closer.o)
exit                                              c:/progra~2/armgnu~1/125863~1.3re/bin/../lib/gcc/arm-none-eabi/12.3.1/thumb/v7e-m+fp/hard\libg_nano.a(libc_a-exit.o)
                                                  c:/progra~2/armgnu~1/125863~1.3re/bin/../lib/gcc/arm-none-eabi/12.3.1/thumb/v7e-m+fp/hard/rdimon-crt0.o
fflush                                            c:/progra~2/armgnu~1/125863~1.3re/bin/../lib/gcc/arm-none-eabi/12.3.1/thumb/v7e-m+fp/hard\libg_nano.a(libc_a-fflush.o)
initialise_monitor_handles                        c:/progra~2/armgnu~1/125863~1.3re/bin/../lib/gcc/arm-none-eabi/12.3.1/thumb/v7e-m+fp/hard\librdimon_nano.a(arm_librdimon_a-syscalls.o)
                                                  c:/progra~2/armgnu~1/125863~1.3re/bin/../lib/gcc/arm-none-eabi/12.3.1/thumb/v7e-m+fp/hard/rdimon-crt0.o
main                                              CMakeFiles/stm32.dir/C_/work/edge_impulse/st/example-csolution-stm32f466re/STM32CubeMX/Nucleo_STM32F4466/STM32CubeMX/Src/main.c.obj
                                                  c:/progra~2/armgnu~1/125863~1.3re/bin/../lib/gcc/arm-none-eabi/12.3.1/thumb/v7e-m+fp/hard/rdimon-crt0.o
memset                                            c:/progra~2/armgnu~1/125863~1.3re/bin/../lib/gcc/arm-none-eabi/12.3.1/thumb/v7e-m+fp/hard\libg_nano.a(libc_a-memset.o)
                                                  c:/progra~2/armgnu~1/125863~1.3re/bin/../lib/gcc/arm-none-eabi/12.3.1/thumb/v7e-m+fp/hard\librdimon_nano.a(arm_librdimon_a-syscalls.o)
                                                  c:/progra~2/armgnu~1/125863~1.3re/bin/../lib/gcc/arm-none-eabi/12.3.1/thumb/v7e-m+fp/hard\libg_nano.a(libc_a-findfp.o)
                                                  CMakeFiles/stm32.dir/C_/work/edge_impulse/st/example-csolution-stm32f466re/STM32CubeMX/Nucleo_STM32F4466/STM32CubeMX/Src/main.c.obj
                                                  c:/progra~2/armgnu~1/125863~1.3re/bin/../lib/gcc/arm-none-eabi/12.3.1/thumb/v7e-m+fp/hard/rdimon-crt0.o
pFlash                                            CMakeFiles/stm32.dir/27bb1422366c4e1f39c302a6f1d681b8/Nucleo_STM32F4466/STM32CubeMX/Drivers/STM32F4xx_HAL_Driver/Src/stm32f4xx_hal_flash.c.obj
                                                  CMakeFiles/stm32.dir/27bb1422366c4e1f39c302a6f1d681b8/Nucleo_STM32F4466/STM32CubeMX/Drivers/STM32F4xx_HAL_Driver/Src/stm32f4xx_hal_flash_ex.c.obj
strlen                                            c:/progra~2/armgnu~1/125863~1.3re/bin/../lib/gcc/arm-none-eabi/12.3.1/thumb/v7e-m+fp/hard\libc_nano.a(libc_a-strlen.o)
                                                  c:/progra~2/armgnu~1/125863~1.3re/bin/../lib/gcc/arm-none-eabi/12.3.1/thumb/v7e-m+fp/hard\librdimon_nano.a(arm_librdimon_a-syscalls.o)
uwTick                                            CMakeFiles/stm32.dir/27bb1422366c4e1f39c302a6f1d681b8/Nucleo_STM32F4466/STM32CubeMX/Drivers/STM32F4xx_HAL_Driver/Src/stm32f4xx_hal.c.obj
uwTickFreq                                        CMakeFiles/stm32.dir/27bb1422366c4e1f39c302a6f1d681b8/Nucleo_STM32F4466/STM32CubeMX/Drivers/STM32F4xx_HAL_Driver/Src/stm32f4xx_hal.c.obj
uwTickPrio                                        CMakeFiles/stm32.dir/27bb1422366c4e1f39c302a6f1d681b8/Nucleo_STM32F4466/STM32CubeMX/Drivers/STM32F4xx_HAL_Driver/Src/stm32f4xx_hal.c.obj
                                                  CMakeFiles/stm32.dir/27bb1422366c4e1f39c302a6f1d681b8/Nucleo_STM32F4466/STM32CubeMX/Drivers/STM32F4xx_HAL_Driver/Src/stm32f4xx_hal_rcc_ex.c.obj
                                                  CMakeFiles/stm32.dir/27bb1422366c4e1f39c302a6f1d681b8/Nucleo_STM32F4466/STM32CubeMX/Drivers/STM32F4xx_HAL_Driver/Src/stm32f4xx_hal_rcc.c.obj
