Archive member included to satisfy reference by file (symbol)

c:/Users/franc/.vcpkg/artifacts/2139c4c6/compilers.arm.arm.none.eabi.gcc/13.3.1/bin/../lib/gcc/arm-none-eabi/13.3.1/thumb/v7e-m+fp/hard\libgcc.a(_aeabi_uldivmod.o)
                              CMakeFiles/Group_STM32_HAL_Driver.dir/C_/work/edge_impulse/st/example-csolution-stm32/STM32CubeMX/Nucleo_STM32F4466/STM32CubeMX/Drivers/STM32F4xx_HAL_Driver/Src/stm32f4xx_hal_uart.c.obj (__aeabi_uldivmod)
c:/Users/franc/.vcpkg/artifacts/2139c4c6/compilers.arm.arm.none.eabi.gcc/13.3.1/bin/../lib/gcc/arm-none-eabi/13.3.1/thumb/v7e-m+fp/hard\libgcc.a(_udivmoddi4.o)
                              c:/Users/franc/.vcpkg/artifacts/2139c4c6/compilers.arm.arm.none.eabi.gcc/13.3.1/bin/../lib/gcc/arm-none-eabi/13.3.1/thumb/v7e-m+fp/hard\libgcc.a(_aeabi_uldivmod.o) (__udivmoddi4)
c:/Users/franc/.vcpkg/artifacts/2139c4c6/compilers.arm.arm.none.eabi.gcc/13.3.1/bin/../lib/gcc/arm-none-eabi/13.3.1/thumb/v7e-m+fp/hard\libgcc.a(_dvmd_tls.o)
                              c:/Users/franc/.vcpkg/artifacts/2139c4c6/compilers.arm.arm.none.eabi.gcc/13.3.1/bin/../lib/gcc/arm-none-eabi/13.3.1/thumb/v7e-m+fp/hard\libgcc.a(_aeabi_uldivmod.o) (__aeabi_ldiv0)
c:/Users/franc/.vcpkg/artifacts/2139c4c6/compilers.arm.arm.none.eabi.gcc/13.3.1/bin/../lib/gcc/arm-none-eabi/13.3.1/thumb/v7e-m+fp/hard\libc_nano.a(libc_a-exit.o)
                              c:/Users/franc/.vcpkg/artifacts/2139c4c6/compilers.arm.arm.none.eabi.gcc/13.3.1/bin/../lib/gcc/arm-none-eabi/13.3.1/thumb/v7e-m+fp/hard/rdimon-crt0.o (exit)
c:/Users/franc/.vcpkg/artifacts/2139c4c6/compilers.arm.arm.none.eabi.gcc/13.3.1/bin/../lib/gcc/arm-none-eabi/13.3.1/thumb/v7e-m+fp/hard\libc_nano.a(libc_a-findfp.o)
                              c:/Users/franc/.vcpkg/artifacts/2139c4c6/compilers.arm.arm.none.eabi.gcc/13.3.1/bin/../lib/gcc/arm-none-eabi/13.3.1/thumb/v7e-m+fp/hard\libc_nano.a(libc_a-exit.o) (__stdio_exit_handler)
c:/Users/franc/.vcpkg/artifacts/2139c4c6/compilers.arm.arm.none.eabi.gcc/13.3.1/bin/../lib/gcc/arm-none-eabi/13.3.1/thumb/v7e-m+fp/hard\libc_nano.a(libc_a-fwalk.o)
                              c:/Users/franc/.vcpkg/artifacts/2139c4c6/compilers.arm.arm.none.eabi.gcc/13.3.1/bin/../lib/gcc/arm-none-eabi/13.3.1/thumb/v7e-m+fp/hard\libc_nano.a(libc_a-findfp.o) (_fwalk_sglue)
c:/Users/franc/.vcpkg/artifacts/2139c4c6/compilers.arm.arm.none.eabi.gcc/13.3.1/bin/../lib/gcc/arm-none-eabi/13.3.1/thumb/v7e-m+fp/hard\libc_nano.a(libc_a-stdio.o)
                              c:/Users/franc/.vcpkg/artifacts/2139c4c6/compilers.arm.arm.none.eabi.gcc/13.3.1/bin/../lib/gcc/arm-none-eabi/13.3.1/thumb/v7e-m+fp/hard\libc_nano.a(libc_a-findfp.o) (__sread)
c:/Users/franc/.vcpkg/artifacts/2139c4c6/compilers.arm.arm.none.eabi.gcc/13.3.1/bin/../lib/gcc/arm-none-eabi/13.3.1/thumb/v7e-m+fp/hard\libc_nano.a(libc_a-memset.o)
                              c:/Users/franc/.vcpkg/artifacts/2139c4c6/compilers.arm.arm.none.eabi.gcc/13.3.1/bin/../lib/gcc/arm-none-eabi/13.3.1/thumb/v7e-m+fp/hard/rdimon-crt0.o (memset)
c:/Users/franc/.vcpkg/artifacts/2139c4c6/compilers.arm.arm.none.eabi.gcc/13.3.1/bin/../lib/gcc/arm-none-eabi/13.3.1/thumb/v7e-m+fp/hard\libc_nano.a(libc_a-closer.o)
                              c:/Users/franc/.vcpkg/artifacts/2139c4c6/compilers.arm.arm.none.eabi.gcc/13.3.1/bin/../lib/gcc/arm-none-eabi/13.3.1/thumb/v7e-m+fp/hard\libc_nano.a(libc_a-stdio.o) (_close_r)
c:/Users/franc/.vcpkg/artifacts/2139c4c6/compilers.arm.arm.none.eabi.gcc/13.3.1/bin/../lib/gcc/arm-none-eabi/13.3.1/thumb/v7e-m+fp/hard\libc_nano.a(libc_a-reent.o)
                              c:/Users/franc/.vcpkg/artifacts/2139c4c6/compilers.arm.arm.none.eabi.gcc/13.3.1/bin/../lib/gcc/arm-none-eabi/13.3.1/thumb/v7e-m+fp/hard\libc_nano.a(libc_a-closer.o) (errno)
c:/Users/franc/.vcpkg/artifacts/2139c4c6/compilers.arm.arm.none.eabi.gcc/13.3.1/bin/../lib/gcc/arm-none-eabi/13.3.1/thumb/v7e-m+fp/hard\libc_nano.a(libc_a-impure.o)
                              c:/Users/franc/.vcpkg/artifacts/2139c4c6/compilers.arm.arm.none.eabi.gcc/13.3.1/bin/../lib/gcc/arm-none-eabi/13.3.1/thumb/v7e-m+fp/hard\libc_nano.a(libc_a-reent.o) (_impure_ptr)
c:/Users/franc/.vcpkg/artifacts/2139c4c6/compilers.arm.arm.none.eabi.gcc/13.3.1/bin/../lib/gcc/arm-none-eabi/13.3.1/thumb/v7e-m+fp/hard\libc_nano.a(libc_a-lseekr.o)
                              c:/Users/franc/.vcpkg/artifacts/2139c4c6/compilers.arm.arm.none.eabi.gcc/13.3.1/bin/../lib/gcc/arm-none-eabi/13.3.1/thumb/v7e-m+fp/hard\libc_nano.a(libc_a-stdio.o) (_lseek_r)
c:/Users/franc/.vcpkg/artifacts/2139c4c6/compilers.arm.arm.none.eabi.gcc/13.3.1/bin/../lib/gcc/arm-none-eabi/13.3.1/thumb/v7e-m+fp/hard\libc_nano.a(libc_a-readr.o)
                              c:/Users/franc/.vcpkg/artifacts/2139c4c6/compilers.arm.arm.none.eabi.gcc/13.3.1/bin/../lib/gcc/arm-none-eabi/13.3.1/thumb/v7e-m+fp/hard\libc_nano.a(libc_a-stdio.o) (_read_r)
[...]
Memory Configuration

Name             Origin             Length             Attributes
RAM              0x20000000         0x00020000         xrw
FLASH            0x08000000         0x00080000         xr
*default*        0x00000000         0xffffffff

Linker script and memory map

LOAD c:/Users/franc/.vcpkg/artifacts/2139c4c6/compilers.arm.arm.none.eabi.gcc/13.3.1/bin/../lib/gcc/arm-none-eabi/13.3.1/thumb/v7e-m+fp/hard/crti.o
LOAD c:/Users/franc/.vcpkg/artifacts/2139c4c6/compilers.arm.arm.none.eabi.gcc/13.3.1/bin/../lib/gcc/arm-none-eabi/13.3.1/thumb/v7e-m+fp/hard/crtbegin.o
LOAD c:/Users/franc/.vcpkg/artifacts/2139c4c6/compilers.arm.arm.none.eabi.gcc/13.3.1/bin/../lib/gcc/arm-none-eabi/13.3.1/thumb/v7e-m+fp/hard/rdimon-crt0.o
LOAD CMakeFiles/Group_CubeMX.dir/C_/work/edge_impulse/st/example-csolution-stm32/STM32CubeMX/Nucleo_STM32F4466/STM32CubeMX/STM32CubeIDE/Application/Startup/startup_stm32f446retx.s.obj
LOAD CMakeFiles/Group_CubeMX.dir/C_/work/edge_impulse/st/example-csolution-stm32/STM32CubeMX/Nucleo_STM32F4466/STM32CubeMX/Src/main.c.obj
LOAD CMakeFiles/Group_CubeMX.dir/C_/work/edge_impulse/st/example-csolution-stm32/STM32CubeMX/Nucleo_STM32F4466/STM32CubeMX/Src/stm32f4xx_it.c.obj
LOAD CMakeFiles/Group_CubeMX.dir/C_/work/edge_impulse/st/example-csolution-stm32/STM32CubeMX/Nucleo_STM32F4466/STM32CubeMX/Src/stm32f4xx_hal_msp.c.obj
LOAD CMakeFiles/Group_CubeMX.dir/C_/work/edge_impulse/st/example-csolution-stm32/STM32CubeMX/Nucleo_STM32F4466/STM32CubeMX/Src/system_stm32f4xx.c.obj
LOAD CMakeFiles/Group_STM32_HAL_Driver.dir/C_/work/edge_impulse/st/example-csolution-stm32/STM32CubeMX/Nucleo_STM32F4466/STM32CubeMX/Drivers/STM32F4xx_HAL_Driver/Src/stm32f4xx_hal_tim.c.obj
LOAD CMakeFiles/Group_STM32_HAL_Driver.dir/C_/work/edge_impulse/st/example-csolution-stm32/STM32CubeMX/Nucleo_STM32F4466/STM32CubeMX/Drivers/STM32F4xx_HAL_Driver/Src/stm32f4xx_hal_tim_ex.c.obj
LOAD CMakeFiles/Group_STM32_HAL_Driver.dir/C_/work/edge_impulse/st/example-csolution-stm32/STM32CubeMX/Nucleo_STM32F4466/STM32CubeMX/Drivers/STM32F4xx_HAL_Driver/Src/stm32f4xx_hal_uart.c.obj
LOAD CMakeFiles/Group_STM32_HAL_Driver.dir/C_/work/edge_impulse/st/example-csolution-stm32/STM32CubeMX/Nucleo_STM32F4466/STM32CubeMX/Drivers/STM32F4xx_HAL_Driver/Src/stm32f4xx_hal_rcc.c.obj
LOAD CMakeFiles/Group_STM32_HAL_Driver.dir/C_/work/edge_impulse/st/example-csolution-stm32/STM32CubeMX/Nucleo_STM32F4466/STM32CubeMX/Drivers/STM32F4xx_HAL_Driver/Src/stm32f4xx_hal_rcc_ex.c.obj
LOAD CMakeFiles/Group_STM32_HAL_Driver.dir/C_/work/edge_impulse/st/example-csolution-stm32/STM32CubeMX/Nucleo_STM32F4466/STM32CubeMX/Drivers/STM32F4xx_HAL_Driver/Src/stm32f4xx_hal_flash.c.obj
LOAD CMakeFiles/Group_STM32_HAL_Driver.dir/C_/work/edge_impulse/st/example-csolution-stm32/STM32CubeMX/Nucleo_STM32F4466/STM32CubeMX/Drivers/STM32F4xx_HAL_Driver/Src/stm32f4xx_hal_flash_ex.c.obj
LOAD CMakeFiles/Group_STM32_HAL_Driver.dir/C_/work/edge_impulse/st/example-csolution-stm32/STM32CubeMX/Nucleo_STM32F4466/STM32CubeMX/Drivers/STM32F4xx_HAL_Driver/Src/stm32f4xx_hal_flash_ramfunc.c.obj
LOAD CMakeFiles/Group_STM32_HAL_Driver.dir/C_/work/edge_impulse/st/example-csolution-stm32/STM32CubeMX/Nucleo_STM32F4466/STM32CubeMX/Drivers/STM32F4xx_HAL_Driver/Src/stm32f4xx_hal_gpio.c.obj
LOAD CMakeFiles/Group_STM32_HAL_Driver.dir/C_/work/edge_impulse/st/example-csolution-stm32/STM32CubeMX/Nucleo_STM32F4466/STM32CubeMX/Drivers/STM32F4xx_HAL_Driver/Src/stm32f4xx_hal_dma_ex.c.obj
LOAD CMakeFiles/Group_STM32_HAL_Driver.dir/C_/work/edge_impulse/st/example-csolution-stm32/STM32CubeMX/Nucleo_STM32F4466/STM32CubeMX/Drivers/STM32F4xx_HAL_Driver/Src/stm32f4xx_hal_dma.c.obj
LOAD CMakeFiles/Group_STM32_HAL_Driver.dir/C_/work/edge_impulse/st/example-csolution-stm32/STM32CubeMX/Nucleo_STM32F4466/STM32CubeMX/Drivers/STM32F4xx_HAL_Driver/Src/stm32f4xx_hal_pwr.c.obj
LOAD CMakeFiles/Group_STM32_HAL_Driver.dir/C_/work/edge_impulse/st/example-csolution-stm32/STM32CubeMX/Nucleo_STM32F4466/STM32CubeMX/Drivers/STM32F4xx_HAL_Driver/Src/stm32f4xx_hal_pwr_ex.c.obj
LOAD CMakeFiles/Group_STM32_HAL_Driver.dir/C_/work/edge_impulse/st/example-csolution-stm32/STM32CubeMX/Nucleo_STM32F4466/STM32CubeMX/Drivers/STM32F4xx_HAL_Driver/Src/stm32f4xx_hal_cortex.c.obj
LOAD CMakeFiles/Group_STM32_HAL_Driver.dir/C_/work/edge_impulse/st/example-csolution-stm32/STM32CubeMX/Nucleo_STM32F4466/STM32CubeMX/Drivers/STM32F4xx_HAL_Driver/Src/stm32f4xx_hal.c.obj
LOAD CMakeFiles/Group_STM32_HAL_Driver.dir/C_/work/edge_impulse/st/example-csolution-stm32/STM32CubeMX/Nucleo_STM32F4466/STM32CubeMX/Drivers/STM32F4xx_HAL_Driver/Src/stm32f4xx_hal_exti.c.obj
LOAD CMakeFiles/Group_Application.dir/C_/work/edge_impulse/st/example-csolution-stm32/app/src/app.cpp.obj
LOAD c:/Users/franc/.vcpkg/artifacts/2139c4c6/compilers.arm.arm.none.eabi.gcc/13.3.1/bin/../lib/gcc/arm-none-eabi/13.3.1/thumb/v7e-m+fp/hard\libstdc++_nano.a
LOAD c:/Users/franc/.vcpkg/artifacts/2139c4c6/compilers.arm.arm.none.eabi.gcc/13.3.1/bin/../lib/gcc/arm-none-eabi/13.3.1/thumb/v7e-m+fp/hard\libm.a
START GROUP
LOAD c:/Users/franc/.vcpkg/artifacts/2139c4c6/compilers.arm.arm.none.eabi.gcc/13.3.1/bin/../lib/gcc/arm-none-eabi/13.3.1/thumb/v7e-m+fp/hard\libgcc.a
LOAD c:/Users/franc/.vcpkg/artifacts/2139c4c6/compilers.arm.arm.none.eabi.gcc/13.3.1/bin/../lib/gcc/arm-none-eabi/13.3.1/thumb/v7e-m+fp/hard\libc_nano.a
END GROUP
START GROUP
LOAD c:/Users/franc/.vcpkg/artifacts/2139c4c6/compilers.arm.arm.none.eabi.gcc/13.3.1/bin/../lib/gcc/arm-none-eabi/13.3.1/thumb/v7e-m+fp/hard\libgcc.a
LOAD c:/Users/franc/.vcpkg/artifacts/2139c4c6/compilers.arm.arm.none.eabi.gcc/13.3.1/bin/../lib/gcc/arm-none-eabi/13.3.1/thumb/v7e-m+fp/hard\libc_nano.a
LOAD c:/Users/franc/.vcpkg/artifacts/2139c4c6/compilers.arm.arm.none.eabi.gcc/13.3.1/bin/../lib/gcc/arm-none-eabi/13.3.1/thumb/v7e-m+fp/hard\librdimon_nano.a
END GROUP
START GROUP
LOAD c:/Users/franc/.vcpkg/artifacts/2139c4c6/compilers.arm.arm.none.eabi.gcc/13.3.1/bin/../lib/gcc/arm-none-eabi/13.3.1/thumb/v7e-m+fp/hard\libgcc.a
LOAD c:/Users/franc/.vcpkg/artifacts/2139c4c6/compilers.arm.arm.none.eabi.gcc/13.3.1/bin/../lib/gcc/arm-none-eabi/13.3.1/thumb/v7e-m+fp/hard\libc_nano.a
LOAD c:/Users/franc/.vcpkg/artifacts/2139c4c6/compilers.arm.arm.none.eabi.gcc/13.3.1/bin/../lib/gcc/arm-none-eabi/13.3.1/thumb/v7e-m+fp/hard\librdimon_nano.a
END GROUP
LOAD c:/Users/franc/.vcpkg/artifacts/2139c4c6/compilers.arm.arm.none.eabi.gcc/13.3.1/bin/../lib/gcc/arm-none-eabi/13.3.1/thumb/v7e-m+fp/hard/crtend.o
LOAD c:/Users/franc/.vcpkg/artifacts/2139c4c6/compilers.arm.arm.none.eabi.gcc/13.3.1/bin/../lib/gcc/arm-none-eabi/13.3.1/thumb/v7e-m+fp/hard/crtn.o
                0x20020000                        _estack = (ORIGIN (RAM) + LENGTH (RAM))
                0x00000200                        _Min_Heap_Size = 0x200
                0x00000400                        _Min_Stack_Size = 0x400

.isr_vector     0x08000000      0x1c4
                0x08000000                        . = ALIGN (0x4)
 *(.isr_vector)
 .isr_vector    0x08000000      0x1c4 CMakeFiles/Group_CubeMX.dir/C_/work/edge_impulse/st/example-csolution-stm32/STM32CubeMX/Nucleo_STM32F4466/STM32CubeMX/STM32CubeIDE/Application/Startup/startup_stm32f446retx.s.obj
                0x08000000                g_pfnVectors
                0x080001c4                        . = ALIGN (0x4)

.text           0x080001c4     0x1d74
                0x080001c4                        . = ALIGN (0x4)
 *(.text)
 .text          0x080001c4       0x30 c:/Users/franc/.vcpkg/artifacts/2139c4c6/compilers.arm.arm.none.eabi.gcc/13.3.1/bin/../lib/gcc/arm-none-eabi/13.3.1/thumb/v7e-m+fp/hard\libgcc.a(_aeabi_uldivmod.o)
                0x080001c4                __aeabi_uldivmod
 .text          0x080001f4        0x4 c:/Users/franc/.vcpkg/artifacts/2139c4c6/compilers.arm.arm.none.eabi.gcc/13.3.1/bin/../lib/gcc/arm-none-eabi/13.3.1/thumb/v7e-m+fp/hard\libgcc.a(_dvmd_tls.o)
                0x080001f4                __aeabi_idiv0
                0x080001f4                __aeabi_ldiv0
 *(.text*)
 .text.deregister_tm_clones
                0x080001f8       0x1c c:/Users/franc/.vcpkg/artifacts/2139c4c6/compilers.arm.arm.none.eabi.gcc/13.3.1/bin/../lib/gcc/arm-none-eabi/13.3.1/thumb/v7e-m+fp/hard/crtbegin.o
 .text.register_tm_clones
                0x08000214       0x24 c:/Users/franc/.vcpkg/artifacts/2139c4c6/compilers.arm.arm.none.eabi.gcc/13.3.1/bin/../lib/gcc/arm-none-eabi/13.3.1/thumb/v7e-m+fp/hard/crtbegin.o
 .text.__do_global_dtors_aux
                0x08000238       0x28 c:/Users/franc/.vcpkg/artifacts/2139c4c6/compilers.arm.arm.none.eabi.gcc/13.3.1/bin/../lib/gcc/arm-none-eabi/13.3.1/thumb/v7e-m+fp/hard/crtbegin.o
 .text.frame_dummy
                0x08000260       0x24 c:/Users/franc/.vcpkg/artifacts/2139c4c6/compilers.arm.arm.none.eabi.gcc/13.3.1/bin/../lib/gcc/arm-none-eabi/13.3.1/thumb/v7e-m+fp/hard/crtbegin.o
 .text.Reset_Handler
                0x08000284       0x50 CMakeFiles/Group_CubeMX.dir/C_/work/edge_impulse/st/example-csolution-stm32/STM32CubeMX/Nucleo_STM32F4466/STM32CubeMX/STM32CubeIDE/Application/Startup/startup_stm32f446retx.s.obj
                0x08000284                Reset_Handler
 .text.Default_Handler
                0x080002d4        0x2 CMakeFiles/Group_CubeMX.dir/C_/work/edge_impulse/st/example-csolution-stm32/STM32CubeMX/Nucleo_STM32F4466/STM32CubeMX/STM32CubeIDE/Application/Startup/startup_stm32f446retx.s.obj
                0x080002d4                RTC_Alarm_IRQHandler
                0x080002d4                EXTI2_IRQHandler
                0x080002d4                TIM8_CC_IRQHandler
                0x080002d4                FMPI2C1_EV_IRQHandler
                0x080002d4                SPI4_IRQHandler
                0x080002d4                TIM1_CC_IRQHandler
                0x080002d4                DMA2_Stream5_IRQHandler
                0x080002d4                DMA1_Stream5_IRQHandler
                0x080002d4                PVD_IRQHandler
                0x080002d4                SDIO_IRQHandler
                0x080002d4                TAMP_STAMP_IRQHandler
                0x080002d4                CAN2_RX1_IRQHandler
                0x080002d4                EXTI3_IRQHandler
                0x080002d4                TIM8_TRG_COM_TIM14_IRQHandler
                0x080002d4                TIM1_UP_TIM10_IRQHandler
                0x080002d4                TIM8_UP_TIM13_IRQHandler
                0x080002d4                I2C3_ER_IRQHandler
                0x080002d4                EXTI0_IRQHandler
                0x080002d4                I2C2_EV_IRQHandler
                0x080002d4                DMA1_Stream2_IRQHandler
                0x080002d4                CAN1_RX0_IRQHandler
                0x080002d4                FPU_IRQHandler
                0x080002d4                OTG_HS_WKUP_IRQHandler
                0x080002d4                CAN2_SCE_IRQHandler
                0x080002d4                DMA2_Stream2_IRQHandler
                0x080002d4                SPI1_IRQHandler
                0x080002d4                TIM6_DAC_IRQHandler
                0x080002d4                TIM1_BRK_TIM9_IRQHandler
                0x080002d4                DCMI_IRQHandler
                0x080002d4                CAN2_RX0_IRQHandler
                0x080002d4                DMA2_Stream3_IRQHandler
                0x080002d4                SAI2_IRQHandler
                0x080002d4                USART6_IRQHandler
                0x080002d4                USART3_IRQHandler
                0x080002d4                CAN1_RX1_IRQHandler
                0x080002d4                UART5_IRQHandler
                0x080002d4                DMA2_Stream0_IRQHandler
                0x080002d4                TIM4_IRQHandler
                0x080002d4                QUADSPI_IRQHandler
                0x080002d4                I2C1_EV_IRQHandler
                0x080002d4                DMA1_Stream6_IRQHandler
                0x080002d4                DMA1_Stream1_IRQHandler
                0x080002d4                UART4_IRQHandler
                0x080002d4                TIM3_IRQHandler
                0x080002d4                RCC_IRQHandler
                0x080002d4                TIM8_BRK_TIM12_IRQHandler
                0x080002d4                Default_Handler
                0x080002d4                CEC_IRQHandler
                0x080002d4                EXTI15_10_IRQHandler
                0x080002d4                ADC_IRQHandler
                0x080002d4                DMA1_Stream7_IRQHandler
                0x080002d4                TIM7_IRQHandler
                0x080002d4                CAN2_TX_IRQHandler
                0x080002d4                TIM5_IRQHandler
                0x080002d4                DMA2_Stream7_IRQHandler
                0x080002d4                I2C3_EV_IRQHandler
                0x080002d4                EXTI9_5_IRQHandler
                0x080002d4                RTC_WKUP_IRQHandler
                0x080002d4                SPDIF_RX_IRQHandler
                0x080002d4                SPI2_IRQHandler
                0x080002d4                OTG_HS_EP1_IN_IRQHandler
                0x080002d4                DMA1_Stream0_IRQHandler
                0x080002d4                CAN1_TX_IRQHandler
                0x080002d4                FMPI2C1_ER_IRQHandler
                0x080002d4                EXTI4_IRQHandler
                0x080002d4                OTG_HS_EP1_OUT_IRQHandler
                0x080002d4                WWDG_IRQHandler
                0x080002d4                TIM2_IRQHandler
                0x080002d4                OTG_FS_WKUP_IRQHandler
                0x080002d4                TIM1_TRG_COM_TIM11_IRQHandler
                0x080002d4                OTG_HS_IRQHandler
                0x080002d4                EXTI1_IRQHandler
                0x080002d4                USART2_IRQHandler
                0x080002d4                I2C2_ER_IRQHandler
                0x080002d4                DMA2_Stream1_IRQHandler
                0x080002d4                CAN1_SCE_IRQHandler
                0x080002d4                FLASH_IRQHandler
                0x080002d4                DMA2_Stream4_IRQHandler
                0x080002d4                USART1_IRQHandler
                0x080002d4                OTG_FS_IRQHandler
                0x080002d4                SPI3_IRQHandler
                0x080002d4                DMA1_Stream4_IRQHandler
                0x080002d4                I2C1_ER_IRQHandler
                0x080002d4                FMC_IRQHandler
                0x080002d4                DMA2_Stream6_IRQHandler
                0x080002d4                SAI1_IRQHandler
                0x080002d4                DMA1_Stream3_IRQHandler
 .text.main     0x080002d6       0x14 CMakeFiles/Group_CubeMX.dir/C_/work/edge_impulse/st/example-csolution-stm32/STM32CubeMX/Nucleo_STM32F4466/STM32CubeMX/Src/main.c.obj
                0x080002d6                main
 *fill*         0x080002ea        0x2 
 .text.SystemClock_Config
                0x080002ec       0xd0 CMakeFiles/Group_CubeMX.dir/C_/work/edge_impulse/st/example-csolution-stm32/STM32CubeMX/Nucleo_STM32F4466/STM32CubeMX/Src/main.c.obj
                0x080002ec                SystemClock_Config
 .text.MX_USART2_UART_Init
                0x080003bc       0x50 CMakeFiles/Group_CubeMX.dir/C_/work/edge_impulse/st/example-csolution-stm32/STM32CubeMX/Nucleo_STM32F4466/STM32CubeMX/Src/main.c.obj
 .text.MX_GPIO_Init
                0x0800040c       0xd4 CMakeFiles/Group_CubeMX.dir/C_/work/edge_impulse/st/example-csolution-stm32/STM32CubeMX/Nucleo_STM32F4466/STM32CubeMX/Src/main.c.obj
 .text.Error_Handler
                0x080004e0        0x6 CMakeFiles/Group_CubeMX.dir/C_/work/edge_impulse/st/example-csolution-stm32/STM32CubeMX/Nucleo_STM32F4466/STM32CubeMX/Src/main.c.obj
                0x080004e0                Error_Handler
 .text.NMI_Handler
                0x080004e6        0x2 CMakeFiles/Group_CubeMX.dir/C_/work/edge_impulse/st/example-csolution-stm32/STM32CubeMX/Nucleo_STM32F4466/STM32CubeMX/Src/stm32f4xx_it.c.obj
                0x080004e6                NMI_Handler
 .text.HardFault_Handler
                0x080004e8        0x2 CMakeFiles/Group_CubeMX.dir/C_/work/edge_impulse/st/example-csolution-stm32/STM32CubeMX/Nucleo_STM32F4466/STM32CubeMX/Src/stm32f4xx_it.c.obj
                0x080004e8                HardFault_Handler
 .text.MemManage_Handler
                0x080004ea        0x2 CMakeFiles/Group_CubeMX.dir/C_/work/edge_impulse/st/example-csolution-stm32/STM32CubeMX/Nucleo_STM32F4466/STM32CubeMX/Src/stm32f4xx_it.c.obj
                0x080004ea                MemManage_Handler
 .text.BusFault_Handler
                0x080004ec        0x2 CMakeFiles/Group_CubeMX.dir/C_/work/edge_impulse/st/example-csolution-stm32/STM32CubeMX/Nucleo_STM32F4466/STM32CubeMX/Src/stm32f4xx_it.c.obj
                0x080004ec                BusFault_Handler
 .text.UsageFault_Handler
                0x080004ee        0x2 CMakeFiles/Group_CubeMX.dir/C_/work/edge_impulse/st/example-csolution-stm32/STM32CubeMX/Nucleo_STM32F4466/STM32CubeMX/Src/stm32f4xx_it.c.obj
                0x080004ee                UsageFault_Handler
 .text.SVC_Handler
                0x080004f0        0x4 CMakeFiles/Group_CubeMX.dir/C_/work/edge_impulse/st/example-csolution-stm32/STM32CubeMX/Nucleo_STM32F4466/STM32CubeMX/Src/stm32f4xx_it.c.obj
                0x080004f0                SVC_Handler
 .text.DebugMon_Handler
                0x080004f4        0x4 CMakeFiles/Group_CubeMX.dir/C_/work/edge_impulse/st/example-csolution-stm32/STM32CubeMX/Nucleo_STM32F4466/STM32CubeMX/Src/stm32f4xx_it.c.obj
                0x080004f4                DebugMon_Handler
 .text.PendSV_Handler
                0x080004f8        0x4 CMakeFiles/Group_CubeMX.dir/C_/work/edge_impulse/st/example-csolution-stm32/STM32CubeMX/Nucleo_STM32F4466/STM32CubeMX/Src/stm32f4xx_it.c.obj
                0x080004f8                PendSV_Handler
 .text.SysTick_Handler
                0x080004fc        0xa CMakeFiles/Group_CubeMX.dir/C_/work/edge_impulse/st/example-csolution-stm32/STM32CubeMX/Nucleo_STM32F4466/STM32CubeMX/Src/stm32f4xx_it.c.obj
                0x080004fc                SysTick_Handler
 *fill*         0x08000506        0x2 
 .text.HAL_MspInit
                0x08000508       0x50 CMakeFiles/Group_CubeMX.dir/C_/work/edge_impulse/st/example-csolution-stm32/STM32CubeMX/Nucleo_STM32F4466/STM32CubeMX/Src/stm32f4xx_hal_msp.c.obj
                0x08000508                HAL_MspInit
 .text.HAL_UART_MspInit
                0x08000558       0x88 CMakeFiles/Group_CubeMX.dir/C_/work/edge_impulse/st/example-csolution-stm32/STM32CubeMX/Nucleo_STM32F4466/STM32CubeMX/Src/stm32f4xx_hal_msp.c.obj
                0x08000558                HAL_UART_MspInit
 .text.SystemInit
                0x080005e0       0x18 CMakeFiles/Group_CubeMX.dir/C_/work/edge_impulse/st/example-csolution-stm32/STM32CubeMX/Nucleo_STM32F4466/STM32CubeMX/Src/system_stm32f4xx.c.obj
                0x080005e0                SystemInit
 .text.HAL_UART_Init
                0x080005f8       0x9e CMakeFiles/Group_STM32_HAL_Driver.dir/C_/work/edge_impulse/st/example-csolution-stm32/STM32CubeMX/Nucleo_STM32F4466/STM32CubeMX/Drivers/STM32F4xx_HAL_Driver/Src/stm32f4xx_hal_uart.c.obj
                0x080005f8                HAL_UART_Init
 *fill*         0x08000696        0x2 
 .text.UART_SetConfig
                0x08000698      0x450 CMakeFiles/Group_STM32_HAL_Driver.dir/C_/work/edge_impulse/st/example-csolution-stm32/STM32CubeMX/Nucleo_STM32F4466/STM32CubeMX/Drivers/STM32F4xx_HAL_Driver/Src/stm32f4xx_hal_uart.c.obj
 .text.HAL_RCC_ClockConfig
                0x08000ae8      0x1c8 CMakeFiles/Group_STM32_HAL_Driver.dir/C_/work/edge_impulse/st/example-csolution-stm32/STM32CubeMX/Nucleo_STM32F4466/STM32CubeMX/Drivers/STM32F4xx_HAL_Driver/Src/stm32f4xx_hal_rcc.c.obj
                0x08000ae8                HAL_RCC_ClockConfig
 .text.HAL_RCC_GetHCLKFreq
                0x08000cb0        0xc CMakeFiles/Group_STM32_HAL_Driver.dir/C_/work/edge_impulse/st/example-csolution-stm32/STM32CubeMX/Nucleo_STM32F4466/STM32CubeMX/Drivers/STM32F4xx_HAL_Driver/Src/stm32f4xx_hal_rcc.c.obj
                0x08000cb0                HAL_RCC_GetHCLKFreq
 .text.HAL_RCC_GetPCLK1Freq
                0x08000cbc       0x28 CMakeFiles/Group_STM32_HAL_Driver.dir/C_/work/edge_impulse/st/example-csolution-stm32/STM32CubeMX/Nucleo_STM32F4466/STM32CubeMX/Drivers/STM32F4xx_HAL_Driver/Src/stm32f4xx_hal_rcc.c.obj
                0x08000cbc                HAL_RCC_GetPCLK1Freq
 .text.HAL_RCC_GetPCLK2Freq
                0x08000ce4       0x28 CMakeFiles/Group_STM32_HAL_Driver.dir/C_/work/edge_impulse/st/example-csolution-stm32/STM32CubeMX/Nucleo_STM32F4466/STM32CubeMX/Drivers/STM32F4xx_HAL_Driver/Src/stm32f4xx_hal_rcc.c.obj
                0x08000ce4                HAL_RCC_GetPCLK2Freq
 .text.HAL_RCC_GetSysClockFreq
                0x08000d0c      0x400 CMakeFiles/Group_STM32_HAL_Driver.dir/C_/work/edge_impulse/st/example-csolution-stm32/STM32CubeMX/Nucleo_STM32F4466/STM32CubeMX/Drivers/STM32F4xx_HAL_Driver/Src/stm32f4xx_hal_rcc_ex.c.obj
                0x08000d0c                HAL_RCC_GetSysClockFreq
 .text.HAL_RCC_OscConfig
                0x0800110c      0x544 CMakeFiles/Group_STM32_HAL_Driver.dir/C_/work/edge_impulse/st/example-csolution-stm32/STM32CubeMX/Nucleo_STM32F4466/STM32CubeMX/Drivers/STM32F4xx_HAL_Driver/Src/stm32f4xx_hal_rcc_ex.c.obj
                0x0800110c                HAL_RCC_OscConfig
 .text.HAL_GPIO_Init
                0x08001650      0x31c CMakeFiles/Group_STM32_HAL_Driver.dir/C_/work/edge_impulse/st/example-csolution-stm32/STM32CubeMX/Nucleo_STM32F4466/STM32CubeMX/Drivers/STM32F4xx_HAL_Driver/Src/stm32f4xx_hal_gpio.c.obj
                0x08001650                HAL_GPIO_Init
 .text.HAL_GPIO_WritePin
                0x0800196c       0x32 CMakeFiles/Group_STM32_HAL_Driver.dir/C_/work/edge_impulse/st/example-csolution-stm32/STM32CubeMX/Nucleo_STM32F4466/STM32CubeMX/Drivers/STM32F4xx_HAL_Driver/Src/stm32f4xx_hal_gpio.c.obj
                0x0800196c                HAL_GPIO_WritePin
 *fill*         0x0800199e        0x2 
 .text.__NVIC_SetPriorityGrouping
                0x080019a0       0x40 CMakeFiles/Group_STM32_HAL_Driver.dir/C_/work/edge_impulse/st/example-csolution-stm32/STM32CubeMX/Nucleo_STM32F4466/STM32CubeMX/Drivers/STM32F4xx_HAL_Driver/Src/stm32f4xx_hal_cortex.c.obj
 .text.__NVIC_GetPriorityGrouping
                0x080019e0       0x14 CMakeFiles/Group_STM32_HAL_Driver.dir/C_/work/edge_impulse/st/example-csolution-stm32/STM32CubeMX/Nucleo_STM32F4466/STM32CubeMX/Drivers/STM32F4xx_HAL_Driver/Src/stm32f4xx_hal_cortex.c.obj
 .text.__NVIC_SetPriority
                0x080019f4       0x50 CMakeFiles/Group_STM32_HAL_Driver.dir/C_/work/edge_impulse/st/example-csolution-stm32/STM32CubeMX/Nucleo_STM32F4466/STM32CubeMX/Drivers/STM32F4xx_HAL_Driver/Src/stm32f4xx_hal_cortex.c.obj
 .text.NVIC_EncodePriority
                0x08001a44       0x5c CMakeFiles/Group_STM32_HAL_Driver.dir/C_/work/edge_impulse/st/example-csolution-stm32/STM32CubeMX/Nucleo_STM32F4466/STM32CubeMX/Drivers/STM32F4xx_HAL_Driver/Src/stm32f4xx_hal_cortex.c.obj
 .text.SysTick_Config
                0x08001aa0       0x40 CMakeFiles/Group_STM32_HAL_Driver.dir/C_/work/edge_impulse/st/example-csolution-stm32/STM32CubeMX/Nucleo_STM32F4466/STM32CubeMX/Drivers/STM32F4xx_HAL_Driver/Src/stm32f4xx_hal_cortex.c.obj
 .text.HAL_NVIC_SetPriorityGrouping
                0x08001ae0       0x14 CMakeFiles/Group_STM32_HAL_Driver.dir/C_/work/edge_impulse/st/example-csolution-stm32/STM32CubeMX/Nucleo_STM32F4466/STM32CubeMX/Drivers/STM32F4xx_HAL_Driver/Src/stm32f4xx_hal_cortex.c.obj
                0x08001ae0                HAL_NVIC_SetPriorityGrouping
 .text.HAL_NVIC_SetPriority
                0x08001af4       0x38 CMakeFiles/Group_STM32_HAL_Driver.dir/C_/work/edge_impulse/st/example-csolution-stm32/STM32CubeMX/Nucleo_STM32F4466/STM32CubeMX/Drivers/STM32F4xx_HAL_Driver/Src/stm32f4xx_hal_cortex.c.obj
                0x08001af4                HAL_NVIC_SetPriority
 .text.HAL_SYSTICK_Config
                0x08001b2c       0x16 CMakeFiles/Group_STM32_HAL_Driver.dir/C_/work/edge_impulse/st/example-csolution-stm32/STM32CubeMX/Nucleo_STM32F4466/STM32CubeMX/Drivers/STM32F4xx_HAL_Driver/Src/stm32f4xx_hal_cortex.c.obj
                0x08001b2c                HAL_SYSTICK_Config
 *fill*         0x08001b42        0x2 
 .text.HAL_Init
                0x08001b44       0x40 CMakeFiles/Group_STM32_HAL_Driver.dir/C_/work/edge_impulse/st/example-csolution-stm32/STM32CubeMX/Nucleo_STM32F4466/STM32CubeMX/Drivers/STM32F4xx_HAL_Driver/Src/stm32f4xx_hal.c.obj
                0x08001b44                HAL_Init
 .text.HAL_InitTick
                0x08001b84       0x60 CMakeFiles/Group_STM32_HAL_Driver.dir/C_/work/edge_impulse/st/example-csolution-stm32/STM32CubeMX/Nucleo_STM32F4466/STM32CubeMX/Drivers/STM32F4xx_HAL_Driver/Src/stm32f4xx_hal.c.obj
                0x08001b84                HAL_InitTick
 .text.HAL_IncTick
                0x08001be4       0x1c CMakeFiles/Group_STM32_HAL_Driver.dir/C_/work/edge_impulse/st/example-csolution-stm32/STM32CubeMX/Nucleo_STM32F4466/STM32CubeMX/Drivers/STM32F4xx_HAL_Driver/Src/stm32f4xx_hal.c.obj
                0x08001be4                HAL_IncTick
 .text.HAL_GetTick
                0x08001c00        0xc CMakeFiles/Group_STM32_HAL_Driver.dir/C_/work/edge_impulse/st/example-csolution-stm32/STM32CubeMX/Nucleo_STM32F4466/STM32CubeMX/Drivers/STM32F4xx_HAL_Driver/Src/stm32f4xx_hal.c.obj
                0x08001c00                HAL_GetTick
 .text.__udivmoddi4
                0x08001c0c      0x2bc c:/Users/franc/.vcpkg/artifacts/2139c4c6/compilers.arm.arm.none.eabi.gcc/13.3.1/bin/../lib/gcc/arm-none-eabi/13.3.1/thumb/v7e-m+fp/hard\libgcc.a(_udivmoddi4.o)
                0x08001c0c                __udivmoddi4
 .text.memset   0x08001ec8       0x10 c:/Users/franc/.vcpkg/artifacts/2139c4c6/compilers.arm.arm.none.eabi.gcc/13.3.1/bin/../lib/gcc/arm-none-eabi/13.3.1/thumb/v7e-m+fp/hard\libc_nano.a(libc_a-memset.o)
                0x08001ec8                memset
 .text.__libc_init_array
                0x08001ed8       0x48 c:/Users/franc/.vcpkg/artifacts/2139c4c6/compilers.arm.arm.none.eabi.gcc/13.3.1/bin/../lib/gcc/arm-none-eabi/13.3.1/thumb/v7e-m+fp/hard\libc_nano.a(libc_a-init.o)
                0x08001ed8                __libc_init_array
 *(.glue_7)
 .glue_7        0x08001f20        0x0 linker stubs
 *(.glue_7t)
 .glue_7t       0x08001f20        0x0 linker stubs
 *(.eh_frame)
 .eh_frame      0x08001f20        0x0 c:/Users/franc/.vcpkg/artifacts/2139c4c6/compilers.arm.arm.none.eabi.gcc/13.3.1/bin/../lib/gcc/arm-none-eabi/13.3.1/thumb/v7e-m+fp/hard/crtbegin.o
 *(.init)
 .init          0x08001f20        0x4 c:/Users/franc/.vcpkg/artifacts/2139c4c6/compilers.arm.arm.none.eabi.gcc/13.3.1/bin/../lib/gcc/arm-none-eabi/13.3.1/thumb/v7e-m+fp/hard/crti.o
                0x08001f20                _init
 .init          0x08001f24        0x8 c:/Users/franc/.vcpkg/artifacts/2139c4c6/compilers.arm.arm.none.eabi.gcc/13.3.1/bin/../lib/gcc/arm-none-eabi/13.3.1/thumb/v7e-m+fp/hard/crtn.o
 *(.fini)
 .fini          0x08001f2c        0x4 c:/Users/franc/.vcpkg/artifacts/2139c4c6/compilers.arm.arm.none.eabi.gcc/13.3.1/bin/../lib/gcc/arm-none-eabi/13.3.1/thumb/v7e-m+fp/hard/crti.o
                0x08001f2c                _fini
 .fini          0x08001f30        0x8 c:/Users/franc/.vcpkg/artifacts/2139c4c6/compilers.arm.arm.none.eabi.gcc/13.3.1/bin/../lib/gcc/arm-none-eabi/13.3.1/thumb/v7e-m+fp/hard/crtn.o
                0x08001f38                        . = ALIGN (0x4)
                0x08001f38                        _etext = .

.vfp11_veneer   0x08001f38        0x0
 .vfp11_veneer  0x08001f38        0x0 linker stubs

.v4_bx          0x08001f38        0x0
 .v4_bx         0x08001f38        0x0 linker stubs

.iplt           0x08001f38        0x0
 .iplt          0x08001f38        0x0 c:/Users/franc/.vcpkg/artifacts/2139c4c6/compilers.arm.arm.none.eabi.gcc/13.3.1/bin/../lib/gcc/arm-none-eabi/13.3.1/thumb/v7e-m+fp/hard/crtbegin.o

.rodata         0x08001f38       0x18
                0x08001f38                        . = ALIGN (0x4)
 *(.rodata)
 *(.rodata*)
 .rodata.AHBPrescTable
                0x08001f38       0x10 CMakeFiles/Group_CubeMX.dir/C_/work/edge_impulse/st/example-csolution-stm32/STM32CubeMX/Nucleo_STM32F4466/STM32CubeMX/Src/system_stm32f4xx.c.obj
                0x08001f38                AHBPrescTable
 .rodata.APBPrescTable
                0x08001f48        0x8 CMakeFiles/Group_CubeMX.dir/C_/work/edge_impulse/st/example-csolution-stm32/STM32CubeMX/Nucleo_STM32F4466/STM32CubeMX/Src/system_stm32f4xx.c.obj
                0x08001f48                APBPrescTable
                0x08001f50                        . = ALIGN (0x4)

.ARM.extab      0x08001f50        0x0
                0x08001f50                        . = ALIGN (0x4)
 *(.ARM.extab* .gnu.linkonce.armextab.*)
                0x08001f50                        . = ALIGN (0x4)

.ARM            0x08001f50        0x8
                0x08001f50                        . = ALIGN (0x4)
                0x08001f50                        __exidx_start = .
 *(.ARM.exidx*)
 .ARM.exidx.text.__udivmoddi4
                0x08001f50        0x8 c:/Users/franc/.vcpkg/artifacts/2139c4c6/compilers.arm.arm.none.eabi.gcc/13.3.1/bin/../lib/gcc/arm-none-eabi/13.3.1/thumb/v7e-m+fp/hard\libgcc.a(_udivmoddi4.o)
                0x08001f58                        __exidx_end = .
                0x08001f58                        . = ALIGN (0x4)

.preinit_array  0x08001f58        0x0
                0x08001f58                        . = ALIGN (0x4)
                0x08001f58                        PROVIDE (__preinit_array_start = .)
 *(.preinit_array*)
                0x08001f58                        PROVIDE (__preinit_array_end = .)
                0x08001f58                        . = ALIGN (0x4)

.init_array     0x08001f58        0x4
                0x08001f58                        . = ALIGN (0x4)
                0x08001f58                        PROVIDE (__init_array_start = .)
 *(SORT_BY_NAME(.init_array.*))
 *(.init_array*)
 .init_array    0x08001f58        0x4 c:/Users/franc/.vcpkg/artifacts/2139c4c6/compilers.arm.arm.none.eabi.gcc/13.3.1/bin/../lib/gcc/arm-none-eabi/13.3.1/thumb/v7e-m+fp/hard/crtbegin.o
                0x08001f5c                        PROVIDE (__init_array_end = .)
                0x08001f5c                        . = ALIGN (0x4)

.fini_array     0x08001f5c        0x4
                0x08001f5c                        . = ALIGN (0x4)
                [!provide]                        PROVIDE (__fini_array_start = .)
 *(SORT_BY_NAME(.fini_array.*))
 *(.fini_array*)
 .fini_array    0x08001f5c        0x4 c:/Users/franc/.vcpkg/artifacts/2139c4c6/compilers.arm.arm.none.eabi.gcc/13.3.1/bin/../lib/gcc/arm-none-eabi/13.3.1/thumb/v7e-m+fp/hard/crtbegin.o
                [!provide]                        PROVIDE (__fini_array_end = .)
                0x08001f60                        . = ALIGN (0x4)
                0x08001f60                        _sidata = LOADADDR (.data)

.rel.dyn        0x08001f60        0x0
 .rel.iplt      0x08001f60        0x0 c:/Users/franc/.vcpkg/artifacts/2139c4c6/compilers.arm.arm.none.eabi.gcc/13.3.1/bin/../lib/gcc/arm-none-eabi/13.3.1/thumb/v7e-m+fp/hard/crtbegin.o

.data           0x20000000        0xc load address 0x08001f60
                0x20000000                        . = ALIGN (0x4)
                0x20000000                        _sdata = .
 *(.data)
 *(.data*)
 .data.SystemCoreClock
                0x20000000        0x4 CMakeFiles/Group_CubeMX.dir/C_/work/edge_impulse/st/example-csolution-stm32/STM32CubeMX/Nucleo_STM32F4466/STM32CubeMX/Src/system_stm32f4xx.c.obj
                0x20000000                SystemCoreClock
 .data.uwTickPrio
                0x20000004        0x4 CMakeFiles/Group_STM32_HAL_Driver.dir/C_/work/edge_impulse/st/example-csolution-stm32/STM32CubeMX/Nucleo_STM32F4466/STM32CubeMX/Drivers/STM32F4xx_HAL_Driver/Src/stm32f4xx_hal.c.obj
                0x20000004                uwTickPrio
 .data.uwTickFreq
                0x20000008        0x1 CMakeFiles/Group_STM32_HAL_Driver.dir/C_/work/edge_impulse/st/example-csolution-stm32/STM32CubeMX/Nucleo_STM32F4466/STM32CubeMX/Drivers/STM32F4xx_HAL_Driver/Src/stm32f4xx_hal.c.obj
                0x20000008                uwTickFreq
 *(.RamFunc)
 *(.RamFunc*)
                0x2000000c                        . = ALIGN (0x4)
 *fill*         0x20000009        0x3 
                0x2000000c                        _edata = .

.tm_clone_table
                0x2000000c        0x0 load address 0x08001f6c
 .tm_clone_table
                0x2000000c        0x0 c:/Users/franc/.vcpkg/artifacts/2139c4c6/compilers.arm.arm.none.eabi.gcc/13.3.1/bin/../lib/gcc/arm-none-eabi/13.3.1/thumb/v7e-m+fp/hard/crtbegin.o
 .tm_clone_table
                0x2000000c        0x0 c:/Users/franc/.vcpkg/artifacts/2139c4c6/compilers.arm.arm.none.eabi.gcc/13.3.1/bin/../lib/gcc/arm-none-eabi/13.3.1/thumb/v7e-m+fp/hard/crtend.o

.igot.plt       0x2000000c        0x0 load address 0x08001f6c
 .igot.plt      0x2000000c        0x0 c:/Users/franc/.vcpkg/artifacts/2139c4c6/compilers.arm.arm.none.eabi.gcc/13.3.1/bin/../lib/gcc/arm-none-eabi/13.3.1/thumb/v7e-m+fp/hard/crtbegin.o
                0x2000000c                        . = ALIGN (0x4)

.bss            0x2000000c       0x68 load address 0x08001f6c
                0x2000000c                        _sbss = .
                0x2000000c                        __bss_start__ = _sbss
 *(.bss)
 *(.bss*)
 .bss.completed.1
                0x2000000c        0x1 c:/Users/franc/.vcpkg/artifacts/2139c4c6/compilers.arm.arm.none.eabi.gcc/13.3.1/bin/../lib/gcc/arm-none-eabi/13.3.1/thumb/v7e-m+fp/hard/crtbegin.o
 *fill*         0x2000000d        0x3 
 .bss.object.0  0x20000010       0x18 c:/Users/franc/.vcpkg/artifacts/2139c4c6/compilers.arm.arm.none.eabi.gcc/13.3.1/bin/../lib/gcc/arm-none-eabi/13.3.1/thumb/v7e-m+fp/hard/crtbegin.o
 .bss.huart2    0x20000028       0x48 CMakeFiles/Group_CubeMX.dir/C_/work/edge_impulse/st/example-csolution-stm32/STM32CubeMX/Nucleo_STM32F4466/STM32CubeMX/Src/main.c.obj
                0x20000028                huart2
 .bss.uwTick    0x20000070        0x4 CMakeFiles/Group_STM32_HAL_Driver.dir/C_/work/edge_impulse/st/example-csolution-stm32/STM32CubeMX/Nucleo_STM32F4466/STM32CubeMX/Drivers/STM32F4xx_HAL_Driver/Src/stm32f4xx_hal.c.obj
                0x20000070                uwTick
 *(COMMON)
                0x20000074                        . = ALIGN (0x4)
                0x20000074                        _ebss = .
                0x20000074                        __bss_end__ = _ebss

._user_heap_stack
                0x20000074      0x604 load address 0x08001f6c
                0x20000078                        . = ALIGN (0x8)
 *fill*         0x20000074        0x4 
                0x20000078                        PROVIDE (end = .)
                [!provide]                        PROVIDE (_end = .)
                0x20000278                        . = (. + _Min_Heap_Size)
 *fill*         0x20000078      0x200 
                0x20000678                        . = (. + _Min_Stack_Size)
 *fill*         0x20000278      0x400 
                0x20000678                        . = ALIGN (0x8)

/DISCARD/
 libc.a(*)
 libm.a(*)
 libgcc.a(*)

.ARM.attributes
                0x00000000       0x30
 *(.ARM.attributes)
 .ARM.attributes
                0x00000000       0x22 c:/Users/franc/.vcpkg/artifacts/2139c4c6/compilers.arm.arm.none.eabi.gcc/13.3.1/bin/../lib/gcc/arm-none-eabi/13.3.1/thumb/v7e-m+fp/hard/crti.o
 .ARM.attributes
                0x00000022       0x34 c:/Users/franc/.vcpkg/artifacts/2139c4c6/compilers.arm.arm.none.eabi.gcc/13.3.1/bin/../lib/gcc/arm-none-eabi/13.3.1/thumb/v7e-m+fp/hard/crtbegin.o
 .ARM.attributes
                0x00000056       0x21 CMakeFiles/Group_CubeMX.dir/C_/work/edge_impulse/st/example-csolution-stm32/STM32CubeMX/Nucleo_STM32F4466/STM32CubeMX/STM32CubeIDE/Application/Startup/startup_stm32f446retx.s.obj
 .ARM.attributes
                0x00000077       0x34 CMakeFiles/Group_CubeMX.dir/C_/work/edge_impulse/st/example-csolution-stm32/STM32CubeMX/Nucleo_STM32F4466/STM32CubeMX/Src/main.c.obj
 .ARM.attributes
                0x000000ab       0x34 CMakeFiles/Group_CubeMX.dir/C_/work/edge_impulse/st/example-csolution-stm32/STM32CubeMX/Nucleo_STM32F4466/STM32CubeMX/Src/stm32f4xx_it.c.obj
 .ARM.attributes
                0x000000df       0x34 CMakeFiles/Group_CubeMX.dir/C_/work/edge_impulse/st/example-csolution-stm32/STM32CubeMX/Nucleo_STM32F4466/STM32CubeMX/Src/stm32f4xx_hal_msp.c.obj
 .ARM.attributes
                0x00000113       0x34 CMakeFiles/Group_CubeMX.dir/C_/work/edge_impulse/st/example-csolution-stm32/STM32CubeMX/Nucleo_STM32F4466/STM32CubeMX/Src/system_stm32f4xx.c.obj
 .ARM.attributes
                0x00000147       0x34 CMakeFiles/Group_STM32_HAL_Driver.dir/C_/work/edge_impulse/st/example-csolution-stm32/STM32CubeMX/Nucleo_STM32F4466/STM32CubeMX/Drivers/STM32F4xx_HAL_Driver/Src/stm32f4xx_hal_uart.c.obj
 .ARM.attributes
                0x0000017b       0x34 CMakeFiles/Group_STM32_HAL_Driver.dir/C_/work/edge_impulse/st/example-csolution-stm32/STM32CubeMX/Nucleo_STM32F4466/STM32CubeMX/Drivers/STM32F4xx_HAL_Driver/Src/stm32f4xx_hal_rcc.c.obj
 .ARM.attributes
                0x000001af       0x34 CMakeFiles/Group_STM32_HAL_Driver.dir/C_/work/edge_impulse/st/example-csolution-stm32/STM32CubeMX/Nucleo_STM32F4466/STM32CubeMX/Drivers/STM32F4xx_HAL_Driver/Src/stm32f4xx_hal_rcc_ex.c.obj
 .ARM.attributes
                0x000001e3       0x34 CMakeFiles/Group_STM32_HAL_Driver.dir/C_/work/edge_impulse/st/example-csolution-stm32/STM32CubeMX/Nucleo_STM32F4466/STM32CubeMX/Drivers/STM32F4xx_HAL_Driver/Src/stm32f4xx_hal_gpio.c.obj
 .ARM.attributes
                0x00000217       0x34 CMakeFiles/Group_STM32_HAL_Driver.dir/C_/work/edge_impulse/st/example-csolution-stm32/STM32CubeMX/Nucleo_STM32F4466/STM32CubeMX/Drivers/STM32F4xx_HAL_Driver/Src/stm32f4xx_hal_cortex.c.obj
 .ARM.attributes
                0x0000024b       0x34 CMakeFiles/Group_STM32_HAL_Driver.dir/C_/work/edge_impulse/st/example-csolution-stm32/STM32CubeMX/Nucleo_STM32F4466/STM32CubeMX/Drivers/STM32F4xx_HAL_Driver/Src/stm32f4xx_hal.c.obj
 .ARM.attributes
                0x0000027f       0x22 c:/Users/franc/.vcpkg/artifacts/2139c4c6/compilers.arm.arm.none.eabi.gcc/13.3.1/bin/../lib/gcc/arm-none-eabi/13.3.1/thumb/v7e-m+fp/hard\libgcc.a(_aeabi_uldivmod.o)
 .ARM.attributes
                0x000002a1       0x34 c:/Users/franc/.vcpkg/artifacts/2139c4c6/compilers.arm.arm.none.eabi.gcc/13.3.1/bin/../lib/gcc/arm-none-eabi/13.3.1/thumb/v7e-m+fp/hard\libgcc.a(_udivmoddi4.o)
 .ARM.attributes
                0x000002d5       0x22 c:/Users/franc/.vcpkg/artifacts/2139c4c6/compilers.arm.arm.none.eabi.gcc/13.3.1/bin/../lib/gcc/arm-none-eabi/13.3.1/thumb/v7e-m+fp/hard\libgcc.a(_dvmd_tls.o)
 .ARM.attributes
                0x000002f7       0x34 c:/Users/franc/.vcpkg/artifacts/2139c4c6/compilers.arm.arm.none.eabi.gcc/13.3.1/bin/../lib/gcc/arm-none-eabi/13.3.1/thumb/v7e-m+fp/hard\libc_nano.a(libc_a-memset.o)
 .ARM.attributes
                0x0000032b       0x34 c:/Users/franc/.vcpkg/artifacts/2139c4c6/compilers.arm.arm.none.eabi.gcc/13.3.1/bin/../lib/gcc/arm-none-eabi/13.3.1/thumb/v7e-m+fp/hard\libc_nano.a(libc_a-init.o)
 .ARM.attributes
                0x0000035f       0x34 c:/Users/franc/.vcpkg/artifacts/2139c4c6/compilers.arm.arm.none.eabi.gcc/13.3.1/bin/../lib/gcc/arm-none-eabi/13.3.1/thumb/v7e-m+fp/hard/crtend.o
 .ARM.attributes
                0x00000393       0x22 c:/Users/franc/.vcpkg/artifacts/2139c4c6/compilers.arm.arm.none.eabi.gcc/13.3.1/bin/../lib/gcc/arm-none-eabi/13.3.1/thumb/v7e-m+fp/hard/crtn.o
OUTPUT(C:\work\edge_impulse\st\example-csolution-stm32\out\stm32\Nucleo_STM32F4466\Debug\stm32.elf elf32-littlearm)
LOAD linker stubs
LOAD c:/Users/franc/.vcpkg/artifacts/2139c4c6/compilers.arm.arm.none.eabi.gcc/13.3.1/bin/../lib/gcc/arm-none-eabi/13.3.1/thumb/v7e-m+fp/hard\libc.a
LOAD c:/Users/franc/.vcpkg/artifacts/2139c4c6/compilers.arm.arm.none.eabi.gcc/13.3.1/bin/../lib/gcc/arm-none-eabi/13.3.1/thumb/v7e-m+fp/hard\libm.a
LOAD c:/Users/franc/.vcpkg/artifacts/2139c4c6/compilers.arm.arm.none.eabi.gcc/13.3.1/bin/../lib/gcc/arm-none-eabi/13.3.1/thumb/v7e-m+fp/hard\libgcc.a

.debug_line     0x00000000     0x8f5f
 .debug_line    0x00000000       0x7a CMakeFiles/Group_CubeMX.dir/C_/work/edge_impulse/st/example-csolution-stm32/STM32CubeMX/Nucleo_STM32F4466/STM32CubeMX/STM32CubeIDE/Application/Startup/startup_stm32f446retx.s.obj
 .debug_line    0x0000007a      0x89a CMakeFiles/Group_CubeMX.dir/C_/work/edge_impulse/st/example-csolution-stm32/STM32CubeMX/Nucleo_STM32F4466/STM32CubeMX/Src/main.c.obj
 .debug_line    0x00000914      0x860 CMakeFiles/Group_CubeMX.dir/C_/work/edge_impulse/st/example-csolution-stm32/STM32CubeMX/Nucleo_STM32F4466/STM32CubeMX/Src/stm32f4xx_it.c.obj
 .debug_line    0x00001174      0x800 CMakeFiles/Group_CubeMX.dir/C_/work/edge_impulse/st/example-csolution-stm32/STM32CubeMX/Nucleo_STM32F4466/STM32CubeMX/Src/stm32f4xx_hal_msp.c.obj
 .debug_line    0x00001974      0x836 CMakeFiles/Group_CubeMX.dir/C_/work/edge_impulse/st/example-csolution-stm32/STM32CubeMX/Nucleo_STM32F4466/STM32CubeMX/Src/system_stm32f4xx.c.obj
 .debug_line    0x000021aa     0x256f CMakeFiles/Group_STM32_HAL_Driver.dir/C_/work/edge_impulse/st/example-csolution-stm32/STM32CubeMX/Nucleo_STM32F4466/STM32CubeMX/Drivers/STM32F4xx_HAL_Driver/Src/stm32f4xx_hal_uart.c.obj
 .debug_line    0x00004719      0xec3 CMakeFiles/Group_STM32_HAL_Driver.dir/C_/work/edge_impulse/st/example-csolution-stm32/STM32CubeMX/Nucleo_STM32F4466/STM32CubeMX/Drivers/STM32F4xx_HAL_Driver/Src/stm32f4xx_hal_rcc.c.obj
 .debug_line    0x000055dc     0x1575 CMakeFiles/Group_STM32_HAL_Driver.dir/C_/work/edge_impulse/st/example-csolution-stm32/STM32CubeMX/Nucleo_STM32F4466/STM32CubeMX/Drivers/STM32F4xx_HAL_Driver/Src/stm32f4xx_hal_rcc_ex.c.obj
 .debug_line    0x00006b51      0xbec CMakeFiles/Group_STM32_HAL_Driver.dir/C_/work/edge_impulse/st/example-csolution-stm32/STM32CubeMX/Nucleo_STM32F4466/STM32CubeMX/Drivers/STM32F4xx_HAL_Driver/Src/stm32f4xx_hal_gpio.c.obj
 .debug_line    0x0000773d      0xd7a CMakeFiles/Group_STM32_HAL_Driver.dir/C_/work/edge_impulse/st/example-csolution-stm32/STM32CubeMX/Nucleo_STM32F4466/STM32CubeMX/Drivers/STM32F4xx_HAL_Driver/Src/stm32f4xx_hal_cortex.c.obj
 .debug_line    0x000084b7      0xaa8 CMakeFiles/Group_STM32_HAL_Driver.dir/C_/work/edge_impulse/st/example-csolution-stm32/STM32CubeMX/Nucleo_STM32F4466/STM32CubeMX/Drivers/STM32F4xx_HAL_Driver/Src/stm32f4xx_hal.c.obj

.debug_line_str
                0x00000000      0x19e
 .debug_line_str
                0x00000000      0x19e CMakeFiles/Group_CubeMX.dir/C_/work/edge_impulse/st/example-csolution-stm32/STM32CubeMX/Nucleo_STM32F4466/STM32CubeMX/STM32CubeIDE/Application/Startup/startup_stm32f446retx.s.obj
                                 0xc9 (size before relaxing)
 .debug_line_str
                0x0000019e       0xc9 c:/Users/franc/.vcpkg/artifacts/2139c4c6/compilers.arm.arm.none.eabi.gcc/13.3.1/bin/../lib/gcc/arm-none-eabi/13.3.1/thumb/v7e-m+fp/hard\libgcc.a(_aeabi_uldivmod.o)
 .debug_line_str
                0x0000019e       0xcd c:/Users/franc/.vcpkg/artifacts/2139c4c6/compilers.arm.arm.none.eabi.gcc/13.3.1/bin/../lib/gcc/arm-none-eabi/13.3.1/thumb/v7e-m+fp/hard\libgcc.a(_dvmd_tls.o)

.debug_info     0x00000000     0x7bb1
 .debug_info    0x00000000       0x30 CMakeFiles/Group_CubeMX.dir/C_/work/edge_impulse/st/example-csolution-stm32/STM32CubeMX/Nucleo_STM32F4466/STM32CubeMX/STM32CubeIDE/Application/Startup/startup_stm32f446retx.s.obj
 .debug_info    0x00000030      0xbc9 CMakeFiles/Group_CubeMX.dir/C_/work/edge_impulse/st/example-csolution-stm32/STM32CubeMX/Nucleo_STM32F4466/STM32CubeMX/Src/main.c.obj
 .debug_info    0x00000bf9      0x112 CMakeFiles/Group_CubeMX.dir/C_/work/edge_impulse/st/example-csolution-stm32/STM32CubeMX/Nucleo_STM32F4466/STM32CubeMX/Src/stm32f4xx_it.c.obj
 .debug_info    0x00000d0b      0x92c CMakeFiles/Group_CubeMX.dir/C_/work/edge_impulse/st/example-csolution-stm32/STM32CubeMX/Nucleo_STM32F4466/STM32CubeMX/Src/stm32f4xx_hal_msp.c.obj
 .debug_info    0x00001637      0x57a CMakeFiles/Group_CubeMX.dir/C_/work/edge_impulse/st/example-csolution-stm32/STM32CubeMX/Nucleo_STM32F4466/STM32CubeMX/Src/system_stm32f4xx.c.obj
 .debug_info    0x00001bb1     0x2f47 CMakeFiles/Group_STM32_HAL_Driver.dir/C_/work/edge_impulse/st/example-csolution-stm32/STM32CubeMX/Nucleo_STM32F4466/STM32CubeMX/Drivers/STM32F4xx_HAL_Driver/Src/stm32f4xx_hal_uart.c.obj
 .debug_info    0x00004af8      0x8eb CMakeFiles/Group_STM32_HAL_Driver.dir/C_/work/edge_impulse/st/example-csolution-stm32/STM32CubeMX/Nucleo_STM32F4466/STM32CubeMX/Drivers/STM32F4xx_HAL_Driver/Src/stm32f4xx_hal_rcc.c.obj
 .debug_info    0x000053e3      0x956 CMakeFiles/Group_STM32_HAL_Driver.dir/C_/work/edge_impulse/st/example-csolution-stm32/STM32CubeMX/Nucleo_STM32F4466/STM32CubeMX/Drivers/STM32F4xx_HAL_Driver/Src/stm32f4xx_hal_rcc_ex.c.obj
 .debug_info    0x00005d39      0x70b CMakeFiles/Group_STM32_HAL_Driver.dir/C_/work/edge_impulse/st/example-csolution-stm32/STM32CubeMX/Nucleo_STM32F4466/STM32CubeMX/Drivers/STM32F4xx_HAL_Driver/Src/stm32f4xx_hal_gpio.c.obj
 .debug_info    0x00006444      0xdd3 CMakeFiles/Group_STM32_HAL_Driver.dir/C_/work/edge_impulse/st/example-csolution-stm32/STM32CubeMX/Nucleo_STM32F4466/STM32CubeMX/Drivers/STM32F4xx_HAL_Driver/Src/stm32f4xx_hal_cortex.c.obj
 .debug_info    0x00007217      0x99a CMakeFiles/Group_STM32_HAL_Driver.dir/C_/work/edge_impulse/st/example-csolution-stm32/STM32CubeMX/Nucleo_STM32F4466/STM32CubeMX/Drivers/STM32F4xx_HAL_Driver/Src/stm32f4xx_hal.c.obj

.debug_abbrev   0x00000000     0x14b0
 .debug_abbrev  0x00000000       0x24 CMakeFiles/Group_CubeMX.dir/C_/work/edge_impulse/st/example-csolution-stm32/STM32CubeMX/Nucleo_STM32F4466/STM32CubeMX/STM32CubeIDE/Application/Startup/startup_stm32f446retx.s.obj
 .debug_abbrev  0x00000024      0x247 CMakeFiles/Group_CubeMX.dir/C_/work/edge_impulse/st/example-csolution-stm32/STM32CubeMX/Nucleo_STM32F4466/STM32CubeMX/Src/main.c.obj
 .debug_abbrev  0x0000026b       0x73 CMakeFiles/Group_CubeMX.dir/C_/work/edge_impulse/st/example-csolution-stm32/STM32CubeMX/Nucleo_STM32F4466/STM32CubeMX/Src/stm32f4xx_it.c.obj
 .debug_abbrev  0x000002de      0x1c2 CMakeFiles/Group_CubeMX.dir/C_/work/edge_impulse/st/example-csolution-stm32/STM32CubeMX/Nucleo_STM32F4466/STM32CubeMX/Src/stm32f4xx_hal_msp.c.obj
 .debug_abbrev  0x000004a0      0x139 CMakeFiles/Group_CubeMX.dir/C_/work/edge_impulse/st/example-csolution-stm32/STM32CubeMX/Nucleo_STM32F4466/STM32CubeMX/Src/system_stm32f4xx.c.obj
 .debug_abbrev  0x000005d9      0x30f CMakeFiles/Group_STM32_HAL_Driver.dir/C_/work/edge_impulse/st/example-csolution-stm32/STM32CubeMX/Nucleo_STM32F4466/STM32CubeMX/Drivers/STM32F4xx_HAL_Driver/Src/stm32f4xx_hal_uart.c.obj
 .debug_abbrev  0x000008e8      0x2b7 CMakeFiles/Group_STM32_HAL_Driver.dir/C_/work/edge_impulse/st/example-csolution-stm32/STM32CubeMX/Nucleo_STM32F4466/STM32CubeMX/Drivers/STM32F4xx_HAL_Driver/Src/stm32f4xx_hal_rcc.c.obj
 .debug_abbrev  0x00000b9f      0x20a CMakeFiles/Group_STM32_HAL_Driver.dir/C_/work/edge_impulse/st/example-csolution-stm32/STM32CubeMX/Nucleo_STM32F4466/STM32CubeMX/Drivers/STM32F4xx_HAL_Driver/Src/stm32f4xx_hal_rcc_ex.c.obj
 .debug_abbrev  0x00000da9      0x1d4 CMakeFiles/Group_STM32_HAL_Driver.dir/C_/work/edge_impulse/st/example-csolution-stm32/STM32CubeMX/Nucleo_STM32F4466/STM32CubeMX/Drivers/STM32F4xx_HAL_Driver/Src/stm32f4xx_hal_gpio.c.obj
 .debug_abbrev  0x00000f7d      0x31f CMakeFiles/Group_STM32_HAL_Driver.dir/C_/work/edge_impulse/st/example-csolution-stm32/STM32CubeMX/Nucleo_STM32F4466/STM32CubeMX/Drivers/STM32F4xx_HAL_Driver/Src/stm32f4xx_hal_cortex.c.obj
 .debug_abbrev  0x0000129c      0x214 CMakeFiles/Group_STM32_HAL_Driver.dir/C_/work/edge_impulse/st/example-csolution-stm32/STM32CubeMX/Nucleo_STM32F4466/STM32CubeMX/Drivers/STM32F4xx_HAL_Driver/Src/stm32f4xx_hal.c.obj

.debug_aranges  0x00000000      0x6a0
 .debug_aranges
                0x00000000       0x28 CMakeFiles/Group_CubeMX.dir/C_/work/edge_impulse/st/example-csolution-stm32/STM32CubeMX/Nucleo_STM32F4466/STM32CubeMX/STM32CubeIDE/Application/Startup/startup_stm32f446retx.s.obj
 .debug_aranges
                0x00000028       0x40 CMakeFiles/Group_CubeMX.dir/C_/work/edge_impulse/st/example-csolution-stm32/STM32CubeMX/Nucleo_STM32F4466/STM32CubeMX/Src/main.c.obj
 .debug_aranges
                0x00000068       0x60 CMakeFiles/Group_CubeMX.dir/C_/work/edge_impulse/st/example-csolution-stm32/STM32CubeMX/Nucleo_STM32F4466/STM32CubeMX/Src/stm32f4xx_it.c.obj
 .debug_aranges
                0x000000c8       0x30 CMakeFiles/Group_CubeMX.dir/C_/work/edge_impulse/st/example-csolution-stm32/STM32CubeMX/Nucleo_STM32F4466/STM32CubeMX/Src/stm32f4xx_hal_msp.c.obj
 .debug_aranges
                0x000000f8       0x28 CMakeFiles/Group_CubeMX.dir/C_/work/edge_impulse/st/example-csolution-stm32/STM32CubeMX/Nucleo_STM32F4466/STM32CubeMX/Src/system_stm32f4xx.c.obj
 .debug_aranges
                0x00000120      0x208 CMakeFiles/Group_STM32_HAL_Driver.dir/C_/work/edge_impulse/st/example-csolution-stm32/STM32CubeMX/Nucleo_STM32F4466/STM32CubeMX/Drivers/STM32F4xx_HAL_Driver/Src/stm32f4xx_hal_uart.c.obj
 .debug_aranges
                0x00000328       0x88 CMakeFiles/Group_STM32_HAL_Driver.dir/C_/work/edge_impulse/st/example-csolution-stm32/STM32CubeMX/Nucleo_STM32F4466/STM32CubeMX/Drivers/STM32F4xx_HAL_Driver/Src/stm32f4xx_hal_rcc.c.obj
 .debug_aranges
                0x000003b0       0x78 CMakeFiles/Group_STM32_HAL_Driver.dir/C_/work/edge_impulse/st/example-csolution-stm32/STM32CubeMX/Nucleo_STM32F4466/STM32CubeMX/Drivers/STM32F4xx_HAL_Driver/Src/stm32f4xx_hal_rcc_ex.c.obj
 .debug_aranges
                0x00000428       0x58 CMakeFiles/Group_STM32_HAL_Driver.dir/C_/work/edge_impulse/st/example-csolution-stm32/STM32CubeMX/Nucleo_STM32F4466/STM32CubeMX/Drivers/STM32F4xx_HAL_Driver/Src/stm32f4xx_hal_gpio.c.obj
 .debug_aranges
                0x00000480      0x130 CMakeFiles/Group_STM32_HAL_Driver.dir/C_/work/edge_impulse/st/example-csolution-stm32/STM32CubeMX/Nucleo_STM32F4466/STM32CubeMX/Drivers/STM32F4xx_HAL_Driver/Src/stm32f4xx_hal_cortex.c.obj
 .debug_aranges
                0x000005b0       0xf0 CMakeFiles/Group_STM32_HAL_Driver.dir/C_/work/edge_impulse/st/example-csolution-stm32/STM32CubeMX/Nucleo_STM32F4466/STM32CubeMX/Drivers/STM32F4xx_HAL_Driver/Src/stm32f4xx_hal.c.obj

.debug_str      0x00000000    0xc4fc2
 .debug_str     0x00000000    0xc4fc2 CMakeFiles/Group_CubeMX.dir/C_/work/edge_impulse/st/example-csolution-stm32/STM32CubeMX/Nucleo_STM32F4466/STM32CubeMX/STM32CubeIDE/Application/Startup/startup_stm32f446retx.s.obj
                                 0xe5 (size before relaxing)
 .debug_str     0x000c4fc2    0xc311c CMakeFiles/Group_CubeMX.dir/C_/work/edge_impulse/st/example-csolution-stm32/STM32CubeMX/Nucleo_STM32F4466/STM32CubeMX/Src/main.c.obj
 .debug_str     0x000c4fc2    0xc2985 CMakeFiles/Group_CubeMX.dir/C_/work/edge_impulse/st/example-csolution-stm32/STM32CubeMX/Nucleo_STM32F4466/STM32CubeMX/Src/stm32f4xx_it.c.obj
 .debug_str     0x000c4fc2    0xc2f60 CMakeFiles/Group_CubeMX.dir/C_/work/edge_impulse/st/example-csolution-stm32/STM32CubeMX/Nucleo_STM32F4466/STM32CubeMX/Src/stm32f4xx_hal_msp.c.obj
 .debug_str     0x000c4fc2    0xc29d3 CMakeFiles/Group_CubeMX.dir/C_/work/edge_impulse/st/example-csolution-stm32/STM32CubeMX/Nucleo_STM32F4466/STM32CubeMX/Src/system_stm32f4xx.c.obj
 .debug_str     0x000c4fc2    0xc33a3 CMakeFiles/Group_STM32_HAL_Driver.dir/C_/work/edge_impulse/st/example-csolution-stm32/STM32CubeMX/Nucleo_STM32F4466/STM32CubeMX/Drivers/STM32F4xx_HAL_Driver/Src/stm32f4xx_hal_uart.c.obj
 .debug_str     0x000c4fc2    0xc2dec CMakeFiles/Group_STM32_HAL_Driver.dir/C_/work/edge_impulse/st/example-csolution-stm32/STM32CubeMX/Nucleo_STM32F4466/STM32CubeMX/Drivers/STM32F4xx_HAL_Driver/Src/stm32f4xx_hal_rcc.c.obj
 .debug_str     0x000c4fc2    0xc2e1f CMakeFiles/Group_STM32_HAL_Driver.dir/C_/work/edge_impulse/st/example-csolution-stm32/STM32CubeMX/Nucleo_STM32F4466/STM32CubeMX/Drivers/STM32F4xx_HAL_Driver/Src/stm32f4xx_hal_rcc_ex.c.obj
 .debug_str     0x000c4fc2    0xc2b2e CMakeFiles/Group_STM32_HAL_Driver.dir/C_/work/edge_impulse/st/example-csolution-stm32/STM32CubeMX/Nucleo_STM32F4466/STM32CubeMX/Drivers/STM32F4xx_HAL_Driver/Src/stm32f4xx_hal_gpio.c.obj
 .debug_str     0x000c4fc2    0xc32ef CMakeFiles/Group_STM32_HAL_Driver.dir/C_/work/edge_impulse/st/example-csolution-stm32/STM32CubeMX/Nucleo_STM32F4466/STM32CubeMX/Drivers/STM32F4xx_HAL_Driver/Src/stm32f4xx_hal_cortex.c.obj
 .debug_str     0x000c4fc2    0xc3578 CMakeFiles/Group_STM32_HAL_Driver.dir/C_/work/edge_impulse/st/example-csolution-stm32/STM32CubeMX/Nucleo_STM32F4466/STM32CubeMX/Drivers/STM32F4xx_HAL_Driver/Src/stm32f4xx_hal.c.obj

.debug_rnglists
                0x00000000      0x510
 .debug_rnglists
                0x00000000       0x19 CMakeFiles/Group_CubeMX.dir/C_/work/edge_impulse/st/example-csolution-stm32/STM32CubeMX/Nucleo_STM32F4466/STM32CubeMX/STM32CubeIDE/Application/Startup/startup_stm32f446retx.s.obj
 .debug_rnglists
                0x00000019       0x2d CMakeFiles/Group_CubeMX.dir/C_/work/edge_impulse/st/example-csolution-stm32/STM32CubeMX/Nucleo_STM32F4466/STM32CubeMX/Src/main.c.obj
 .debug_rnglists
                0x00000046       0x43 CMakeFiles/Group_CubeMX.dir/C_/work/edge_impulse/st/example-csolution-stm32/STM32CubeMX/Nucleo_STM32F4466/STM32CubeMX/Src/stm32f4xx_it.c.obj
 .debug_rnglists
                0x00000089       0x20 CMakeFiles/Group_CubeMX.dir/C_/work/edge_impulse/st/example-csolution-stm32/STM32CubeMX/Nucleo_STM32F4466/STM32CubeMX/Src/stm32f4xx_hal_msp.c.obj
 .debug_rnglists
                0x000000a9       0x1a CMakeFiles/Group_CubeMX.dir/C_/work/edge_impulse/st/example-csolution-stm32/STM32CubeMX/Nucleo_STM32F4466/STM32CubeMX/Src/system_stm32f4xx.c.obj
 .debug_rnglists
                0x000000c3      0x1bc CMakeFiles/Group_STM32_HAL_Driver.dir/C_/work/edge_impulse/st/example-csolution-stm32/STM32CubeMX/Nucleo_STM32F4466/STM32CubeMX/Drivers/STM32F4xx_HAL_Driver/Src/stm32f4xx_hal_uart.c.obj
 .debug_rnglists
                0x0000027f       0x66 CMakeFiles/Group_STM32_HAL_Driver.dir/C_/work/edge_impulse/st/example-csolution-stm32/STM32CubeMX/Nucleo_STM32F4466/STM32CubeMX/Drivers/STM32F4xx_HAL_Driver/Src/stm32f4xx_hal_rcc.c.obj
 .debug_rnglists
                0x000002e5       0x5e CMakeFiles/Group_STM32_HAL_Driver.dir/C_/work/edge_impulse/st/example-csolution-stm32/STM32CubeMX/Nucleo_STM32F4466/STM32CubeMX/Drivers/STM32F4xx_HAL_Driver/Src/stm32f4xx_hal_rcc_ex.c.obj
 .debug_rnglists
                0x00000343       0x3f CMakeFiles/Group_STM32_HAL_Driver.dir/C_/work/edge_impulse/st/example-csolution-stm32/STM32CubeMX/Nucleo_STM32F4466/STM32CubeMX/Drivers/STM32F4xx_HAL_Driver/Src/stm32f4xx_hal_gpio.c.obj
 .debug_rnglists
                0x00000382       0xdf CMakeFiles/Group_STM32_HAL_Driver.dir/C_/work/edge_impulse/st/example-csolution-stm32/STM32CubeMX/Nucleo_STM32F4466/STM32CubeMX/Drivers/STM32F4xx_HAL_Driver/Src/stm32f4xx_hal_cortex.c.obj
 .debug_rnglists
                0x00000461       0xaf CMakeFiles/Group_STM32_HAL_Driver.dir/C_/work/edge_impulse/st/example-csolution-stm32/STM32CubeMX/Nucleo_STM32F4466/STM32CubeMX/Drivers/STM32F4xx_HAL_Driver/Src/stm32f4xx_hal.c.obj

.debug_macro    0x00000000    0x2044f
 .debug_macro   0x00000000      0x1d8 CMakeFiles/Group_CubeMX.dir/C_/work/edge_impulse/st/example-csolution-stm32/STM32CubeMX/Nucleo_STM32F4466/STM32CubeMX/Src/main.c.obj
 .debug_macro   0x000001d8      0xad8 CMakeFiles/Group_CubeMX.dir/C_/work/edge_impulse/st/example-csolution-stm32/STM32CubeMX/Nucleo_STM32F4466/STM32CubeMX/Src/main.c.obj
 .debug_macro   0x00000cb0      0x295 CMakeFiles/Group_CubeMX.dir/C_/work/edge_impulse/st/example-csolution-stm32/STM32CubeMX/Nucleo_STM32F4466/STM32CubeMX/Src/main.c.obj
 .debug_macro   0x00000f45       0x2e CMakeFiles/Group_CubeMX.dir/C_/work/edge_impulse/st/example-csolution-stm32/STM32CubeMX/Nucleo_STM32F4466/STM32CubeMX/Src/main.c.obj
 .debug_macro   0x00000f73       0x28 CMakeFiles/Group_CubeMX.dir/C_/work/edge_impulse/st/example-csolution-stm32/STM32CubeMX/Nucleo_STM32F4466/STM32CubeMX/Src/main.c.obj
 .debug_macro   0x00000f9b       0x22 CMakeFiles/Group_CubeMX.dir/C_/work/edge_impulse/st/example-csolution-stm32/STM32CubeMX/Nucleo_STM32F4466/STM32CubeMX/Src/main.c.obj
 .debug_macro   0x00000fbd       0x8e CMakeFiles/Group_CubeMX.dir/C_/work/edge_impulse/st/example-csolution-stm32/STM32CubeMX/Nucleo_STM32F4466/STM32CubeMX/Src/main.c.obj
 .debug_macro   0x0000104b       0x51 CMakeFiles/Group_CubeMX.dir/C_/work/edge_impulse/st/example-csolution-stm32/STM32CubeMX/Nucleo_STM32F4466/STM32CubeMX/Src/main.c.obj
 .debug_macro   0x0000109c      0x103 CMakeFiles/Group_CubeMX.dir/C_/work/edge_impulse/st/example-csolution-stm32/STM32CubeMX/Nucleo_STM32F4466/STM32CubeMX/Src/main.c.obj
 .debug_macro   0x0000119f       0x6a CMakeFiles/Group_CubeMX.dir/C_/work/edge_impulse/st/example-csolution-stm32/STM32CubeMX/Nucleo_STM32F4466/STM32CubeMX/Src/main.c.obj
 .debug_macro   0x00001209      0x1df CMakeFiles/Group_CubeMX.dir/C_/work/edge_impulse/st/example-csolution-stm32/STM32CubeMX/Nucleo_STM32F4466/STM32CubeMX/Src/main.c.obj
 .debug_macro   0x000013e8       0x2e CMakeFiles/Group_CubeMX.dir/C_/work/edge_impulse/st/example-csolution-stm32/STM32CubeMX/Nucleo_STM32F4466/STM32CubeMX/Src/main.c.obj
 .debug_macro   0x00001416       0x10 CMakeFiles/Group_CubeMX.dir/C_/work/edge_impulse/st/example-csolution-stm32/STM32CubeMX/Nucleo_STM32F4466/STM32CubeMX/Src/main.c.obj
 .debug_macro   0x00001426       0x34 CMakeFiles/Group_CubeMX.dir/C_/work/edge_impulse/st/example-csolution-stm32/STM32CubeMX/Nucleo_STM32F4466/STM32CubeMX/Src/main.c.obj
 .debug_macro   0x0000145a      0x28a CMakeFiles/Group_CubeMX.dir/C_/work/edge_impulse/st/example-csolution-stm32/STM32CubeMX/Nucleo_STM32F4466/STM32CubeMX/Src/main.c.obj
 .debug_macro   0x000016e4     0x101f CMakeFiles/Group_CubeMX.dir/C_/work/edge_impulse/st/example-csolution-stm32/STM32CubeMX/Nucleo_STM32F4466/STM32CubeMX/Src/main.c.obj
 .debug_macro   0x00002703      0x11f CMakeFiles/Group_CubeMX.dir/C_/work/edge_impulse/st/example-csolution-stm32/STM32CubeMX/Nucleo_STM32F4466/STM32CubeMX/Src/main.c.obj
 .debug_macro   0x00002822    0x16749 CMakeFiles/Group_CubeMX.dir/C_/work/edge_impulse/st/example-csolution-stm32/STM32CubeMX/Nucleo_STM32F4466/STM32CubeMX/Src/main.c.obj
 .debug_macro   0x00018f6b       0x6d CMakeFiles/Group_CubeMX.dir/C_/work/edge_impulse/st/example-csolution-stm32/STM32CubeMX/Nucleo_STM32F4466/STM32CubeMX/Src/main.c.obj
 .debug_macro   0x00018fd8     0x369a CMakeFiles/Group_CubeMX.dir/C_/work/edge_impulse/st/example-csolution-stm32/STM32CubeMX/Nucleo_STM32F4466/STM32CubeMX/Src/main.c.obj
 .debug_macro   0x0001c672      0x190 CMakeFiles/Group_CubeMX.dir/C_/work/edge_impulse/st/example-csolution-stm32/STM32CubeMX/Nucleo_STM32F4466/STM32CubeMX/Src/main.c.obj
 .debug_macro   0x0001c802       0x5c CMakeFiles/Group_CubeMX.dir/C_/work/edge_impulse/st/example-csolution-stm32/STM32CubeMX/Nucleo_STM32F4466/STM32CubeMX/Src/main.c.obj
 .debug_macro   0x0001c85e      0xca5 CMakeFiles/Group_CubeMX.dir/C_/work/edge_impulse/st/example-csolution-stm32/STM32CubeMX/Nucleo_STM32F4466/STM32CubeMX/Src/main.c.obj
 .debug_macro   0x0001d503      0x9e9 CMakeFiles/Group_CubeMX.dir/C_/work/edge_impulse/st/example-csolution-stm32/STM32CubeMX/Nucleo_STM32F4466/STM32CubeMX/Src/main.c.obj
 .debug_macro   0x0001deec      0x115 CMakeFiles/Group_CubeMX.dir/C_/work/edge_impulse/st/example-csolution-stm32/STM32CubeMX/Nucleo_STM32F4466/STM32CubeMX/Src/main.c.obj
 .debug_macro   0x0001e001      0x1a0 CMakeFiles/Group_CubeMX.dir/C_/work/edge_impulse/st/example-csolution-stm32/STM32CubeMX/Nucleo_STM32F4466/STM32CubeMX/Src/main.c.obj
 .debug_macro   0x0001e1a1       0xa5 CMakeFiles/Group_CubeMX.dir/C_/work/edge_impulse/st/example-csolution-stm32/STM32CubeMX/Nucleo_STM32F4466/STM32CubeMX/Src/main.c.obj
 .debug_macro   0x0001e246      0x16d CMakeFiles/Group_CubeMX.dir/C_/work/edge_impulse/st/example-csolution-stm32/STM32CubeMX/Nucleo_STM32F4466/STM32CubeMX/Src/main.c.obj
 .debug_macro   0x0001e3b3      0x287 CMakeFiles/Group_CubeMX.dir/C_/work/edge_impulse/st/example-csolution-stm32/STM32CubeMX/Nucleo_STM32F4466/STM32CubeMX/Src/main.c.obj
 .debug_macro   0x0001e63a       0x5f CMakeFiles/Group_CubeMX.dir/C_/work/edge_impulse/st/example-csolution-stm32/STM32CubeMX/Nucleo_STM32F4466/STM32CubeMX/Src/main.c.obj
 .debug_macro   0x0001e699      0x236 CMakeFiles/Group_CubeMX.dir/C_/work/edge_impulse/st/example-csolution-stm32/STM32CubeMX/Nucleo_STM32F4466/STM32CubeMX/Src/main.c.obj
 .debug_macro   0x0001e8cf      0x132 CMakeFiles/Group_CubeMX.dir/C_/work/edge_impulse/st/example-csolution-stm32/STM32CubeMX/Nucleo_STM32F4466/STM32CubeMX/Src/main.c.obj
 .debug_macro   0x0001ea01      0x29c CMakeFiles/Group_CubeMX.dir/C_/work/edge_impulse/st/example-csolution-stm32/STM32CubeMX/Nucleo_STM32F4466/STM32CubeMX/Src/main.c.obj
 .debug_macro   0x0001ec9d       0x2e CMakeFiles/Group_CubeMX.dir/C_/work/edge_impulse/st/example-csolution-stm32/STM32CubeMX/Nucleo_STM32F4466/STM32CubeMX/Src/main.c.obj
 .debug_macro   0x0001eccb      0x127 CMakeFiles/Group_CubeMX.dir/C_/work/edge_impulse/st/example-csolution-stm32/STM32CubeMX/Nucleo_STM32F4466/STM32CubeMX/Src/main.c.obj
 .debug_macro   0x0001edf2       0xe8 CMakeFiles/Group_CubeMX.dir/C_/work/edge_impulse/st/example-csolution-stm32/STM32CubeMX/Nucleo_STM32F4466/STM32CubeMX/Src/main.c.obj
 .debug_macro   0x0001eeda       0x89 CMakeFiles/Group_CubeMX.dir/C_/work/edge_impulse/st/example-csolution-stm32/STM32CubeMX/Nucleo_STM32F4466/STM32CubeMX/Src/main.c.obj
 .debug_macro   0x0001ef63      0x2aa CMakeFiles/Group_CubeMX.dir/C_/work/edge_impulse/st/example-csolution-stm32/STM32CubeMX/Nucleo_STM32F4466/STM32CubeMX/Src/main.c.obj
 .debug_macro   0x0001f20d      0x126 CMakeFiles/Group_CubeMX.dir/C_/work/edge_impulse/st/example-csolution-stm32/STM32CubeMX/Nucleo_STM32F4466/STM32CubeMX/Src/main.c.obj
 .debug_macro   0x0001f333       0x58 CMakeFiles/Group_CubeMX.dir/C_/work/edge_impulse/st/example-csolution-stm32/STM32CubeMX/Nucleo_STM32F4466/STM32CubeMX/Src/main.c.obj
 .debug_macro   0x0001f38b      0x1e2 CMakeFiles/Group_CubeMX.dir/C_/work/edge_impulse/st/example-csolution-stm32/STM32CubeMX/Nucleo_STM32F4466/STM32CubeMX/Src/stm32f4xx_it.c.obj
 .debug_macro   0x0001f56d      0x1d8 CMakeFiles/Group_CubeMX.dir/C_/work/edge_impulse/st/example-csolution-stm32/STM32CubeMX/Nucleo_STM32F4466/STM32CubeMX/Src/stm32f4xx_hal_msp.c.obj
 .debug_macro   0x0001f745      0x1c9 CMakeFiles/Group_CubeMX.dir/C_/work/edge_impulse/st/example-csolution-stm32/STM32CubeMX/Nucleo_STM32F4466/STM32CubeMX/Src/system_stm32f4xx.c.obj
 .debug_macro   0x0001f90e      0x1ca CMakeFiles/Group_STM32_HAL_Driver.dir/C_/work/edge_impulse/st/example-csolution-stm32/STM32CubeMX/Nucleo_STM32F4466/STM32CubeMX/Drivers/STM32F4xx_HAL_Driver/Src/stm32f4xx_hal_uart.c.obj
 .debug_macro   0x0001fad8      0x1ed CMakeFiles/Group_STM32_HAL_Driver.dir/C_/work/edge_impulse/st/example-csolution-stm32/STM32CubeMX/Nucleo_STM32F4466/STM32CubeMX/Drivers/STM32F4xx_HAL_Driver/Src/stm32f4xx_hal_rcc.c.obj
 .debug_macro   0x0001fcc5      0x1c9 CMakeFiles/Group_STM32_HAL_Driver.dir/C_/work/edge_impulse/st/example-csolution-stm32/STM32CubeMX/Nucleo_STM32F4466/STM32CubeMX/Drivers/STM32F4xx_HAL_Driver/Src/stm32f4xx_hal_rcc_ex.c.obj
 .debug_macro   0x0001fe8e      0x1cf CMakeFiles/Group_STM32_HAL_Driver.dir/C_/work/edge_impulse/st/example-csolution-stm32/STM32CubeMX/Nucleo_STM32F4466/STM32CubeMX/Drivers/STM32F4xx_HAL_Driver/Src/stm32f4xx_hal_gpio.c.obj
 .debug_macro   0x0002005d      0x1c9 CMakeFiles/Group_STM32_HAL_Driver.dir/C_/work/edge_impulse/st/example-csolution-stm32/STM32CubeMX/Nucleo_STM32F4466/STM32CubeMX/Drivers/STM32F4xx_HAL_Driver/Src/stm32f4xx_hal_cortex.c.obj
 .debug_macro   0x00020226      0x229 CMakeFiles/Group_STM32_HAL_Driver.dir/C_/work/edge_impulse/st/example-csolution-stm32/STM32CubeMX/Nucleo_STM32F4466/STM32CubeMX/Drivers/STM32F4xx_HAL_Driver/Src/stm32f4xx_hal.c.obj

.comment        0x00000000       0x45
 .comment       0x00000000       0x45 CMakeFiles/Group_CubeMX.dir/C_/work/edge_impulse/st/example-csolution-stm32/STM32CubeMX/Nucleo_STM32F4466/STM32CubeMX/Src/main.c.obj
                                 0x46 (size before relaxing)
 .comment       0x00000045       0x46 CMakeFiles/Group_CubeMX.dir/C_/work/edge_impulse/st/example-csolution-stm32/STM32CubeMX/Nucleo_STM32F4466/STM32CubeMX/Src/stm32f4xx_it.c.obj
 .comment       0x00000045       0x46 CMakeFiles/Group_CubeMX.dir/C_/work/edge_impulse/st/example-csolution-stm32/STM32CubeMX/Nucleo_STM32F4466/STM32CubeMX/Src/stm32f4xx_hal_msp.c.obj
 .comment       0x00000045       0x46 CMakeFiles/Group_CubeMX.dir/C_/work/edge_impulse/st/example-csolution-stm32/STM32CubeMX/Nucleo_STM32F4466/STM32CubeMX/Src/system_stm32f4xx.c.obj
 .comment       0x00000045       0x46 CMakeFiles/Group_STM32_HAL_Driver.dir/C_/work/edge_impulse/st/example-csolution-stm32/STM32CubeMX/Nucleo_STM32F4466/STM32CubeMX/Drivers/STM32F4xx_HAL_Driver/Src/stm32f4xx_hal_uart.c.obj
 .comment       0x00000045       0x46 CMakeFiles/Group_STM32_HAL_Driver.dir/C_/work/edge_impulse/st/example-csolution-stm32/STM32CubeMX/Nucleo_STM32F4466/STM32CubeMX/Drivers/STM32F4xx_HAL_Driver/Src/stm32f4xx_hal_rcc.c.obj
 .comment       0x00000045       0x46 CMakeFiles/Group_STM32_HAL_Driver.dir/C_/work/edge_impulse/st/example-csolution-stm32/STM32CubeMX/Nucleo_STM32F4466/STM32CubeMX/Drivers/STM32F4xx_HAL_Driver/Src/stm32f4xx_hal_rcc_ex.c.obj
 .comment       0x00000045       0x46 CMakeFiles/Group_STM32_HAL_Driver.dir/C_/work/edge_impulse/st/example-csolution-stm32/STM32CubeMX/Nucleo_STM32F4466/STM32CubeMX/Drivers/STM32F4xx_HAL_Driver/Src/stm32f4xx_hal_gpio.c.obj
 .comment       0x00000045       0x46 CMakeFiles/Group_STM32_HAL_Driver.dir/C_/work/edge_impulse/st/example-csolution-stm32/STM32CubeMX/Nucleo_STM32F4466/STM32CubeMX/Drivers/STM32F4xx_HAL_Driver/Src/stm32f4xx_hal_cortex.c.obj
 .comment       0x00000045       0x46 CMakeFiles/Group_STM32_HAL_Driver.dir/C_/work/edge_impulse/st/example-csolution-stm32/STM32CubeMX/Nucleo_STM32F4466/STM32CubeMX/Drivers/STM32F4xx_HAL_Driver/Src/stm32f4xx_hal.c.obj

.debug_frame    0x00000000     0x11f4
 .debug_frame   0x00000000       0x88 CMakeFiles/Group_CubeMX.dir/C_/work/edge_impulse/st/example-csolution-stm32/STM32CubeMX/Nucleo_STM32F4466/STM32CubeMX/Src/main.c.obj
 .debug_frame   0x00000088       0xa8 CMakeFiles/Group_CubeMX.dir/C_/work/edge_impulse/st/example-csolution-stm32/STM32CubeMX/Nucleo_STM32F4466/STM32CubeMX/Src/stm32f4xx_it.c.obj
 .debug_frame   0x00000130       0x64 CMakeFiles/Group_CubeMX.dir/C_/work/edge_impulse/st/example-csolution-stm32/STM32CubeMX/Nucleo_STM32F4466/STM32CubeMX/Src/stm32f4xx_hal_msp.c.obj
 .debug_frame   0x00000194       0x38 CMakeFiles/Group_CubeMX.dir/C_/work/edge_impulse/st/example-csolution-stm32/STM32CubeMX/Nucleo_STM32F4466/STM32CubeMX/Src/system_stm32f4xx.c.obj
 .debug_frame   0x000001cc      0x690 CMakeFiles/Group_STM32_HAL_Driver.dir/C_/work/edge_impulse/st/example-csolution-stm32/STM32CubeMX/Nucleo_STM32F4466/STM32CubeMX/Drivers/STM32F4xx_HAL_Driver/Src/stm32f4xx_hal_uart.c.obj
 .debug_frame   0x0000085c      0x15c CMakeFiles/Group_STM32_HAL_Driver.dir/C_/work/edge_impulse/st/example-csolution-stm32/STM32CubeMX/Nucleo_STM32F4466/STM32CubeMX/Drivers/STM32F4xx_HAL_Driver/Src/stm32f4xx_hal_rcc.c.obj
 .debug_frame   0x000009b8      0x16c CMakeFiles/Group_STM32_HAL_Driver.dir/C_/work/edge_impulse/st/example-csolution-stm32/STM32CubeMX/Nucleo_STM32F4466/STM32CubeMX/Drivers/STM32F4xx_HAL_Driver/Src/stm32f4xx_hal_rcc_ex.c.obj
 .debug_frame   0x00000b24       0xd4 CMakeFiles/Group_STM32_HAL_Driver.dir/C_/work/edge_impulse/st/example-csolution-stm32/STM32CubeMX/Nucleo_STM32F4466/STM32CubeMX/Drivers/STM32F4xx_HAL_Driver/Src/stm32f4xx_hal_gpio.c.obj
 .debug_frame   0x00000bf8      0x35c CMakeFiles/Group_STM32_HAL_Driver.dir/C_/work/edge_impulse/st/example-csolution-stm32/STM32CubeMX/Nucleo_STM32F4466/STM32CubeMX/Drivers/STM32F4xx_HAL_Driver/Src/stm32f4xx_hal_cortex.c.obj
 .debug_frame   0x00000f54      0x1f4 CMakeFiles/Group_STM32_HAL_Driver.dir/C_/work/edge_impulse/st/example-csolution-stm32/STM32CubeMX/Nucleo_STM32F4466/STM32CubeMX/Drivers/STM32F4xx_HAL_Driver/Src/stm32f4xx_hal.c.obj
 .debug_frame   0x00001148       0x2c c:/Users/franc/.vcpkg/artifacts/2139c4c6/compilers.arm.arm.none.eabi.gcc/13.3.1/bin/../lib/gcc/arm-none-eabi/13.3.1/thumb/v7e-m+fp/hard\libgcc.a(_aeabi_uldivmod.o)
 .debug_frame   0x00001174       0x34 c:/Users/franc/.vcpkg/artifacts/2139c4c6/compilers.arm.arm.none.eabi.gcc/13.3.1/bin/../lib/gcc/arm-none-eabi/13.3.1/thumb/v7e-m+fp/hard\libgcc.a(_udivmoddi4.o)
 .debug_frame   0x000011a8       0x20 c:/Users/franc/.vcpkg/artifacts/2139c4c6/compilers.arm.arm.none.eabi.gcc/13.3.1/bin/../lib/gcc/arm-none-eabi/13.3.1/thumb/v7e-m+fp/hard\libc_nano.a(libc_a-memset.o)
 .debug_frame   0x000011c8       0x2c c:/Users/franc/.vcpkg/artifacts/2139c4c6/compilers.arm.arm.none.eabi.gcc/13.3.1/bin/../lib/gcc/arm-none-eabi/13.3.1/thumb/v7e-m+fp/hard\libc_nano.a(libc_a-init.o)
